
 num     #instances         #bytes  class name
----------------------------------------------
   1:       1115389       35692448  java.util.HashMap$Node
   2:        104841       15081232  [Ljava.util.HashMap$Node;
   3:        119875        8121224  [C
   4:        144434        7993376  [Ljava.lang.Object;
   5:         69551        6120488  io.vertx.core.eventbus.impl.HandlerRegistration
   6:         69559        5008248  io.netty.channel.DefaultChannelHandlerContext
   7:        247290        3956640  java.lang.Object
   8:         34775        3894800  sun.nio.ch.SocketChannelImpl
   9:         34775        3616600  io.netty.channel.socket.nio.NioSocketChannel
  10:         70992        3613760  [B
  11:        108749        3479968  java.util.concurrent.ConcurrentHashMap$Node
  12:         70359        3377232  java.util.HashMap
  13:        139109        3338616  java.net.InetSocketAddress$InetSocketAddressHolder
  14:         34775        3338400  io.vertx.core.net.impl.NetSocketImpl
  15:        118901        2853624  java.lang.String
  16:         34775        2782000  io.netty.handler.timeout.IdleStateHandler
  17:         34780        2504160  io.netty.channel.DefaultChannelPipeline$HeadContext
  18:         34780        2504160  io.netty.channel.DefaultChannelPipeline$TailContext
  19:         34798        2358432  [Ljava.nio.channels.SelectionKey;
  20:         69669        2229408  java.util.concurrent.locks.ReentrantLock$NonfairSync
  21:         69591        2226912  java.net.InetAddress$InetAddressHolder
  22:         34780        2225920  io.netty.channel.ChannelOutboundBuffer
  23:        139109        2225744  java.net.InetSocketAddress
  24:         69554        2225728  io.vertx.core.impl.FutureImpl
  25:         69551        2225632  io.vertx.core.eventbus.impl.HandlerHolder
  26:         34775        2225600  io.netty.channel.socket.nio.NioSocketChannel$NioSocketChannelConfig
  27:         34902        1954512  java.util.LinkedHashMap
  28:         34776        1947456  io.netty.util.concurrent.ScheduledFutureTask
  29:         34775        1947400  io.github.giovibal.mqtt.MQTTNetSocket
  30:         69651        1671624  java.util.concurrent.CopyOnWriteArrayList
  31:         69573        1669752  java.net.Inet4Address
  32:         34786        1669728  java.nio.HeapByteBuffer
  33:         69569        1669656  java.util.ArrayDeque
  34:         34780        1669440  io.netty.channel.DefaultChannelPipeline
  35:         69560        1669440  io.netty.channel.VoidChannelPromise
  36:         69551        1669224  io.vertx.core.eventbus.impl.EventBusImpl$HandlerEntry
  37:         69551        1669224  io.vertx.core.eventbus.impl.Handlers
  38:         34775        1669200  io.github.giovibal.mqtt.MQTTPacketTokenizer
  39:            68        1617184  [Ljava.util.concurrent.ConcurrentHashMap$Node;
  40:         36265        1450600  java.util.LinkedHashMap$Entry
  41:         34780        1391200  io.netty.channel.AbstractChannel$CloseFuture
  42:         34780        1391200  sun.nio.ch.SelectionKeyImpl
  43:         34775        1391000  io.netty.channel.socket.nio.NioSocketChannel$NioSocketChannelUnsafe
  44:         34775        1391000  sun.nio.ch.SocketAdaptor
  45:         69669        1114704  java.util.concurrent.locks.ReentrantLock
  46:         69634        1114144  java.util.concurrent.atomic.AtomicInteger
  47:         34795        1113440  java.io.FileDescriptor
  48:         34780        1112960  io.netty.channel.DefaultChannelId
  49:         34779        1112928  io.netty.channel.AdaptiveRecvByteBufAllocator
  50:         34775        1112800  io.vertx.core.net.impl.NetServerImpl$ServerHandler
  51:         34780         834720  io.netty.channel.SucceededChannelFuture
  52:         34775         834600  io.netty.handler.timeout.IdleStateHandler$AllIdleTimeoutTask
  53:         34775         834600  io.netty.util.concurrent.PromiseTask$RunnableAdapter
  54:         35273         564368  java.lang.Integer
  55:         34807         556912  java.util.LinkedHashSet
  56:         34780         556480  io.netty.channel.nio.AbstractNioChannel$1
  57:         34776         556416  io.github.giovibal.mqtt.parser.ConnAckEncoder
  58:         34776         556416  io.github.giovibal.mqtt.parser.ConnectEncoder
  59:         34776         556416  io.github.giovibal.mqtt.parser.DisconnectEncoder
  60:         34776         556416  io.github.giovibal.mqtt.parser.MQTTEncoder
  61:         34776         556416  io.github.giovibal.mqtt.parser.PingReqEncoder
  62:         34776         556416  io.github.giovibal.mqtt.parser.PingRespEncoder
  63:         34776         556416  io.github.giovibal.mqtt.parser.PubAckEncoder
  64:         34776         556416  io.github.giovibal.mqtt.parser.PubCompEncoder
  65:         34776         556416  io.github.giovibal.mqtt.parser.PubRecEncoder
  66:         34776         556416  io.github.giovibal.mqtt.parser.PubRelEncoder
  67:         34776         556416  io.github.giovibal.mqtt.parser.PublishEncoder
  68:         34776         556416  io.github.giovibal.mqtt.parser.SubAckEncoder
  69:         34776         556416  io.github.giovibal.mqtt.parser.SubscribeEncoder
  70:         34776         556416  io.github.giovibal.mqtt.parser.UnsubAckEncoder
  71:         34776         556416  io.github.giovibal.mqtt.parser.UnsubscribeEncoder
  72:         34775         556400  io.github.giovibal.mqtt.MQTTNetSocket$$Lambda$49/1697981574
  73:         34775         556400  io.github.giovibal.mqtt.MQTTNetSocket$$Lambda$50/1689785694
  74:         34775         556400  io.github.giovibal.mqtt.MQTTNetSocket$$Lambda$51/757622678
  75:         34775         556400  io.github.giovibal.mqtt.parser.ConnAckDecoder
  76:         34775         556400  io.github.giovibal.mqtt.parser.ConnectDecoder
  77:         34775         556400  io.github.giovibal.mqtt.parser.DisconnectDecoder
  78:         34775         556400  io.github.giovibal.mqtt.parser.MQTTDecoder
  79:         34775         556400  io.github.giovibal.mqtt.parser.PingReqDecoder
  80:         34775         556400  io.github.giovibal.mqtt.parser.PingRespDecoder
  81:         34775         556400  io.github.giovibal.mqtt.parser.PubAckDecoder
  82:         34775         556400  io.github.giovibal.mqtt.parser.PubCompDecoder
  83:         34775         556400  io.github.giovibal.mqtt.parser.PubRecDecoder
  84:         34775         556400  io.github.giovibal.mqtt.parser.PubRelDecoder
  85:         34775         556400  io.github.giovibal.mqtt.parser.PublishDecoder
  86:         34775         556400  io.github.giovibal.mqtt.parser.SubAckDecoder
  87:         34775         556400  io.github.giovibal.mqtt.parser.SubscribeDecoder
  88:         34775         556400  io.github.giovibal.mqtt.parser.UnsubAckDecoder
  89:         34775         556400  io.github.giovibal.mqtt.parser.UnsubscribeDecoder
  90:         34775         556400  io.netty.handler.timeout.IdleStateHandler$1
  91:         34775         556400  io.vertx.core.net.impl.NetSocketImpl$$Lambda$47/1230589605
  92:          4103         458648  java.lang.Class
  93:          2436         340000  [I
  94:           691          60808  java.lang.reflect.Method
  95:          1434          57360  java.util.TreeMap$Entry
  96:           865          55360  io.netty.buffer.PoolSubpage
  97:            78          51168  io.netty.util.internal.shaded.org.jctools.queues.MpscArrayQueue
  98:          1497          35928  java.lang.Long
  99:          1051          33632  java.io.ObjectStreamClass$WeakClassKey
 100:           690          27600  java.lang.ref.SoftReference
 101:           850          27200  java.util.Hashtable$Entry
 102:           322          25760  java.lang.reflect.Constructor
 103:           616          25352  [Ljava.lang.String;
 104:             7          24688  [Ljava.nio.ByteBuffer;
 105:           914          22504  [Ljava.lang.Class;
 106:           424          20352  java.util.TreeMap
 107:           195          20280  java.io.ObjectStreamClass
 108:           328          18368  java.lang.invoke.MemberName
 109:           437          17480  java.math.BigInteger
 110:           130          14840  [Ljava.util.Hashtable$Entry;
 111:            49          12432  [Lio.netty.buffer.PoolSubpage;
 112:            78          12160  [J
 113:           213          11928  sun.security.ssl.CipherSuite
 114:           298          11920  java.lang.invoke.MethodType
 115:           196          10976  java.security.Provider$Service
 116:            19          10944  io.netty.util.internal.shaded.org.jctools.queues.MpscChunkedArrayQueue
 117:           341          10912  sun.misc.FDBigInteger
 118:           410           9840  java.security.Provider$ServiceKey
 119:           174           9744  sun.security.util.MemoryCache$SoftCacheEntry
 120:           298           9536  java.lang.invoke.MethodType$ConcurrentWeakInternSet$WeakEntry
 121:           394           9456  java.lang.StringBuilder
 122:           390           9360  java.util.ArrayList
 123:           388           9312  javax.management.openmbean.CompositeDataSupport
 124:           183           8784  java.util.logging.LogManager$LoggerWeakRef
 125:           144           8640  [Ljava.lang.ref.SoftReference;
 126:           251           8032  java.lang.invoke.LambdaForm$Name
 127:            21           7896  java.lang.Thread
 128:            99           7856  [S
 129:           242           7744  java.util.TreeMap$KeyIterator
 130:           184           7360  java.util.WeakHashMap$Entry
 131:           110           7040  java.util.concurrent.ConcurrentHashMap
 132:           217           6944  java.util.Vector
 133:           122           6832  java.lang.Package
 134:            94           6768  sun.reflect.DelegatingClassLoader
 135:            90           6480  java.util.logging.Logger
 136:           207           6384  [Ljavax.management.ObjectName$Property;
 137:           397           6352  java.util.TreeMap$KeySet
 138:            86           6192  java.lang.reflect.Field
 139:           192           6144  java.lang.ref.WeakReference
 140:           144           5760  io.netty.buffer.PoolChunkList
 141:           114           5472  java.util.Hashtable
 142:            59           5440  [Ljava.util.WeakHashMap$Entry;
 143:           130           5200  java.io.ObjectStreamField
 144:           216           5184  java.util.Collections$UnmodifiableRandomAccessList
 145:           193           4632  javax.management.ImmutableDescriptor
 146:           114           4560  java.io.ObjectStreamClass$FieldReflectorKey
 147:           189           4536  java.util.Arrays$ArrayList
 148:            80           4480  java.lang.invoke.MethodTypeForm
 149:           112           4480  java.security.ProtectionDomain
 150:           137           4384  java.util.logging.LogManager$LogNode
 151:           133           4256  java.lang.invoke.DirectMethodHandle
 152:           175           4200  java.util.Collections$UnmodifiableCollection$1
 153:            87           4176  java.lang.invoke.LambdaForm
 154:           174           4176  sun.security.util.Cache$EqualByteArray
 155:            92           4168  [Ljava.lang.invoke.LambdaForm$Name;
 156:           130           4160  com.sun.jmx.mbeanserver.ConvertingMethod
 157:           171           4104  javax.management.Attribute
 158:           256           4096  java.lang.Byte
 159:           256           4096  java.lang.Short
 160:           120           3840  io.netty.util.internal.chmv8.LongAdderV8
 161:            92           3680  java.io.ObjectOutputStream$HandleTable
 162:           150           3600  java.io.SerialCallbackContext
 163:           107           3424  java.security.CodeSource
 164:            46           3312  sun.rmi.transport.ConnectionOutputStream
 165:            82           3280  javax.management.ObjectName
 166:            45           3240  sun.rmi.transport.ConnectionInputStream
 167:           101           3232  sun.security.util.ObjectIdentifier
 168:           134           3216  javax.management.ObjectName$Property
 169:            51           3144  [Ljava.io.ObjectInputStream$HandleTable$HandleList;
 170:            98           3136  java.rmi.server.UID
 171:            31           3008  [Ljava.lang.invoke.MethodHandle;
 172:           122           2928  sun.reflect.NativeConstructorAccessorImpl
 173:           120           2880  java.lang.invoke.LambdaForm$NamedFunction
 174:            45           2880  javax.management.openmbean.OpenMBeanAttributeInfoSupport
 175:           115           2760  com.mongodb.internal.connection.ConcurrentLinkedDeque$Node
 176:            51           2664  [Ljavax.management.MBeanAttributeInfo;
 177:            14           2624  [Z
 178:           162           2592  java.util.HashSet
 179:            54           2592  java.util.WeakHashMap
 180:           137           2568  [Lcom.sun.jmx.mbeanserver.MXBeanMapping;
 181:            45           2520  java.io.ObjectInputStream$BlockDataInputStream
 182:            63           2520  java.lang.ref.Finalizer
 183:            78           2496  java.lang.ref.ReferenceQueue
 184:            39           2496  java.net.URL
 185:           103           2472  [[C
 186:            50           2400  javax.management.MBeanInfo
 187:            98           2352  java.security.Provider$UString
 188:            72           2304  io.netty.buffer.PoolThreadCache$SubPageMemoryRegionCache
 189:            48           2304  java.lang.management.MemoryUsage
 190:            69           2208  javax.management.MBeanAttributeInfo
 191:            53           2120  sun.security.ec.NamedCurve
 192:             2           2080  [Lio.netty.util.Recycler$DefaultHandle;
 193:           128           2048  java.lang.Character
 194:           122           1952  sun.reflect.DelegatingConstructorAccessorImpl
 195:            60           1920  java.io.DataOutputStream
 196:            39           1872  sun.util.locale.LocaleObjectCache$CacheEntry
 197:            46           1840  java.io.ObjectOutputStream$BlockDataOutputStream
 198:            75           1800  sun.reflect.generics.tree.SimpleClassTypeSignature
 199:           112           1792  [Ljava.security.Principal;
 200:           112           1792  java.security.ProtectionDomain$Key
 201:            53           1696  java.security.spec.EllipticCurve
 202:             4           1672  [[B
 203:            51           1632  com.mongodb.internal.connection.ConcurrentPool
 204:            12           1632  io.netty.buffer.PoolArena$DirectArena
 205:            12           1632  io.netty.buffer.PoolArena$HeapArena
 206:             4           1632  io.vertx.core.impl.VertxThread
 207:            51           1632  java.io.DataInputStream
 208:            51           1632  java.util.concurrent.Semaphore$FairSync
 209:            68           1632  java.util.jar.Attributes$Name
 210:            67           1608  java.lang.Class$AnnotationData
 211:            49           1568  java.util.AbstractList$Itr
 212:            56           1552  [Ljava.io.ObjectStreamField;
 213:            64           1536  java.io.ObjectStreamClass$ClassDataSlot
 214:            47           1504  sun.rmi.transport.StreamRemoteCall
 215:            47           1504  sun.rmi.transport.Transport$1
 216:            91           1456  sun.rmi.transport.Transport$$Lambda$54/1508417226
 217:            45           1440  java.io.ObjectInputStream$HandleTable
 218:            58           1392  [Ljava.io.ObjectStreamClass$ClassDataSlot;
 219:            75           1384  [Lsun.reflect.generics.tree.TypeArgument;
 220:             1           1376  [Lsun.misc.FDBigInteger;
 221:            42           1344  javax.management.AttributeList
 222:            83           1328  sun.reflect.DelegatingMethodAccessorImpl
 223:             9           1296  io.netty.channel.nio.NioEventLoop
 224:            54           1296  java.security.spec.ECPoint
 225:            55           1288  [Ljava.lang.reflect.Type;
 226:            23           1288  sun.nio.cs.UTF_8$Encoder
 227:            39           1280  [Ljava.math.BigInteger;
 228:            80           1280  java.lang.ref.ReferenceQueue$Lock
 229:            52           1248  com.mongodb.internal.connection.ConcurrentLinkedDeque
 230:            31           1240  java.security.AccessControlContext
 231:            51           1224  java.util.regex.Pattern$Slice
 232:            50           1200  com.mongodb.internal.connection.PowerOfTwoBufferPool$1
 233:            30           1200  java.math.BigDecimal
 234:            75           1200  sun.reflect.generics.tree.ClassTypeSignature
 235:            49           1176  java.rmi.server.ObjID
 236:            48           1152  sun.rmi.transport.ObjectEndpoint
 237:             2           1144  [Lorg.bson.BsonType;
 238:             4           1120  [Ljava.lang.Integer;
 239:            14           1120  [Ljava.lang.ThreadLocal$ThreadLocalMap$Entry;
 240:            46           1104  [Lcom.fasterxml.jackson.databind.JavaType;
 241:            46           1104  java.io.ObjectOutputStream$ReplaceTable
 242:            45           1080  java.io.ObjectInputStream$PeekInputStream
 243:            22           1056  com.fasterxml.jackson.databind.type.SimpleType
 244:             1           1040  [Ljava.lang.Byte;
 245:             1           1040  [Ljava.lang.Long;
 246:             1           1040  [Ljava.lang.Short;
 247:            40           1024  [Ljavax.management.MBeanOperationInfo;
 248:            32           1024  java.lang.ThreadLocal$ThreadLocalMap$Entry
 249:            15            960  java.nio.DirectByteBuffer
 250:            30            960  java.security.Provider$EngineDescription
 251:            60            960  java.util.concurrent.Semaphore
 252:            38            912  io.netty.util.internal.logging.JdkLogger
 253:            57            912  java.util.HashMap$Values
 254:            28            896  io.netty.channel.ChannelOption
 255:             8            896  java.net.SocksSocketImpl
 256:            12            864  com.fasterxml.jackson.databind.introspect.AnnotatedClass
 257:            27            864  com.fasterxml.jackson.databind.type.TypeBindings
 258:            27            864  java.lang.invoke.DirectMethodHandle$Special
 259:            15            840  javax.management.openmbean.ArrayType
 260:            15            840  javax.management.openmbean.CompositeType
 261:            13            832  java.util.jar.JarFile
 262:            20            800  com.sun.jmx.mbeanserver.MXBeanSupport
 263:            20            800  javax.management.MBeanOperationInfo
 264:            11            792  java.util.regex.Pattern
 265:            11            784  [Ljava.lang.reflect.Method;
 266:            14            784  com.fasterxml.jackson.databind.type.MapType
 267:            24            768  com.fasterxml.jackson.databind.DeserializationFeature
 268:            16            768  com.fasterxml.jackson.databind.util.ClassUtil$ClassMetadata
 269:            32            768  com.sun.jmx.mbeanserver.DefaultMXBeanMappingFactory$IdentityMapping
 270:            16            768  sun.misc.URLClassPath$JarLoader
 271:            24            768  sun.security.x509.OIDMap$OIDInfo
 272:            19            760  sun.util.locale.BaseLocale$Key
 273:            34            744  [Lsun.reflect.generics.tree.FieldTypeSignature;
 274:            23            736  com.fasterxml.jackson.databind.SerializationFeature
 275:            46            736  com.fasterxml.jackson.databind.introspect.AnnotationMap
 276:            23            736  sun.management.MappedMXBeanType$BasicMXBeanType
 277:            46            736  sun.rmi.server.MarshalOutputStream$1
 278:            30            720  java.io.ExpiringCache$Entry
 279:            45            720  java.io.ObjectInputStream$ValidationList
 280:            15            720  java.lang.management.PlatformComponent
 281:             5            720  java.text.DecimalFormat
 282:            18            720  sun.management.DiagnosticCommandArgumentInfo
 283:            43            688  java.util.Collections$UnmodifiableSet
 284:            21            672  com.fasterxml.jackson.databind.MapperFeature
 285:            21            672  com.sun.jmx.mbeanserver.WeakIdentityHashMap$IdentityWeakReference
 286:            21            672  java.util.LinkedList
 287:            12            672  java.util.ResourceBundle$CacheKey
 288:             7            672  java.util.jar.JarFile$JarFileEntry
 289:            14            672  javax.management.Notification
 290:            28            672  javax.management.openmbean.TabularDataSupport
 291:            12            672  sun.security.ssl.CipherSuite$BulkCipher
 292:             9            648  sun.nio.ch.EPollArrayWrapper
 293:             9            648  sun.nio.ch.EPollSelectorImpl
 294:            16            640  java.io.ObjectStreamClass$FieldReflector
 295:            40            640  java.util.TreeMap$EntrySet
 296:            20            640  java.util.regex.Pattern$Curly
 297:             3            624  [Ljava.lang.invoke.LambdaForm;
 298:            13            624  com.fasterxml.jackson.core.JsonToken
 299:            26            624  java.security.spec.ECFieldF2m
 300:            39            624  java.util.jar.Attributes
 301:            13            624  sun.management.DiagnosticCommandInfo
 302:            19            608  java.util.Locale
 303:            19            608  javax.management.MBeanParameterInfo
 304:            19            608  sun.reflect.generics.reflectiveObjects.TypeVariableImpl
 305:            19            608  sun.util.locale.BaseLocale
 306:            12            576  java.util.ResourceBundle$BundleReference
 307:            12            576  java.util.WeakHashMap$KeyIterator
 308:            24            576  sun.management.MemoryUsageCompositeData
 309:            24            576  sun.reflect.generics.factory.CoreReflectionFactory
 310:            24            576  sun.reflect.generics.reflectiveObjects.ParameterizedTypeImpl
 311:            24            560  [Ljava.lang.reflect.TypeVariable;
 312:            10            560  com.fasterxml.jackson.databind.type.CollectionType
 313:            14            560  java.util.IdentityHashMap
 314:             2            560  java.util.concurrent.ConcurrentHashMap$CounterCell
 315:            14            560  javax.management.openmbean.SimpleType
 316:            10            560  sun.invoke.util.Wrapper
 317:             4            552  [D
 318:            23            552  com.sun.jmx.mbeanserver.NamedObject
 319:            23            552  com.sun.jmx.mbeanserver.PerInterface$MethodAndSig
 320:            23            552  java.util.concurrent.atomic.AtomicLong
 321:            17            544  java.net.Inet6Address
 322:            17            544  java.net.Inet6Address$Inet6AddressHolder
 323:            17            544  java.util.concurrent.locks.AbstractQueuedSynchronizer$Node
 324:            17            544  sun.reflect.generics.repository.ClassRepository
 325:             1            528  [Ljava.lang.Character;
 326:             1            528  [Ljava.util.TimerTask;
 327:            10            520  [Ljava.util.regex.Pattern$Node;
 328:            13            520  com.sun.jmx.mbeanserver.PerInterface
 329:            13            520  java.lang.invoke.MethodHandleImpl$IntrinsicMethodHandle
 330:             6            512  [Ljava.lang.Thread;
 331:            25            512  [Lsun.reflect.generics.tree.FormalTypeParameter;
 332:            16            512  io.netty.util.concurrent.DefaultPromise
 333:            16            512  java.lang.invoke.BoundMethodHandle$Species_L
 334:            16            512  sun.security.ssl.CipherSuite$KeyExchange
 335:            21            504  org.bson.BsonType
 336:            20            480  [Ljavax.management.MBeanParameterInfo;
 337:            12            480  java.lang.reflect.InvocationTargetException
 338:            15            480  java.util.zip.ZipCoder
 339:            29            464  java.util.concurrent.atomic.AtomicBoolean
 340:             6            456  [Lsun.invoke.util.Wrapper;
 341:            19            456  java.util.Locale$LocaleKey
 342:            19            456  sun.reflect.generics.tree.FormalTypeParameter
 343:             4            448  java.util.GregorianCalendar
 344:             8            448  javax.management.openmbean.OpenMBeanParameterInfoSupport
 345:            14            448  sun.security.ssl.SignatureAndHashAlgorithm
 346:             8            448  sun.util.calendar.ZoneInfo
 347:             1            432  [[[C
 348:             9            432  com.fasterxml.jackson.databind.introspect.BasicBeanDescription
 349:            27            432  java.security.spec.ECFieldFp
 350:            18            432  java.text.DateFormat$Field
 351:             9            432  java.util.concurrent.ThreadPoolExecutor$Worker
 352:             9            432  java.util.zip.Inflater
 353:            18            432  sun.reflect.generics.scope.ClassScope
 354:             6            416  [Lio.netty.buffer.PoolThreadCache$MemoryRegionCache;
 355:            13            416  com.fasterxml.jackson.databind.introspect.AnnotatedConstructor
 356:            13            416  java.lang.invoke.SimpleMethodHandle
 357:            13            416  sun.management.DiagnosticCommandImpl$Wrapper
 358:             3            408  io.netty.util.internal.InternalThreadLocalMap
 359:            17            408  java.util.concurrent.locks.AbstractQueuedSynchronizer$ConditionObject
 360:            17            408  sun.reflect.generics.tree.ClassSignature
 361:            10            400  java.lang.invoke.DirectMethodHandle$Accessor
 362:            10            400  sun.nio.cs.UTF_8$Decoder
 363:             1            384  io.netty.util.concurrent.FastThreadLocalThread
 364:             1            384  java.lang.ref.Finalizer$FinalizerThread
 365:            24            384  java.util.Collections$UnmodifiableMap$UnmodifiableEntrySet$UnmodifiableEntry
 366:            12            384  java.util.ResourceBundle$LoaderReference
 367:             1            384  java.util.TimerThread
 368:             1            384  java.util.logging.LogManager$Cleaner
 369:            16            384  sun.nio.ch.OptionKey
 370:            16            384  sun.nio.ch.SocketOptionRegistry$RegistryKey
 371:             4            384  sun.util.calendar.Gregorian$Date
 372:            17            376  [Lsun.reflect.generics.tree.ClassTypeSignature;
 373:             1            376  java.lang.ref.Reference$ReferenceHandler
 374:            17            368  [Ljavax.management.MBeanNotificationInfo;
 375:             5            360  io.vertx.core.impl.EventLoopContext
 376:            15            360  java.lang.invoke.Invokers
 377:            15            360  java.util.BitSet
 378:            15            360  java.util.regex.Pattern$Ctype
 379:            15            360  javax.management.StandardMBean
 380:            15            360  sun.reflect.annotation.AnnotationInvocationHandler
 381:            14            352  [Lcom.fasterxml.jackson.databind.introspect.AnnotationMap;
 382:            11            352  com.fasterxml.jackson.core.JsonParser$Feature
 383:            22            352  io.vertx.core.logging.JULLogDelegate
 384:            22            352  io.vertx.core.logging.Logger
 385:             7            336  com.sun.jmx.mbeanserver.DefaultMXBeanMappingFactory$CompositeMapping
 386:            14            336  com.sun.jmx.remote.internal.ArrayNotificationBuffer$NamedNotification
 387:            14            336  com.sun.jmx.remote.util.ClassLogger
 388:            14            336  java.lang.RuntimePermission
 389:            14            336  java.lang.ThreadLocal$ThreadLocalMap
 390:            14            336  java.lang.invoke.LambdaFormEditor$Transform$Kind
 391:             6            336  java.nio.DirectLongBufferU
 392:            14            336  java.util.regex.Pattern$GroupTail
 393:            14            336  org.bson.codecs.configuration.ChildCodecRegistry
 394:             6            336  sun.management.MemoryPoolImpl
 395:            16            328  [Ljava.lang.management.PlatformComponent;
 396:            10            320  com.fasterxml.jackson.core.JsonGenerator$Feature
 397:            10            320  io.vertx.core.impl.OrderedExecutorFactory$OrderedExecutor
 398:             5            320  io.vertx.core.net.impl.SSLHelper
 399:            10            320  java.io.File
 400:            10            320  java.lang.OutOfMemoryError
 401:             5            320  java.text.DecimalFormatSymbols
 402:            10            320  java.util.concurrent.CountDownLatch$Sync
 403:            10            320  java.util.regex.Pattern$Branch
 404:            20            320  sun.reflect.BootstrapConstructorAccessorImpl
 405:            20            320  sun.reflect.generics.tree.TypeVariableSignature
 406:             8            320  sun.rmi.transport.tcp.TCPEndpoint
 407:             8            320  sun.security.ssl.SignatureAndHashAlgorithm$HashAlgorithm
 408:             3            312  io.netty.channel.socket.nio.NioServerSocketChannel
 409:            13            312  java.util.regex.Pattern$GroupHead
 410:            13            296  [Lsun.management.DiagnosticCommandArgumentInfo;
 411:             2            288  [Lcom.fasterxml.jackson.core.sym.CharsToNameCanonicalizer$Bucket;
 412:             9            288  com.mongodb.WriteConcern
 413:             3            288  com.mongodb.connection.ServerDescription
 414:             9            288  io.netty.channel.nio.SelectedSelectionKeySet
 415:             9            288  java.security.Permissions
 416:            12            288  java.util.Collections$SingletonList
 417:             9            288  java.util.concurrent.Semaphore$NonfairSync
 418:             4            288  java.util.concurrent.ThreadPoolExecutor
 419:             9            288  java.util.logging.Level
 420:             9            288  jdk.internal.org.objectweb.asm.Type
 421:             9            288  sun.nio.ch.AllocatedNativeObject
 422:             3            288  sun.nio.ch.ServerSocketChannelImpl
 423:             9            288  sun.security.jca.ProviderConfig
 424:             6            288  sun.util.locale.provider.LocaleResources$ResourceReference
 425:             5            280  java.lang.Class$ReflectionData
 426:             7            280  sun.misc.Cleaner
 427:            17            272  java.util.LinkedHashMap$LinkedEntrySet
 428:            11            264  java.net.StandardSocketOptions$StdSocketOption
 429:             8            256  com.fasterxml.jackson.databind.util.ClassUtil$Ctor
 430:             2            256  io.vertx.core.http.HttpServerOptions
 431:            16            256  java.lang.ThreadLocal
 432:             4            256  java.security.SecureRandom
 433:             4            256  java.text.DateFormatSymbols
 434:             4            256  java.text.SimpleDateFormat
 435:             8            256  java.util.Collections$UnmodifiableMap
 436:            16            256  java.util.concurrent.atomic.AtomicReference
 437:             8            256  javax.management.MBeanNotificationInfo
 438:             8            256  sun.misc.ProxyGenerator$PrimitiveTypeInfo
 439:             2            256  sun.nio.ch.DatagramChannelImpl
 440:             8            256  sun.reflect.generics.tree.MethodTypeSignature
 441:             8            248  [Ljava.lang.invoke.LambdaForm$BasicType;
 442:             6            240  [Ljava.lang.invoke.BoundMethodHandle$SpeciesData;
 443:            14            240  [Ljavax.management.MBeanConstructorInfo;
 444:             3            240  com.fasterxml.jackson.databind.deser.std.StdValueInstantiator
 445:            10            240  java.security.CryptoPrimitive
 446:             6            240  java.util.EnumMap
 447:             6            240  java.util.HashMap$KeyIterator
 448:             5            240  java.util.Properties
 449:            10            240  java.util.regex.Pattern$Start
 450:             6            240  sun.management.MemoryPoolImpl$CollectionSensor
 451:             6            240  sun.management.MemoryPoolImpl$PoolSensor
 452:             6            240  sun.reflect.generics.repository.MethodRepository
 453:            10            240  sun.rmi.runtime.Log$LoggerLog
 454:            11            232  [Ljava.lang.StackTraceElement;
 455:            10            232  [Ljava.security.ProtectionDomain;
 456:             2            224  [Lcom.fasterxml.jackson.databind.DeserializationFeature;
 457:             2            224  [Lcom.fasterxml.jackson.databind.SerializationFeature;
 458:             7            224  java.io.FileInputStream
 459:             7            224  java.lang.StackTraceElement
 460:             7            224  java.lang.UnsupportedOperationException
 461:             7            224  java.lang.reflect.Proxy$Key1
 462:             7            224  java.lang.reflect.WeakCache$CacheValue
 463:             7            224  java.nio.DirectByteBuffer$Deallocator
 464:             7            224  java.util.ArrayList$Itr
 465:             7            224  java.util.Collections$SynchronizedMap
 466:            14            224  java.util.LinkedHashMap$LinkedKeySet
 467:             7            224  java.util.concurrent.SynchronousQueue$TransferStack$SNode
 468:             9            216  com.fasterxml.jackson.annotation.JsonFormat$Shape
 469:             9            216  java.util.logging.Level$KnownLevel
 470:             9            216  java.util.regex.Pattern$BitClass
 471:             9            216  java.util.zip.ZStreamRef
 472:             9            216  org.bson.AbstractBsonReader$State
 473:             9            216  org.bson.BsonElement
 474:             9            216  sun.reflect.NativeMethodAccessorImpl
 475:             9            216  sun.util.logging.PlatformLogger$Level
 476:             2            208  [Lcom.fasterxml.jackson.databind.MapperFeature;
 477:            13            208  [Ljava.lang.annotation.Annotation;
 478:             7            208  [Ljava.lang.invoke.LambdaForm$NamedFunction;
 479:             2            208  io.netty.channel.socket.nio.NioDatagramChannel
 480:             2            208  io.netty.util.internal.ThreadLocalRandom
 481:             2            208  io.vertx.core.http.impl.HttpServerImpl
 482:             2            208  io.vertx.core.net.NetClientOptions
 483:            13            208  org.bson.codecs.configuration.Optional$Some
 484:             2            200  [Ljava.text.DateFormat$Field;
 485:             5            200  io.netty.channel.nio.AbstractNioMessageChannel$NioMessageUnsafe
 486:             5            200  java.lang.ClassLoader$NativeLibrary
 487:             5            200  java.lang.invoke.BoundMethodHandle$SpeciesData
 488:             5            200  java.text.DigitList
 489:             5            200  java.util.stream.StreamOpFlag
 490:             8            192  com.fasterxml.jackson.databind.util.LRUMap
 491:             8            192  com.mongodb.connection.ByteBufferBsonOutput$BufferPositionPair
 492:             8            192  com.mongodb.connection.RequestMessage$OpCode
 493:             8            192  com.sun.jmx.interceptor.DefaultMBeanServerInterceptor$ListenerWrapper
 494:             6            192  io.netty.buffer.PoolThreadCache$NormalMemoryRegionCache
 495:             3            192  io.netty.channel.socket.nio.NioServerSocketChannel$NioServerSocketChannelConfig
 496:             6            192  java.lang.invoke.LambdaForm$BasicType
 497:             8            192  java.lang.invoke.MethodHandleImpl$Intrinsic
 498:             8            192  java.lang.management.ManagementPermission
 499:             8            192  java.math.RoundingMode
 500:            12            192  java.util.HashMap$KeySet
 501:             6            192  java.util.RegularEnumSet
 502:             6            192  java.util.Stack
 503:             8            192  java.util.regex.Pattern$Single
 504:             8            192  jdk.net.SocketFlow$Status
 505:             6            192  sun.management.NotificationEmitterSupport$ListenerInfo
 506:             8            192  sun.nio.ch.Invoker$GroupAndInvokeCount
 507:             4            192  sun.nio.cs.StreamEncoder
 508:             6            192  sun.reflect.annotation.AnnotationType
 509:             2            192  sun.security.jgss.SunProvider
 510:             3            192  sun.security.provider.NativePRNG$RandomIO
 511:            11            176  java.lang.Boolean
 512:            11            176  java.util.Collections$SingletonSet
 513:             2            176  javax.management.remote.rmi.NoCallStackClassLoader
 514:             1            168  [[Ljava.math.BigInteger;
 515:             3            168  com.fasterxml.jackson.core.sym.CharsToNameCanonicalizer
 516:             3            168  com.fasterxml.jackson.databind.cfg.BaseSettings
 517:             3            168  com.fasterxml.jackson.databind.deser.std.MapDeserializer
 518:             3            168  io.vertx.core.DeploymentOptions
 519:             7            168  java.io.ObjectStreamClass$ExceptionInfo
 520:             7            168  java.net.NetPermission
 521:             7            168  java.util.regex.Pattern$1
 522:             3            168  javax.management.openmbean.OpenMBeanOperationInfoSupport
 523:             7            168  org.bson.BsonBinarySubType
 524:             7            168  sun.management.counter.Units
 525:             3            168  sun.rmi.transport.Target
 526:             3            168  sun.rmi.transport.tcp.TCPChannel
 527:             3            168  sun.rmi.transport.tcp.TCPConnection
 528:             7            168  sun.security.x509.NetscapeCertTypeExtension$MapEntry
 529:             4            160  [Lio.netty.buffer.PoolArena;
 530:             4            160  [Ljava.lang.management.MemoryUsage;
 531:             2            160  [Ljava.util.concurrent.RunnableScheduledFuture;
 532:             4            160  com.fasterxml.jackson.core.Base64Variant
 533:             2            160  com.fasterxml.jackson.databind.SerializationConfig
 534:             2            160  io.netty.resolver.dns.DnsNameResolver
 535:            10            160  io.vertx.core.impl.OrderedExecutorFactory$OrderedExecutor$$Lambda$16/173099767
 536:             4            160  io.vertx.core.impl.VertxThreadFactory
 537:            10            160  io.vertx.core.json.JsonObject
 538:             4            160  java.io.BufferedInputStream
 539:             5            160  java.nio.channels.ClosedChannelException
 540:            10            160  java.util.Formatter$Flags
 541:             4            160  java.util.HashMap$EntryIterator
 542:            10            160  java.util.concurrent.CountDownLatch
 543:             2            160  java.util.concurrent.ScheduledThreadPoolExecutor
 544:            10            160  java.util.regex.Pattern$BranchConn
 545:             5            160  javax.management.StandardEmitterMBean
 546:             2            160  sun.net.www.protocol.jar.URLJarFile
 547:             5            160  sun.security.ssl.CipherSuite$MacAlg
 548:             5            160  sun.security.ssl.SignatureAndHashAlgorithm$SignatureAlgorithm
 549:             5            160  sun.util.locale.provider.LocaleProviderAdapter$Type
 550:             6            152  [[Ljava.lang.annotation.Annotation;
 551:             1            152  sun.nio.ch.UnixAsynchronousSocketChannelImpl
 552:             5            144  [Ljava.lang.reflect.Field;
 553:             2            144  [Ljava.math.BigDecimal;
 554:             6            144  [Ljava.util.Map$Entry;
 555:             8            144  [Lsun.reflect.generics.tree.TypeSignature;
 556:             6            144  com.fasterxml.jackson.annotation.JsonAutoDetect$Visibility
 557:             6            144  com.fasterxml.jackson.annotation.JsonInclude$Include
 558:             6            144  com.fasterxml.jackson.core.JsonParser$NumberType
 559:             2            144  com.fasterxml.jackson.databind.DeserializationConfig
 560:             2            144  com.fasterxml.jackson.databind.deser.DefaultDeserializationContext$Impl
 561:             2            144  com.fasterxml.jackson.databind.ser.DefaultSerializerProvider$Impl
 562:             9            144  io.netty.channel.nio.NioEventLoop$1
 563:             9            144  io.netty.channel.nio.NioEventLoop$2
 564:             6            144  io.vertx.core.impl.CloseHooks
 565:             3            144  io.vertx.core.impl.DeploymentManager$DeploymentImpl
 566:             6            144  java.lang.Thread$State
 567:             3            144  java.lang.ThreadGroup
 568:             3            144  java.net.SocketInputStream
 569:             3            144  java.net.SocketOutputStream
 570:             9            144  java.rmi.server.Operation
 571:             6            144  java.util.Date
 572:             6            144  java.util.LinkedList$Node
 573:             3            144  java.util.concurrent.LinkedBlockingQueue
 574:             3            144  javax.management.openmbean.TabularType
 575:             6            144  org.bson.AbstractBsonWriter$State
 576:             9            144  org.bson.BsonInt32
 577:             6            144  org.bson.codecs.configuration.ProvidersCodecRegistry
 578:             6            144  sun.misc.PerfCounter
 579:             3            144  sun.misc.URLClassPath
 580:             6            144  sun.nio.ch.Util$BufferCache
 581:             6            144  sun.reflect.generics.scope.MethodScope
 582:             6            144  sun.security.ssl.ProtocolVersion
 583:             6            144  sun.security.util.DisabledAlgorithmConstraints$KeySizeConstraint$Operator
 584:             2            128  com.fasterxml.jackson.core.sym.ByteQuadsCanonicalizer
 585:             2            128  com.fasterxml.jackson.databind.ObjectMapper
 586:             4            128  com.sun.jmx.mbeanserver.DefaultMXBeanMappingFactory$ArrayMapping
 587:             4            128  io.netty.buffer.EmptyByteBuf
 588:             2            128  io.netty.channel.socket.nio.NioDatagramChannelConfig
 589:             2            128  io.netty.util.Recycler$Stack
 590:             2            128  java.io.ExpiringCache$1
 591:             4            128  java.net.Socket
 592:             4            128  java.util.ArrayList$ListItr
 593:             4            128  sun.management.GcInfoCompositeData
 594:             4            128  sun.security.ssl.CipherSuite$PRF
 595:             4            120  [Lorg.bson.AbstractBsonWriter$State;
 596:             1            120  [[Ljava.lang.String;
 597:             3            120  com.fasterxml.jackson.databind.introspect.AnnotatedMethod
 598:             5            120  com.mongodb.AuthenticationMechanism
 599:             3            120  io.netty.channel.group.DefaultChannelGroup
 600:             5            120  io.netty.util.internal.UnsafeAtomicIntegerFieldUpdater
 601:             1            120  io.vertx.core.impl.VertxImpl
 602:             5            120  io.vertx.core.net.impl.HandlerManager
 603:             3            120  io.vertx.core.net.impl.VertxEventLoopGroup
 604:             5            120  java.io.BufferedOutputStream
 605:             3            120  java.lang.invoke.BoundMethodHandle$Species_LL
 606:             5            120  java.util.Collections$SetFromMap
 607:             5            120  java.util.stream.StreamOpFlag$Type
 608:             3            120  javax.net.ssl.SSLParameters
 609:             5            120  org.bson.BsonContextType
 610:             3            120  sun.misc.FloatingDecimal$BinaryToASCIIBuffer
 611:             5            120  sun.misc.FloatingDecimal$PreparedASCIIToBinaryBuffer
 612:             5            120  sun.misc.MetaIndex
 613:             3            120  sun.rmi.transport.WeakRef
 614:             3            120  sun.rmi.transport.tcp.TCPTransport$ConnectionHandler
 615:             5            120  sun.security.jca.ServiceId
 616:             2            112  [Ljava.lang.invoke.MethodType;
 617:             2            112  [Ljava.security.CryptoPrimitive;
 618:             2            112  [Ljavax.management.openmbean.OpenType;
 619:             2            112  com.fasterxml.jackson.databind.MappingJsonFactory
 620:             2            112  com.sun.management.GcInfo
 621:             2            112  io.netty.buffer.PooledByteBufAllocator
 622:             2            112  io.netty.util.ResourceLeakDetector$DefaultResourceLeak
 623:             2            112  java.net.SocketPermission
 624:             7            112  java.util.HashMap$EntrySet
 625:             2            112  sun.nio.ch.DatagramSocketAdaptor
 626:             1            104  sun.security.ssl.SSLSessionImpl
 627:             4             96  [Ljava.net.InetAddress;
 628:             1             96  [[J
 629:             4             96  com.fasterxml.jackson.annotation.JsonCreator$Mode
 630:             4             96  com.fasterxml.jackson.core.JsonFactory$Feature
 631:             4             96  com.mongodb.connection.ClusterType
 632:             1             96  com.mongodb.connection.ServerDescription$Builder
 633:             6             96  com.mongodb.diagnostics.logging.JULLogger
 634:             1             96  com.sun.crypto.provider.SunJCE
 635:             3             96  com.sun.jmx.mbeanserver.DefaultMXBeanMappingFactory$EnumMapping
 636:             2             96  com.sun.jmx.mbeanserver.MBeanIntrospector$MBeanInfoMap
 637:             2             96  com.sun.jmx.mbeanserver.MBeanIntrospector$PerInterfaceMap
 638:             1             96  com.sun.net.ssl.internal.ssl.Provider
 639:             6             96  com.sun.proxy.$Proxy2
 640:             1             96  com.sun.security.sasl.Provider
 641:             2             96  io.netty.bootstrap.AbstractBootstrap$PendingRegistrationPromise
 642:             3             96  io.netty.bootstrap.ServerBootstrap$ServerBootstrapAcceptor
 643:             4             96  io.netty.util.ResourceLeakDetector$Level
 644:             4             96  io.netty.util.internal.UnsafeAtomicReferenceFieldUpdater
 645:             2             96  io.vertx.core.http.Http2Settings
 646:             2             96  io.vertx.core.net.impl.NetClientImpl
 647:             4             96  io.vertx.core.net.impl.ServerID
 648:             2             96  io.vertx.redis.impl.RedisConnection
 649:             4             96  io.vertx.redis.impl.RedisConnection$State
 650:             3             96  java.io.FilePermission
 651:             4             96  java.io.OutputStreamWriter
 652:             3             96  java.security.BasicPermissionCollection
 653:             4             96  java.util.Collections$UnmodifiableMap$UnmodifiableEntrySet$1
 654:             6             96  java.util.LinkedHashMap$LinkedValues
 655:             2             96  java.util.concurrent.locks.ReentrantReadWriteLock$NonfairSync
 656:             4             96  java.util.regex.Pattern$5
 657:             4             96  java.util.stream.StreamShape
 658:             4             96  org.bson.UuidRepresentation
 659:             6             96  org.bson.codecs.configuration.CodecCache
 660:             1             96  org.jcp.xml.dsig.internal.dom.XMLDSigRI
 661:             4             96  sun.management.GarbageCollectionNotifInfoCompositeData
 662:             2             96  sun.management.GarbageCollectorImpl
 663:             2             96  sun.management.GcInfoBuilder
 664:             1             96  sun.misc.Launcher$AppClassLoader
 665:             4             96  sun.nio.ch.AsynchronousChannelGroupImpl$1
 666:             3             96  sun.nio.ch.Invoker$2
 667:             3             96  sun.nio.ch.ServerSocketAdaptor
 668:             3             96  sun.reflect.generics.reflectiveObjects.WildcardTypeImpl
 669:             3             96  sun.rmi.transport.LiveRef
 670:             1             96  sun.security.ec.SunEC
 671:             1             96  sun.security.jca.ProviderList$1
 672:             1             96  sun.security.provider.Sun
 673:             1             96  sun.security.rsa.SunRsaSign
 674:             1             96  sun.security.smartcardio.SunPCSC
 675:             3             96  sun.util.locale.provider.LocaleServiceProviderPool
 676:             3             88  [Lcom.fasterxml.jackson.databind.util.ClassUtil$Ctor;
 677:             3             88  [Lio.vertx.core.http.HttpVersion;
 678:             3             88  [Ljava.rmi.server.Operation;
 679:             1             88  io.netty.buffer.PooledUnsafeDirectByteBuf
 680:             1             88  io.vertx.core.net.NetServerOptions
 681:             1             88  sun.misc.Launcher$ExtClassLoader
 682:             1             88  sun.nio.ch.EPollPort
 683:             2             80  [F
 684:             2             80  [Lcom.fasterxml.jackson.annotation.JsonAutoDetect$Visibility;
 685:             1             80  [Lio.vertx.core.eventbus.MessageCodec;
 686:             2             80  [Ljava.util.stream.StreamOpFlag$Type;
 687:             1             80  [Lsun.security.ssl.CipherSuite$KeyExchange;
 688:             2             80  com.fasterxml.jackson.core.sym.ByteQuadsCanonicalizer$TableInfo
 689:             2             80  com.fasterxml.jackson.databind.deser.std.UntypedObjectDeserializer
 690:             1             80  com.mongodb.connection.InternalStreamConnection
 691:             2             80  com.mongodb.connection.SocketSettings
 692:             2             80  com.sun.jmx.mbeanserver.DefaultMXBeanMappingFactory$TabularMapping
 693:             1             80  com.sun.jmx.remote.util.ClassLoaderWithRepository
 694:             5             80  com.sun.proxy.$Proxy3
 695:             2             80  io.github.giovibal.mqtt.ConfigParser
 696:             1             80  io.netty.buffer.PoolChunk
 697:             2             80  io.netty.util.Signal
 698:             1             80  io.vertx.core.net.impl.NetServerImpl
 699:             2             80  java.io.BufferedWriter
 700:             2             80  java.io.ExpiringCache
 701:             2             80  java.lang.invoke.MethodHandleImpl$AsVarargsCollector
 702:             2             80  java.util.Collections$SynchronizedSortedMap
 703:             2             80  java.util.Locale$Category
 704:             2             80  org.bson.BsonBinaryReader$Context
 705:             2             80  sun.management.MemoryManagerImpl
 706:             1             80  sun.reflect.misc.MethodUtil
 707:             1             72  [Lcom.fasterxml.jackson.core.JsonToken;
 708:             2             72  [Lio.netty.util.concurrent.EventExecutor;
 709:             1             72  [Ljava.lang.invoke.LambdaFormEditor$Transform$Kind;
 710:             1             72  [Ljavax.management.openmbean.SimpleType;
 711:             2             72  [Lsun.security.jca.ProviderConfig;
 712:             1             72  com.fasterxml.jackson.core.util.InternCache
 713:             3             72  com.fasterxml.jackson.databind.PropertyName
 714:             3             72  com.fasterxml.jackson.databind.cfg.SerializerFactoryConfig
 715:             1             72  com.fasterxml.jackson.databind.introspect.POJOPropertiesCollector
 716:             3             72  com.fasterxml.jackson.databind.ser.std.NumberSerializer
 717:             3             72  com.mongodb.connection.AsynchronousSocketChannelStream$BasicCompletionHandler
 718:             3             72  com.mongodb.connection.FutureAsyncCompletionHandler
 719:             3             72  com.mongodb.internal.connection.PowerOfTwoBufferPool$PooledByteBufNIO
 720:             3             72  io.github.giovibal.mqtt.MQTTPacketTokenizer$MqttTokenizerState
 721:             3             72  io.netty.buffer.PoolArena$SizeClass
 722:             1             72  io.netty.buffer.PoolThreadCache
 723:             3             72  io.netty.channel.ChannelMetadata
 724:             1             72  io.netty.util.ResourceLeakDetector
 725:             3             72  io.vertx.core.http.ClientAuth
 726:             3             72  io.vertx.core.http.HttpVersion
 727:             3             72  io.vertx.core.impl.DeploymentManager$VerticleHolder
 728:             3             72  io.vertx.core.net.impl.AsyncResolveConnectHelper
 729:             3             72  io.vertx.core.net.impl.HandlerHolder
 730:             3             72  io.vertx.core.net.impl.HandlerManager$Handlers
 731:             3             72  io.vertx.core.net.impl.VertxEventLoopGroup$EventLoopHolder
 732:             3             72  java.io.FilePermissionCollection
 733:             3             72  java.lang.annotation.RetentionPolicy
 734:             3             72  java.security.SecurityPermission
 735:             3             72  java.util.Collections$SynchronizedSet
 736:             1             72  java.util.ResourceBundle$RBClassLoader
 737:             3             72  java.util.concurrent.LinkedBlockingQueue$Node
 738:             1             72  java.util.concurrent.ScheduledThreadPoolExecutor$ScheduledFutureTask
 739:             3             72  java.util.concurrent.locks.ReentrantReadWriteLock
 740:             1             72  java.util.logging.LogManager$RootLogger
 741:             3             72  java.util.regex.Pattern$Dollar
 742:             3             72  java.util.regex.Pattern$Ques
 743:             3             72  java.util.stream.Collector$Characteristics
 744:             1             72  javax.management.remote.rmi.RMIConnectionImpl$CombinedClassLoader
 745:             1             72  javax.management.remote.rmi.RMIConnectionImpl$CombinedClassLoader$ClassLoaderWrapper
 746:             3             72  sun.misc.FloatingDecimal$ExceptionalBinaryToASCIIBuffer
 747:             3             72  sun.misc.Signal
 748:             3             72  sun.reflect.generics.tree.Wildcard
 749:             3             72  sun.security.action.GetPropertyAction
 750:             3             72  sun.security.provider.NativePRNG$Variant
 751:             3             72  sun.security.ssl.CipherSuite$CipherType
 752:             3             72  sun.security.util.DisabledAlgorithmConstraints
 753:             3             72  sun.security.util.DisabledAlgorithmConstraints$KeySizeConstraint
 754:             1             72  sun.util.locale.provider.JRELocaleProviderAdapter
 755:             1             64  [Lcom.fasterxml.jackson.core.JsonParser$Feature;
 756:             3             64  [Lcom.fasterxml.jackson.databind.ser.Serializers;
 757:             2             64  [Lio.netty.util.ResourceLeakDetector$Level;
 758:             2             64  [Ljava.lang.annotation.RetentionPolicy;
 759:             2             64  [Ljava.util.stream.Collector$Characteristics;
 760:             2             64  com.fasterxml.jackson.core.util.DefaultPrettyPrinter
 761:             4             64  com.mongodb.TagSet
 762:             1             64  com.mongodb.async.client.MongoClientSettings
 763:             1             64  com.mongodb.connection.ConnectionPoolSettings
 764:             1             64  com.mongodb.connection.SingleServerCluster
 765:             2             64  com.sun.jmx.mbeanserver.DefaultMXBeanMappingFactory$CollectionMapping
 766:             4             64  com.sun.jmx.mbeanserver.GetPropertyAction
 767:             1             64  com.sun.jmx.remote.internal.ArrayNotificationBuffer
 768:             2             64  com.sun.management.GarbageCollectionNotificationInfo
 769:             1             64  io.netty.channel.AdaptiveRecvByteBufAllocator$HandleImpl
 770:             2             64  io.netty.channel.nio.NioEventLoopGroup
 771:             2             64  io.netty.resolver.dns.DefaultDnsCache
 772:             2             64  io.netty.util.Recycler$DefaultHandle
 773:             2             64  io.netty.util.Signal$SignalConstant
 774:             2             64  io.netty.util.concurrent.DefaultThreadFactory
 775:             4             64  io.netty.util.concurrent.SingleThreadEventExecutor$5
 776:             4             64  io.netty.util.internal.TypeParameterMatcher$ReflectiveMatcher
 777:             1             64  io.vertx.core.dns.AddressResolverOptions
 778:             2             64  io.vertx.core.http.impl.HttpServerImpl$HttpServerRequestStreamImpl
 779:             2             64  io.vertx.core.http.impl.HttpServerImpl$ServerWebSocketStreamImpl
 780:             2             64  io.vertx.core.impl.AddressResolver$1$1
 781:             2             64  io.vertx.redis.impl.ReplyParser
 782:             2             64  java.io.FileOutputStream
 783:             2             64  java.io.PrintStream
 784:             2             64  java.lang.ClassValue$Entry
 785:             2             64  java.lang.StringCoding$StringEncoder
 786:             2             64  java.lang.VirtualMachineError
 787:             2             64  java.lang.ref.ReferenceQueue$Null
 788:             4             64  java.nio.channels.spi.AbstractSelector$1
 789:             4             64  java.util.Collections$UnmodifiableMap$UnmodifiableEntrySet
 790:             2             64  java.util.LinkedHashMap$LinkedEntryIterator
 791:             2             64  java.util.PriorityQueue
 792:             2             64  java.util.PropertyPermission
 793:             4             64  java.util.TreeSet
 794:             2             64  java.util.concurrent.ScheduledThreadPoolExecutor$DelayedWorkQueue
 795:             2             64  java.util.concurrent.SynchronousQueue
 796:             2             64  java.util.concurrent.atomic.AtomicReferenceFieldUpdater$AtomicReferenceFieldUpdaterImpl
 797:             2             64  javax.management.MBeanConstructorInfo
 798:             1             64  javax.management.remote.rmi.RMIConnectionImpl
 799:             1             64  javax.management.remote.rmi.RMIConnectorServer
 800:             2             64  sun.reflect.UnsafeQualifiedObjectFieldAccessorImpl
 801:             2             64  sun.reflect.generics.repository.ConstructorRepository
 802:             2             64  sun.rmi.server.UnicastServerRef2
 803:             2             64  sun.rmi.transport.tcp.TCPTransport
 804:             4             64  sun.security.provider.NativePRNG
 805:             2             64  sun.security.util.MemoryCache
 806:             1             56  [Lcom.fasterxml.jackson.annotation.JsonFormat$Shape;
 807:             1             56  [Lcom.fasterxml.jackson.core.JsonGenerator$Feature;
 808:             1             56  [Ljava.lang.Runnable;
 809:             1             56  [Lorg.bson.AbstractBsonReader$State;
 810:             1             56  [Lsun.util.logging.PlatformLogger$Level;
 811:             1             56  [[I
 812:             1             56  com.mongodb.connection.DefaultClusterableServerFactory
 813:             1             56  com.mongodb.connection.DefaultConnectionPool
 814:             1             56  com.mongodb.connection.DefaultServer
 815:             1             56  com.mongodb.connection.DefaultServerMonitor
 816:             1             56  com.sun.jmx.remote.internal.ServerNotifForwarder
 817:             1             56  io.netty.util.concurrent.GlobalEventExecutor
 818:             1             56  java.lang.invoke.LambdaFormEditor$Transform
 819:             1             56  java.util.concurrent.ConcurrentHashMap$KeyIterator
 820:             1             56  java.util.logging.ConsoleHandler
 821:             1             56  java.util.logging.LogManager
 822:             1             56  javax.management.remote.rmi.RMIJRMPServerImpl
 823:             1             56  org.bson.BsonBinaryWriter
 824:             1             56  sun.rmi.runtime.Log$InternalStreamHandler
 825:             1             56  sun.security.provider.SHA
 826:             1             48  [Lcom.mongodb.connection.RequestMessage$OpCode;
 827:             1             48  [Lcom.mongodb.connection.ServerType;
 828:             2             48  [Lio.netty.channel.socket.InternetProtocolFamily;
 829:             2             48  [Lio.netty.util.concurrent.GenericFutureListener;
 830:             1             48  [Ljava.lang.invoke.MethodHandleImpl$Intrinsic;
 831:             1             48  [Ljava.math.RoundingMode;
 832:             1             48  [Ljava.util.concurrent.TimeUnit;
 833:             1             48  [Ljdk.net.SocketFlow$Status;
 834:             1             48  [Lorg.bson.BsonBinarySubType;
 835:             1             48  [Lsun.management.counter.Units;
 836:             1             48  [Lsun.security.ssl.SignatureAndHashAlgorithm$HashAlgorithm;
 837:             1             48  [Lsun.security.x509.NetscapeCertTypeExtension$MapEntry;
 838:             1             48  [[Ljava.lang.Object;
 839:             2             48  com.fasterxml.jackson.databind.deser.DeserializerCache
 840:             2             48  com.fasterxml.jackson.databind.deser.std.StdKeyDeserializer$StringKD
 841:             3             48  com.fasterxml.jackson.databind.introspect.BasicClassIntrospector
 842:             2             48  com.fasterxml.jackson.databind.introspect.SimpleMixInResolver
 843:             3             48  com.fasterxml.jackson.databind.ser.BeanSerializerFactory
 844:             2             48  com.fasterxml.jackson.databind.ser.SerializerCache
 845:             2             48  com.fasterxml.jackson.databind.ser.std.BooleanSerializer
 846:             2             48  com.fasterxml.jackson.databind.type.ClassKey
 847:             1             48  com.fasterxml.jackson.databind.util.StdDateFormat
 848:             3             48  com.mongodb.ReadConcern
 849:             2             48  com.mongodb.ReadConcernLevel
 850:             2             48  com.mongodb.connection.AsynchronousSocketChannelStreamFactory
 851:             2             48  com.mongodb.connection.ClusterConnectionMode
 852:             2             48  com.mongodb.connection.ClusterDescription
 853:             1             48  com.mongodb.connection.ClusterSettings
 854:             2             48  com.mongodb.connection.InternalStreamConnectionFactory
 855:             1             48  com.mongodb.connection.ReplyHeader
 856:             2             48  com.mongodb.connection.ServerConnectionState
 857:             2             48  com.mongodb.connection.ServerId
 858:             2             48  com.sun.jmx.mbeanserver.ClassLoaderRepositorySupport$LoaderEntry
 859:             1             48  com.sun.jmx.mbeanserver.DefaultMXBeanMappingFactory$Mappings
 860:             2             48  com.sun.jmx.mbeanserver.WeakIdentityHashMap
 861:             2             48  com.sun.jmx.remote.internal.ServerNotifForwarder$IdAndFilter
 862:             3             48  com.sun.proxy.$Proxy5
 863:             2             48  io.netty.buffer.PooledByteBufAllocator$PoolThreadLocalCache
 864:             2             48  io.netty.buffer.UnpooledByteBufAllocator
 865:             2             48  io.netty.channel.FixedRecvByteBufAllocator
 866:             3             48  io.netty.channel.group.DefaultChannelGroup$1
 867:             3             48  io.netty.channel.group.VoidChannelGroupFuture
 868:             2             48  io.netty.channel.socket.InternetProtocolFamily
 869:             2             48  io.netty.resolver.AddressResolverGroup$1
 870:             2             48  io.netty.resolver.dns.DnsNameResolver$1
 871:             2             48  io.netty.resolver.dns.DnsNameResolver$3
 872:             2             48  io.netty.resolver.dns.DnsNameResolver$DnsResponseHandler
 873:             2             48  io.netty.util.Recycler$2
 874:             2             48  io.netty.util.concurrent.DefaultEventExecutorChooserFactory$PowerOfTowEventExecutorChooser
 875:             2             48  io.netty.util.concurrent.DefaultFutureListeners
 876:             2             48  io.vertx.core.http.impl.HttpServerImpl$$Lambda$42/1426570791
 877:             2             48  io.vertx.core.http.impl.HttpServerImpl$$Lambda$43/392010501
 878:             2             48  io.vertx.core.http.impl.HttpServerImpl$1
 879:             2             48  io.vertx.core.impl.AddressResolver$ResolverRegistration
 880:             1             48  io.vertx.core.impl.BlockedThreadChecker$1
 881:             3             48  io.vertx.core.impl.ConcurrentHashSet
 882:             2             48  io.vertx.core.impl.WorkerPool
 883:             3             48  io.vertx.core.net.impl.VertxEventLoopGroup$2
 884:             1             48  io.vertx.redis.impl.RedisClientImpl
 885:             2             48  java.io.File$PathStatus
 886:             1             48  java.lang.invoke.BoundMethodHandle$Species_L4
 887:             2             48  java.lang.invoke.MethodHandles$Lookup
 888:             2             48  java.lang.management.MemoryType
 889:             2             48  java.lang.reflect.ReflectPermission
 890:             2             48  java.net.InetAddress$Cache
 891:             2             48  java.net.InetAddress$Cache$Type
 892:             2             48  java.net.InetAddress$CacheEntry
 893:             2             48  java.net.InterfaceAddress
 894:             1             48  java.net.NetworkInterface
 895:             2             48  java.net.StandardProtocolFamily
 896:             1             48  java.nio.HeapByteBufferR
 897:             2             48  java.nio.charset.CoderResult
 898:             3             48  java.nio.charset.CodingErrorAction
 899:             2             48  java.rmi.dgc.VMID
 900:             2             48  java.security.AllPermissionCollection
 901:             3             48  java.text.AttributedCharacterIterator$Attribute
 902:             2             48  java.util.Collections$UnmodifiableList$1
 903:             3             48  java.util.IdentityHashMap$KeySet
 904:             1             48  java.util.concurrent.ArrayBlockingQueue
 905:             2             48  java.util.concurrent.Executors$RunnableAdapter
 906:             1             48  java.util.concurrent.locks.ReentrantReadWriteLock$FairSync
 907:             3             48  java.util.concurrent.locks.ReentrantReadWriteLock$ReadLock
 908:             3             48  java.util.concurrent.locks.ReentrantReadWriteLock$Sync$ThreadLocalHoldCounter
 909:             3             48  java.util.concurrent.locks.ReentrantReadWriteLock$WriteLock
 910:             2             48  java.util.jar.Manifest
 911:             2             48  java.util.logging.Logger$LoggerBundle
 912:             1             48  java.util.regex.Pattern$GroupCurly
 913:             2             48  java.util.regex.Pattern$SliceI
 914:             2             48  javax.crypto.CryptoPermissions
 915:             2             48  javax.management.NotificationBroadcasterSupport$ListenerInfo
 916:             1             48  javax.management.remote.rmi.RMIConnectionImpl$RMIServerCommunicatorAdmin
 917:             3             48  org.bson.BsonArray
 918:             3             48  org.bson.BsonDocument
 919:             2             48  org.bson.ByteBufNIO
 920:             3             48  org.bson.codecs.BsonBinaryCodec
 921:             3             48  org.bson.codecs.BsonBooleanCodec
 922:             3             48  org.bson.codecs.BsonDBPointerCodec
 923:             3             48  org.bson.codecs.BsonDateTimeCodec
 924:             3             48  org.bson.codecs.BsonDocumentCodec
 925:             3             48  org.bson.codecs.BsonDoubleCodec
 926:             3             48  org.bson.codecs.BsonInt32Codec
 927:             3             48  org.bson.codecs.BsonInt64Codec
 928:             3             48  org.bson.codecs.BsonJavaScriptCodec
 929:             3             48  org.bson.codecs.BsonMaxKeyCodec
 930:             3             48  org.bson.codecs.BsonMinKeyCodec
 931:             3             48  org.bson.codecs.BsonNullCodec
 932:             3             48  org.bson.codecs.BsonObjectIdCodec
 933:             3             48  org.bson.codecs.BsonRegularExpressionCodec
 934:             3             48  org.bson.codecs.BsonStringCodec
 935:             3             48  org.bson.codecs.BsonSymbolCodec
 936:             3             48  org.bson.codecs.BsonTimestampCodec
 937:             3             48  org.bson.codecs.BsonUndefinedCodec
 938:             3             48  org.bson.codecs.BsonValueCodecProvider
 939:             2             48  org.bson.io.ByteBufferBsonInput
 940:             2             48  sun.management.ManagementFactoryHelper$1
 941:             2             48  sun.misc.NativeSignalHandler
 942:             3             48  sun.net.www.protocol.jar.Handler
 943:             2             48  sun.nio.ch.EPollPort$Event
 944:             3             48  sun.nio.ch.SocketDispatcher
 945:             2             48  sun.reflect.generics.scope.ConstructorScope
 946:             3             48  sun.rmi.transport.tcp.TCPTransport$ConnectionHandler$$Lambda$52/1872108041
 947:             2             48  sun.security.jca.ProviderList
 948:             2             48  sun.security.jca.ProviderList$3
 949:             1             48  sun.security.ssl.CipherBox
 950:             2             48  sun.security.ssl.SSLAlgorithmConstraints
 951:             3             48  sun.security.util.DisabledAlgorithmConstraints$KeySizeConstraints
 952:             1             40  [Lcom.fasterxml.jackson.annotation.JsonInclude$Include;
 953:             1             40  [Lcom.fasterxml.jackson.core.JsonParser$NumberType;
 954:             1             40  [Lcom.mongodb.AuthenticationMechanism;
 955:             2             40  [Lcom.sun.jmx.mbeanserver.ClassLoaderRepositorySupport$LoaderEntry;
 956:             1             40  [Ljava.lang.Thread$State;
 957:             1             40  [Ljava.lang.management.MemoryPoolMXBean;
 958:             1             40  [Ljava.nio.charset.Charset;
 959:             1             40  [Ljava.util.stream.StreamOpFlag;
 960:             1             40  [Lorg.bson.BsonContextType;
 961:             1             40  [Lsun.security.jca.ServiceId;
 962:             1             40  [Lsun.security.ssl.SignatureAndHashAlgorithm$SignatureAlgorithm;
 963:             1             40  [Lsun.security.util.DisabledAlgorithmConstraints$KeySizeConstraint$Operator;
 964:             1             40  [Lsun.util.locale.provider.LocaleProviderAdapter$Type;
 965:             1             40  [[Ljava.lang.invoke.LambdaForm$Name;
 966:             1             40  com.fasterxml.jackson.annotation.JsonFormat$Value
 967:             1             40  com.fasterxml.jackson.core.Version
 968:             1             40  com.fasterxml.jackson.databind.deser.std.CollectionDeserializer
 969:             1             40  com.mongodb.async.client.MongoDatabaseImpl
 970:             1             40  com.mongodb.connection.CommandMessage
 971:             1             40  com.mongodb.connection.ConnectionDescription
 972:             1             40  com.sun.jmx.interceptor.DefaultMBeanServerInterceptor
 973:             1             40  com.sun.jmx.mbeanserver.JmxMBeanServer
 974:             1             40  com.sun.jmx.mbeanserver.MBeanServerDelegateImpl
 975:             1             40  io.github.giovibal.mqtt.pushservice.PushServer
 976:             1             40  io.netty.channel.DefaultChannelPromise
 977:             1             40  io.vertx.core.eventbus.impl.EventBusImpl
 978:             1             40  io.vertx.core.impl.AddressResolver$1
 979:             1             40  java.lang.invoke.DirectMethodHandle$Constructor
 980:             1             40  java.util.ResourceBundle$1
 981:             1             40  java.util.regex.Pattern$Loop
 982:             1             40  javax.crypto.CryptoAllPermission
 983:             1             40  javax.management.remote.rmi.RMIConnectionImpl$4
 984:             1             40  org.bson.BsonBinaryReader
 985:             1             40  org.bson.BsonBinaryWriter$Context
 986:             1             40  sun.management.DiagnosticCommandImpl
 987:             1             40  sun.management.MappedMXBeanType$CompositeDataMXBeanType
 988:             1             40  sun.management.MappedMXBeanType$MapMXBeanType
 989:             1             40  sun.nio.cs.StandardCharsets$Aliases
 990:             1             40  sun.nio.cs.StandardCharsets$Cache
 991:             1             40  sun.nio.cs.StandardCharsets$Classes
 992:             1             40  sun.util.logging.resources.logging
 993:             1             32  [Lcom.fasterxml.jackson.annotation.JsonCreator$Mode;
 994:             1             32  [Lcom.fasterxml.jackson.core.JsonFactory$Feature;
 995:             2             32  [Lcom.fasterxml.jackson.databind.deser.Deserializers;
 996:             1             32  [Lcom.mongodb.connection.ClusterType;
 997:             1             32  [Lio.github.giovibal.mqtt.MQTTPacketTokenizer$MqttTokenizerState;
 998:             1             32  [Lio.netty.buffer.PoolArena$SizeClass;
 999:             1             32  [Lio.vertx.core.http.ClientAuth;
1000:             1             32  [Lio.vertx.redis.impl.RedisConnection$State;
1001:             2             32  [Ljava.lang.Enum;
1002:             1             32  [Ljava.lang.OutOfMemoryError;
1003:             1             32  [Ljava.lang.ThreadGroup;
1004:             1             32  [Ljava.lang.management.MemoryManagerMXBean;
1005:             2             32  [Ljava.security.cert.Certificate;
1006:             1             32  [Ljava.util.stream.StreamShape;
1007:             1             32  [Lorg.bson.UuidRepresentation;
1008:             1             32  [Lsun.security.provider.NativePRNG$Variant;
1009:             1             32  [Lsun.security.ssl.CipherSuite$CipherType;
1010:             1             32  [Lsun.security.ssl.CipherSuite$PRF;
1011:             1             32  com.fasterxml.jackson.core.io.SerializedString
1012:             1             32  com.fasterxml.jackson.databind.cfg.DeserializerFactoryConfig
1013:             1             32  com.fasterxml.jackson.databind.introspect.VisibilityChecker$Std
1014:             2             32  com.fasterxml.jackson.databind.jsontype.impl.StdSubtypeResolver
1015:             2             32  com.fasterxml.jackson.databind.node.JsonNodeFactory
1016:             1             32  com.fasterxml.jackson.databind.ser.std.NumberSerializers$DoubleSerializer
1017:             1             32  com.fasterxml.jackson.databind.ser.std.NumberSerializers$FloatSerializer
1018:             1             32  com.fasterxml.jackson.databind.ser.std.NumberSerializers$IntLikeSerializer
1019:             1             32  com.fasterxml.jackson.databind.ser.std.NumberSerializers$IntegerSerializer
1020:             1             32  com.fasterxml.jackson.databind.ser.std.NumberSerializers$LongSerializer
1021:             1             32  com.fasterxml.jackson.databind.ser.std.NumberSerializers$ShortSerializer
1022:             1             32  com.fasterxml.jackson.databind.type.TypeFactory
1023:             2             32  com.fasterxml.jackson.databind.util.RootNameLookup
1024:             1             32  com.mongodb.MongoCredential
1025:             1             32  com.mongodb.connection.AsynchronousSocketChannelStream
1026:             1             32  com.mongodb.connection.AsynchronousSocketChannelStream$1
1027:             1             32  com.mongodb.connection.AsynchronousSocketChannelStream$2
1028:             1             32  com.mongodb.connection.ByteBufferBsonOutput
1029:             2             32  com.mongodb.connection.ClusterDescription$1
1030:             1             32  com.mongodb.connection.ConnectionId
1031:             2             32  com.mongodb.connection.DefaultAuthenticator
1032:             1             32  com.mongodb.connection.ExponentiallyWeightedMovingAverage
1033:             1             32  com.mongodb.connection.ServerSettings
1034:             2             32  com.mongodb.connection.ServerVersion
1035:             1             32  com.mongodb.event.ConnectionMessageReceivedEvent
1036:             1             32  com.mongodb.event.ConnectionMessagesSentEvent
1037:             2             32  com.mongodb.internal.connection.PowerOfTwoBufferPool
1038:             1             32  com.mongodb.management.ConnectionPoolStatistics
1039:             1             32  com.sun.jmx.mbeanserver.Repository
1040:             1             32  com.sun.jmx.remote.internal.ArrayQueue
1041:             1             32  io.github.giovibal.mqtt.persistence.StoreVerticle
1042:             1             32  io.netty.buffer.PoolThreadCache$MemoryRegionCache$1
1043:             1             32  io.netty.buffer.PoolThreadCache$MemoryRegionCache$Entry
1044:             1             32  io.netty.buffer.PooledUnsafeDirectByteBuf$1
1045:             2             32  io.netty.resolver.dns.DnsQueryContextManager
1046:             2             32  io.netty.util.concurrent.MultithreadEventExecutorGroup$1
1047:             2             32  io.netty.util.concurrent.ThreadPerTaskExecutor
1048:             2             32  io.vertx.core.impl.AddressResolver$1$$Lambda$35/1857648786
1049:             1             32  io.vertx.core.impl.DeploymentManager
1050:             1             32  io.vertx.core.impl.FileResolver
1051:             2             32  io.vertx.core.impl.OrderedExecutorFactory
1052:             2             32  io.vertx.core.net.impl.NetClientImpl$$Lambda$19/898694235
1053:             1             32  io.vertx.core.net.impl.NetServerImpl$NetSocketStreamImpl
1054:             1             32  io.vertx.core.shareddata.impl.SharedDataImpl
1055:             1             32  io.vertx.ext.mongo.FindOptions
1056:             1             32  io.vertx.ext.mongo.impl.MongoClientImpl
1057:             1             32  io.vertx.ext.mongo.impl.MongoClientImpl$MongoHolder
1058:             1             32  java.io.SerializablePermission
1059:             1             32  java.io.UnixFileSystem
1060:             1             32  java.lang.ArithmeticException
1061:             1             32  java.lang.ArrayIndexOutOfBoundsException
1062:             1             32  java.lang.Exception
1063:             2             32  java.lang.InheritableThreadLocal
1064:             1             32  java.lang.NullPointerException
1065:             2             32  java.lang.Shutdown$Lock
1066:             1             32  java.lang.StringCoding$StringDecoder
1067:             1             32  java.lang.reflect.WeakCache
1068:             1             32  java.lang.reflect.WeakCache$CacheKey
1069:             2             32  java.nio.ByteOrder
1070:             1             32  java.nio.channels.NotYetConnectedException
1071:             1             32  java.security.MessageDigest$Delegate
1072:             1             32  java.util.LinkedHashMap$LinkedKeyIterator
1073:             1             32  java.util.LinkedList$ListItr
1074:             1             32  java.util.Random
1075:             2             32  java.util.WeakHashMap$KeySet
1076:             1             32  java.util.concurrent.CancellationException
1077:             2             32  java.util.concurrent.SynchronousQueue$TransferStack
1078:             1             32  java.util.concurrent.ThreadLocalRandom
1079:             2             32  java.util.logging.ErrorManager
1080:             1             32  java.util.logging.LogManager$SystemLoggerContext
1081:             2             32  java.util.logging.SimpleFormatter
1082:             2             32  javax.management.NotificationFilterSupport
1083:             1             32  javax.management.remote.JMXServiceURL
1084:             2             32  org.bson.BsonBoolean
1085:             2             32  org.bson.codecs.BooleanCodec
1086:             2             32  org.bson.codecs.DoubleCodec
1087:             2             32  org.bson.codecs.EncoderContext
1088:             2             32  org.bson.codecs.IntegerCodec
1089:             2             32  org.bson.codecs.LongCodec
1090:             2             32  org.bson.codecs.StringCodec
1091:             2             32  org.bson.codecs.configuration.MapOfCodecsProvider
1092:             2             32  sun.management.GarbageCollectionNotifInfoCompositeData$1
1093:             2             32  sun.management.GcInfoCompositeData$1
1094:             2             32  sun.management.GcInfoCompositeData$2
1095:             1             32  sun.management.MappedMXBeanType$InProgress
1096:             1             32  sun.management.jmxremote.LocalRMIServerSocketFactory$1
1097:             1             32  sun.nio.cs.StandardCharsets
1098:             1             32  sun.nio.fs.LinuxFileSystem
1099:             1             32  sun.nio.fs.UnixPath
1100:             2             32  sun.rmi.server.UnicastRef2
1101:             1             32  sun.rmi.server.UnicastServerRef
1102:             2             32  sun.rmi.server.WeakClassHashMap$ValueCell
1103:             1             32  sun.rmi.transport.DGCImpl$LeaseInfo
1104:             1             32  sun.rmi.transport.proxy.RMIMasterSocketFactory
1105:             1             32  sun.rmi.transport.tcp.TCPTransport$AcceptLoop
1106:             1             32  sun.security.provider.SecureRandom
1107:             2             32  sun.security.ssl.SSLAlgorithmDecomposer
1108:             1             32  sun.security.x509.AlgorithmId
1109:             1             32  sun.util.locale.provider.LocaleResources
1110:             1             24  [Lcom.fasterxml.jackson.databind.deser.KeyDeserializers;
1111:             1             24  [Lcom.mongodb.ReadConcernLevel;
1112:             1             24  [Lcom.mongodb.connection.ClusterConnectionMode;
1113:             1             24  [Lcom.mongodb.connection.ServerConnectionState;
1114:             1             24  [Lcom.mongodb.connection.ServerDescription;
1115:             1             24  [Ljava.io.File$PathStatus;
1116:             1             24  [Ljava.lang.ClassValue$Entry;
1117:             1             24  [Ljava.lang.management.MemoryType;
1118:             1             24  [Ljava.net.InetAddress$Cache$Type;
1119:             1             24  [Ljava.net.InetSocketAddress;
1120:             1             24  [Ljava.net.InterfaceAddress;
1121:             1             24  [Ljava.net.StandardProtocolFamily;
1122:             1             24  [Ljava.util.Locale$Category;
1123:             1             24  [Ljava.util.concurrent.ConcurrentHashMap$CounterCell;
1124:             1             24  [Lsun.launcher.LauncherHelper;
1125:             1             24  com.fasterxml.jackson.annotation.JsonFormat$Features
1126:             1             24  com.fasterxml.jackson.annotation.JsonInclude$Value
1127:             1             24  com.fasterxml.jackson.core.util.DefaultIndenter
1128:             1             24  com.fasterxml.jackson.databind.cfg.ContextAttributes$Impl
1129:             1             24  com.fasterxml.jackson.databind.introspect.JacksonAnnotationIntrospector
1130:             1             24  com.fasterxml.jackson.databind.module.SimpleSerializers
1131:             1             24  com.fasterxml.jackson.databind.ser.impl.FailingSerializer
1132:             1             24  com.fasterxml.jackson.databind.ser.std.CalendarSerializer
1133:             1             24  com.fasterxml.jackson.databind.ser.std.DateSerializer
1134:             1             24  com.mongodb.MongoNamespace
1135:             1             24  com.mongodb.ServerAddress
1136:             1             24  com.mongodb.async.client.MongoClientImpl
1137:             1             24  com.mongodb.connection.AsynchronousSocketChannelStream$AsyncWritableByteChannelAdapter$WriteCompletionHandler
1138:             1             24  com.mongodb.connection.AsynchronousSocketChannelStream$OpenCompletionHandler
1139:             1             24  com.mongodb.connection.ChangeEvent
1140:             1             24  com.mongodb.connection.ClusterId
1141:             1             24  com.mongodb.connection.DefaultConnectionPool$UsageTrackingInternalConnectionItemFactory
1142:             1             24  com.mongodb.connection.DefaultServerMonitor$ServerMonitorRunnable
1143:             1             24  com.mongodb.connection.MessageSettings
1144:             1             24  com.mongodb.connection.MessageSettings$Builder
1145:             1             24  com.mongodb.connection.ReplyMessage
1146:             1             24  com.mongodb.connection.RequestMessage$EncodingMetadata
1147:             1             24  com.mongodb.connection.ResponseBuffers
1148:             1             24  com.mongodb.connection.ServerType$1
1149:             1             24  com.mongodb.connection.ServerType$2
1150:             1             24  com.mongodb.connection.ServerType$3
1151:             1             24  com.mongodb.connection.ServerType$4
1152:             1             24  com.mongodb.connection.ServerType$5
1153:             1             24  com.mongodb.connection.ServerType$6
1154:             1             24  com.mongodb.connection.ServerType$7
1155:             1             24  com.mongodb.connection.ServerType$8
1156:             1             24  com.mongodb.event.ClusterDescriptionChangedEvent
1157:             1             24  com.mongodb.internal.thread.DaemonThreadFactory
1158:             1             24  com.sun.jmx.mbeanserver.ClassLoaderRepositorySupport
1159:             1             24  com.sun.jmx.mbeanserver.MXBeanLookup
1160:             1             24  com.sun.jmx.mbeanserver.StandardMBeanSupport
1161:             1             24  com.sun.jmx.remote.internal.ArrayNotificationBuffer$ShareBuffer
1162:             1             24  io.github.giovibal.mqtt.MQTTBroker
1163:             1             24  io.github.giovibal.mqtt.MQTTBroker$$Lambda$30/265623023
1164:             1             24  io.github.giovibal.mqtt.MQTTBroker$$Lambda$44/832370086
1165:             1             24  io.netty.channel.ChannelOption$1
1166:             1             24  io.netty.channel.WriteBufferWaterMark
1167:             1             24  io.netty.handler.codec.dns.DatagramDnsQueryEncoder
1168:             1             24  io.netty.handler.codec.dns.DatagramDnsResponseDecoder
1169:             1             24  io.netty.resolver.dns.SingletonDnsServerAddresses
1170:             1             24  io.netty.util.Signal$1
1171:             1             24  io.netty.util.ThreadDeathWatcher$Entry
1172:             1             24  io.netty.util.concurrent.FailedFuture
1173:             1             24  io.netty.util.internal.UnsafeAtomicLongFieldUpdater
1174:             1             24  io.vertx.core.eventbus.impl.CodecManager
1175:             1             24  io.vertx.core.http.impl.HttpServerImpl$HttpHandler
1176:             1             24  io.vertx.core.impl.AddressResolver
1177:             1             24  io.vertx.core.impl.BlockedThreadChecker
1178:             1             24  io.vertx.core.net.impl.NetServerImpl$$Lambda$40/421928476
1179:             1             24  io.vertx.core.net.impl.NetServerImpl$$Lambda$41/1948642995
1180:             1             24  io.vertx.core.net.impl.NetServerImpl$1
1181:             1             24  io.vertx.core.shareddata.impl.LocalMapImpl
1182:             1             24  io.vertx.ext.mongo.UpdateOptions
1183:             1             24  io.vertx.ext.mongo.impl.MongoClientImpl$$Lambda$15/225290371
1184:             1             24  io.vertx.redis.impl.RedisConnection$$Lambda$21/1735507635
1185:             1             24  io.vertx.redis.impl.RedisSubscriptions
1186:             1             24  java.lang.ClassValue$Version
1187:             1             24  java.lang.Double
1188:             1             24  java.lang.invoke.MethodHandleImpl$4
1189:             1             24  java.lang.invoke.MethodType$ConcurrentWeakInternSet
1190:             1             24  java.net.Inet6AddressImpl
1191:             1             24  java.net.InetAddress
1192:             1             24  java.net.SocketPermissionCollection
1193:             1             24  java.rmi.MarshalledObject
1194:             1             24  java.util.Collections$1
1195:             1             24  java.util.Collections$EmptyMap
1196:             1             24  java.util.Collections$SynchronizedRandomAccessList
1197:             1             24  java.util.Currency
1198:             1             24  java.util.Locale$Cache
1199:             1             24  java.util.ResourceBundle$Control$CandidateListCache
1200:             1             24  java.util.TaskQueue
1201:             1             24  java.util.Timer
1202:             1             24  java.util.concurrent.ConcurrentHashMap$KeySetView
1203:             1             24  java.util.concurrent.TimeUnit$1
1204:             1             24  java.util.concurrent.TimeUnit$2
1205:             1             24  java.util.concurrent.TimeUnit$3
1206:             1             24  java.util.concurrent.TimeUnit$4
1207:             1             24  java.util.concurrent.TimeUnit$5
1208:             1             24  java.util.concurrent.TimeUnit$6
1209:             1             24  java.util.concurrent.TimeUnit$7
1210:             1             24  java.util.concurrent.locks.ReentrantReadWriteLock$Sync$HoldCounter
1211:             1             24  java.util.logging.LogManager$LoggerContext
1212:             1             24  java.util.logging.LoggingPermission
1213:             1             24  java.util.regex.Pattern$CharProperty$1
1214:             1             24  java.util.regex.Pattern$Pos
1215:             1             24  java.util.regex.Pattern$Prolog
1216:             1             24  javax.crypto.CryptoAllPermissionCollection
1217:             1             24  javax.management.NotificationBroadcasterSupport
1218:             1             24  javax.management.remote.rmi.RMIJRMPServerImpl$ExportedWrapper
1219:             1             24  org.bson.BsonDateTime
1220:             1             24  org.bson.BsonDouble
1221:             1             24  org.bson.codecs.DocumentCodecProvider
1222:             1             24  org.bson.codecs.UuidCodec
1223:             1             24  sun.launcher.LauncherHelper
1224:             1             24  sun.management.CompilationImpl
1225:             1             24  sun.management.MemoryImpl
1226:             1             24  sun.management.OperatingSystemImpl
1227:             1             24  sun.management.RuntimeImpl
1228:             1             24  sun.management.ThreadImpl
1229:             1             24  sun.management.VMManagementImpl
1230:             1             24  sun.net.dns.ResolverConfigurationImpl
1231:             1             24  sun.net.sdp.SdpProvider
1232:             1             24  sun.net.www.protocol.http.Handler
1233:             1             24  sun.nio.ch.DatagramSocketAdaptor$1
1234:             1             24  sun.nio.ch.ThreadPool
1235:             1             24  sun.nio.cs.ISO_8859_1
1236:             1             24  sun.nio.cs.ThreadLocalCoders$1
1237:             1             24  sun.nio.cs.ThreadLocalCoders$2
1238:             1             24  sun.nio.cs.US_ASCII
1239:             1             24  sun.nio.cs.UTF_16
1240:             1             24  sun.nio.cs.UTF_16BE
1241:             1             24  sun.nio.cs.UTF_16LE
1242:             1             24  sun.nio.cs.UTF_8
1243:             1             24  sun.rmi.runtime.RuntimeUtil$1
1244:             1             24  sun.rmi.transport.DGCImpl
1245:             1             24  sun.rmi.transport.SequenceEntry
1246:             1             24  sun.security.ssl.MAC
1247:             1             24  sun.util.locale.BaseLocale$Cache
1248:             1             24  sun.util.locale.provider.CalendarDataProviderImpl
1249:             1             24  sun.util.locale.provider.CalendarProviderImpl
1250:             1             24  sun.util.locale.provider.CurrencyNameProviderImpl
1251:             1             24  sun.util.locale.provider.DateFormatSymbolsProviderImpl
1252:             1             24  sun.util.locale.provider.DecimalFormatSymbolsProviderImpl
1253:             1             24  sun.util.locale.provider.NumberFormatProviderImpl
1254:             1             24  sun.util.locale.provider.TimeZoneNameProviderImpl
1255:             1             16  [Lcom.fasterxml.jackson.databind.AbstractTypeResolver;
1256:             1             16  [Lcom.fasterxml.jackson.databind.deser.BeanDeserializerModifier;
1257:             1             16  [Lcom.fasterxml.jackson.databind.deser.ValueInstantiators;
1258:             1             16  [Lcom.fasterxml.jackson.databind.ser.BeanSerializerModifier;
1259:             1             16  [Ljava.io.File;
1260:             1             16  [Ljava.lang.Throwable;
1261:             1             16  [Ljava.lang.management.LockInfo;
1262:             1             16  [Ljava.lang.management.MonitorInfo;
1263:             1             16  [Ljava.net.NetworkInterface;
1264:             1             16  [Ljava.net.URL;
1265:             1             16  [Ljava.nio.file.attribute.FileAttribute;
1266:             1             16  [Ljava.security.Provider;
1267:             1             16  [Ljava.security.cert.X509Certificate;
1268:             1             16  [Ljava.text.FieldPosition;
1269:             1             16  [Ljava.util.logging.Handler;
1270:             1             16  [Ljavax.security.cert.X509Certificate;
1271:             1             16  com.fasterxml.jackson.core.util.DefaultPrettyPrinter$FixedSpaceIndenter
1272:             1             16  com.fasterxml.jackson.core.util.DefaultPrettyPrinter$NopIndenter
1273:             1             16  com.fasterxml.jackson.databind.deser.BeanDeserializerFactory
1274:             1             16  com.fasterxml.jackson.databind.deser.std.NumberDeserializers$NumberDeserializer
1275:             1             16  com.fasterxml.jackson.databind.deser.std.StdKeyDeserializers
1276:             1             16  com.fasterxml.jackson.databind.deser.std.StringDeserializer
1277:             1             16  com.fasterxml.jackson.databind.deser.std.UntypedObjectDeserializer$Vanilla
1278:             1             16  com.fasterxml.jackson.databind.introspect.JacksonAnnotationIntrospector$Java7Support
1279:             1             16  com.fasterxml.jackson.databind.ser.impl.UnknownSerializer
1280:             1             16  com.fasterxml.jackson.databind.ser.std.NullSerializer
1281:             1             16  com.fasterxml.jackson.databind.ser.std.StringSerializer
1282:             1             16  com.fasterxml.jackson.databind.ser.std.ToStringSerializer
1283:             1             16  com.fasterxml.jackson.databind.ser.std.UUIDSerializer
1284:             1             16  com.fasterxml.jackson.databind.type.TypeParser
1285:             1             16  com.fasterxml.jackson.databind.util.ClassUtil$EmptyIterator
1286:             1             16  com.mongodb.ReadPreference$PrimaryReadPreference
1287:             1             16  com.mongodb.TaggableReadPreference$NearestReadPreference
1288:             1             16  com.mongodb.TaggableReadPreference$PrimaryPreferredReadPreference
1289:             1             16  com.mongodb.TaggableReadPreference$SecondaryPreferredReadPreference
1290:             1             16  com.mongodb.TaggableReadPreference$SecondaryReadPreference
1291:             1             16  com.mongodb.async.client.MongoClientImpl$2
1292:             1             16  com.mongodb.client.model.geojson.codecs.GeoJsonCodecProvider
1293:             1             16  com.mongodb.connection.AsynchronousSocketChannelStream$AsyncWritableByteChannelAdapter
1294:             1             16  com.mongodb.connection.AsynchronousSocketChannelStreamFactoryFactory
1295:             1             16  com.mongodb.connection.DefaultConnectionFactory
1296:             1             16  com.mongodb.connection.DefaultServer$DefaultServerStateListener
1297:             1             16  com.mongodb.connection.InternalStreamConnection$ErrorHandlingConnectionListener
1298:             1             16  com.mongodb.connection.InternalStreamConnectionInitializer
1299:             1             16  com.mongodb.connection.NoOpClusterListener
1300:             1             16  com.mongodb.connection.NoOpConnectionListener
1301:             1             16  com.mongodb.connection.SingleServerCluster$1
1302:             1             16  com.mongodb.connection.SslSettings
1303:             1             16  com.mongodb.internal.management.jmx.JMXMBeanServer
1304:             1             16  com.mongodb.internal.validator.NoOpFieldNameValidator
1305:             1             16  com.mongodb.management.JMXConnectionPoolListener
1306:             1             16  com.sun.jmx.interceptor.DefaultMBeanServerInterceptor$ResourceContext$1
1307:             1             16  com.sun.jmx.mbeanserver.DefaultMXBeanMappingFactory
1308:             1             16  com.sun.jmx.mbeanserver.DescriptorCache
1309:             1             16  com.sun.jmx.mbeanserver.MBeanAnalyzer$MethodOrder
1310:             1             16  com.sun.jmx.mbeanserver.MBeanInstantiator
1311:             1             16  com.sun.jmx.mbeanserver.MXBeanIntrospector
1312:             1             16  com.sun.jmx.mbeanserver.SecureClassLoaderRepository
1313:             1             16  com.sun.jmx.mbeanserver.StandardMBeanIntrospector
1314:             1             16  com.sun.jmx.remote.internal.ArrayNotificationBuffer$5
1315:             1             16  com.sun.jmx.remote.internal.ArrayNotificationBuffer$BroadcasterQuery
1316:             1             16  com.sun.jmx.remote.internal.ArrayNotificationBuffer$BufferListener
1317:             1             16  com.sun.jmx.remote.internal.ServerCommunicatorAdmin$Timeout
1318:             1             16  com.sun.jmx.remote.internal.ServerNotifForwarder$NotifForwarderBufferFilter
1319:             1             16  com.sun.jmx.remote.protocol.iiop.IIOPProxyImpl
1320:             1             16  com.sun.jmx.remote.security.SubjectDelegator
1321:             1             16  com.sun.proxy.$Proxy1
1322:             1             16  com.sun.proxy.$Proxy6
1323:             1             16  io.github.giovibal.mqtt.MQTTTopicsManagerOptimized
1324:             1             16  io.github.giovibal.mqtt.QOSUtils
1325:             1             16  io.github.giovibal.mqtt.persistence.StoreVerticle$$Lambda$26/1998035884
1326:             1             16  io.github.giovibal.mqtt.pushservice.PushServer$$Lambda$31/1762606713
1327:             1             16  io.github.giovibal.mqtt.pushservice.PushServer$$Lambda$32/1386760736
1328:             1             16  io.netty.buffer.ByteBufUtil$1
1329:             1             16  io.netty.buffer.ByteBufUtil$2
1330:             1             16  io.netty.buffer.PoolThreadCache$1
1331:             1             16  io.netty.channel.ChannelFutureListener$1
1332:             1             16  io.netty.channel.ChannelFutureListener$2
1333:             1             16  io.netty.channel.ChannelFutureListener$3
1334:             1             16  io.netty.channel.ChannelOutboundBuffer$1
1335:             1             16  io.netty.channel.DefaultChannelPipeline$1
1336:             1             16  io.netty.channel.DefaultMessageSizeEstimator
1337:             1             16  io.netty.channel.DefaultMessageSizeEstimator$HandleImpl
1338:             1             16  io.netty.channel.DefaultSelectStrategy
1339:             1             16  io.netty.channel.DefaultSelectStrategyFactory
1340:             1             16  io.netty.handler.codec.dns.DefaultDnsRecordDecoder
1341:             1             16  io.netty.handler.codec.dns.DefaultDnsRecordEncoder
1342:             1             16  io.netty.resolver.DefaultAddressResolverGroup
1343:             1             16  io.netty.resolver.DefaultHostsFileEntriesResolver
1344:             1             16  io.netty.resolver.dns.SingletonDnsServerAddresses$1
1345:             1             16  io.netty.util.Recycler$1
1346:             1             16  io.netty.util.Recycler$3
1347:             1             16  io.netty.util.ResourceLeakDetectorFactory$DefaultResourceLeakDetectorFactory
1348:             1             16  io.netty.util.ThreadDeathWatcher$Watcher
1349:             1             16  io.netty.util.concurrent.DefaultEventExecutorChooserFactory
1350:             1             16  io.netty.util.concurrent.DefaultPromise$CauseHolder
1351:             1             16  io.netty.util.concurrent.DefaultThreadFactory$DefaultRunnableDecorator
1352:             1             16  io.netty.util.concurrent.GlobalEventExecutor$1
1353:             1             16  io.netty.util.concurrent.GlobalEventExecutor$TaskRunner
1354:             1             16  io.netty.util.concurrent.RejectedExecutionHandlers$1
1355:             1             16  io.netty.util.concurrent.SingleThreadEventExecutor$1
1356:             1             16  io.netty.util.concurrent.SingleThreadEventExecutor$2
1357:             1             16  io.netty.util.internal.NoOpTypeParameterMatcher
1358:             1             16  io.netty.util.internal.logging.JdkLoggerFactory
1359:             1             16  io.netty.util.internal.logging.Log4JLoggerFactory
1360:             1             16  io.netty.util.internal.logging.Slf4JLoggerFactory
1361:             1             16  io.vertx.core.cli.impl.DefaultCommandLine$$Lambda$10/1128032093
1362:             1             16  io.vertx.core.cli.impl.DefaultParser$$Lambda$1/1880587981
1363:             1             16  io.vertx.core.cli.impl.DefaultParser$$Lambda$2/1867750575
1364:             1             16  io.vertx.core.cli.impl.DefaultParser$$Lambda$3/2046562095
1365:             1             16  io.vertx.core.cli.impl.DefaultParser$$Lambda$4/1587487668
1366:             1             16  io.vertx.core.eventbus.impl.codecs.BooleanMessageCodec
1367:             1             16  io.vertx.core.eventbus.impl.codecs.BufferMessageCodec
1368:             1             16  io.vertx.core.eventbus.impl.codecs.ByteArrayMessageCodec
1369:             1             16  io.vertx.core.eventbus.impl.codecs.ByteMessageCodec
1370:             1             16  io.vertx.core.eventbus.impl.codecs.CharMessageCodec
1371:             1             16  io.vertx.core.eventbus.impl.codecs.DoubleMessageCodec
1372:             1             16  io.vertx.core.eventbus.impl.codecs.FloatMessageCodec
1373:             1             16  io.vertx.core.eventbus.impl.codecs.IntMessageCodec
1374:             1             16  io.vertx.core.eventbus.impl.codecs.JsonArrayMessageCodec
1375:             1             16  io.vertx.core.eventbus.impl.codecs.JsonObjectMessageCodec
1376:             1             16  io.vertx.core.eventbus.impl.codecs.LongMessageCodec
1377:             1             16  io.vertx.core.eventbus.impl.codecs.NullMessageCodec
1378:             1             16  io.vertx.core.eventbus.impl.codecs.PingMessageCodec
1379:             1             16  io.vertx.core.eventbus.impl.codecs.ReplyExceptionMessageCodec
1380:             1             16  io.vertx.core.eventbus.impl.codecs.ShortMessageCodec
1381:             1             16  io.vertx.core.eventbus.impl.codecs.StringMessageCodec
1382:             1             16  io.vertx.core.file.impl.FileSystemImpl
1383:             1             16  io.vertx.core.impl.FileResolver$$Lambda$12/1160003871
1384:             1             16  io.vertx.core.impl.FutureFactoryImpl
1385:             1             16  io.vertx.core.impl.JavaVerticleFactory
1386:             1             16  io.vertx.core.impl.VertxFactoryImpl
1387:             1             16  io.vertx.core.json.Json$JsonArraySerializer
1388:             1             16  io.vertx.core.json.Json$JsonObjectSerializer
1389:             1             16  io.vertx.core.json.JsonArray
1390:             1             16  io.vertx.core.logging.JULLogDelegateFactory
1391:             1             16  io.vertx.core.metrics.impl.DummyVertxMetrics
1392:             1             16  io.vertx.core.metrics.impl.DummyVertxMetrics$DummyEventBusMetrics
1393:             1             16  io.vertx.core.metrics.impl.DummyVertxMetrics$DummyHttpServerMetrics
1394:             1             16  io.vertx.core.metrics.impl.DummyVertxMetrics$DummyTCPMetrics
1395:             1             16  io.vertx.core.net.impl.PartialPooledByteBufAllocator
1396:             1             16  io.vertx.ext.mongo.impl.codec.json.JsonObjectCodec
1397:             1             16  io.vertx.redis.RedisOptions
1398:             1             16  io.vertx.redis.impl.RedisClientImpl$RedisTransactionImpl
1399:             1             16  io.vertx.redis.impl.RedisConnection$$Lambda$20/817978763
1400:             1             16  java.io.FileDescriptor$1
1401:             1             16  java.io.ObjectInputStream$$Lambda$53/945312452
1402:             1             16  java.lang.ApplicationShutdownHooks$1
1403:             1             16  java.lang.CharacterData00
1404:             1             16  java.lang.CharacterDataLatin1
1405:             1             16  java.lang.ClassValue$Identity
1406:             1             16  java.lang.Float
1407:             1             16  java.lang.Runtime
1408:             1             16  java.lang.String$CaseInsensitiveComparator
1409:             1             16  java.lang.System$2
1410:             1             16  java.lang.Terminator$1
1411:             1             16  java.lang.invoke.MemberName$Factory
1412:             1             16  java.lang.invoke.MethodHandleImpl$2
1413:             1             16  java.lang.invoke.MethodHandleImpl$3
1414:             1             16  java.lang.management.PlatformComponent$1
1415:             1             16  java.lang.management.PlatformComponent$10
1416:             1             16  java.lang.management.PlatformComponent$11
1417:             1             16  java.lang.management.PlatformComponent$12
1418:             1             16  java.lang.management.PlatformComponent$13
1419:             1             16  java.lang.management.PlatformComponent$14
1420:             1             16  java.lang.management.PlatformComponent$15
1421:             1             16  java.lang.management.PlatformComponent$2
1422:             1             16  java.lang.management.PlatformComponent$3
1423:             1             16  java.lang.management.PlatformComponent$4
1424:             1             16  java.lang.management.PlatformComponent$5
1425:             1             16  java.lang.management.PlatformComponent$6
1426:             1             16  java.lang.management.PlatformComponent$7
1427:             1             16  java.lang.management.PlatformComponent$8
1428:             1             16  java.lang.management.PlatformComponent$9
1429:             1             16  java.lang.ref.Reference$1
1430:             1             16  java.lang.ref.Reference$Lock
1431:             1             16  java.lang.reflect.Proxy$KeyFactory
1432:             1             16  java.lang.reflect.Proxy$ProxyClassFactory
1433:             1             16  java.lang.reflect.ReflectAccess
1434:             1             16  java.math.BigDecimal$1
1435:             1             16  java.net.InetAddress$2
1436:             1             16  java.net.URLClassLoader$7
1437:             1             16  java.nio.Bits$1
1438:             1             16  java.nio.Bits$1$1
1439:             1             16  java.nio.channels.spi.AbstractInterruptibleChannel$1
1440:             1             16  java.nio.charset.CoderResult$1
1441:             1             16  java.nio.charset.CoderResult$2
1442:             1             16  java.rmi.server.RMIClassLoader$2
1443:             1             16  java.rmi.server.RemoteObjectInvocationHandler
1444:             1             16  java.rmi.server.RemoteObjectInvocationHandler$MethodToHash_Maps
1445:             1             16  java.security.AllPermission
1446:             1             16  java.security.ProtectionDomain$2
1447:             1             16  java.security.ProtectionDomain$JavaSecurityAccessImpl
1448:             1             16  java.util.Collections$EmptyIterator
1449:             1             16  java.util.Collections$EmptyList
1450:             1             16  java.util.Collections$EmptySet
1451:             1             16  java.util.Collections$UnmodifiableCollection
1452:             1             16  java.util.Currency$CurrencyNameGetter
1453:             1             16  java.util.EnumMap$1
1454:             1             16  java.util.Hashtable$EntrySet
1455:             1             16  java.util.ResourceBundle$Control
1456:             1             16  java.util.Timer$1
1457:             1             16  java.util.concurrent.ThreadPoolExecutor$AbortPolicy
1458:             1             16  java.util.jar.JavaUtilJarAccessImpl
1459:             1             16  java.util.logging.LoggingProxyImpl
1460:             1             16  java.util.regex.Pattern$4
1461:             1             16  java.util.regex.Pattern$Begin
1462:             1             16  java.util.regex.Pattern$Caret
1463:             1             16  java.util.regex.Pattern$LastNode
1464:             1             16  java.util.regex.Pattern$Node
1465:             1             16  java.util.stream.Collectors$$Lambda$5/933699219
1466:             1             16  java.util.stream.Collectors$$Lambda$6/1896277646
1467:             1             16  java.util.stream.Collectors$$Lambda$7/1996181658
1468:             1             16  java.util.stream.Collectors$$Lambda$8/521645586
1469:             1             16  java.util.zip.ZipFile$1
1470:             1             16  javax.crypto.JceSecurityManager
1471:             1             16  javax.management.JMX
1472:             1             16  javax.management.MBeanServerBuilder
1473:             1             16  javax.management.NotificationBroadcasterSupport$1
1474:             1             16  javax.management.remote.rmi.RMIConnectionImpl_Stub
1475:             1             16  org.bson.BsonBinaryWriterSettings
1476:             1             16  org.bson.BsonNull
1477:             1             16  org.bson.BsonWriterSettings
1478:             1             16  org.bson.codecs.AtomicBooleanCodec
1479:             1             16  org.bson.codecs.AtomicIntegerCodec
1480:             1             16  org.bson.codecs.AtomicLongCodec
1481:             1             16  org.bson.codecs.BinaryCodec
1482:             1             16  org.bson.codecs.BsonArrayCodec
1483:             1             16  org.bson.codecs.BsonTypeClassMap
1484:             1             16  org.bson.codecs.ByteArrayCodec
1485:             1             16  org.bson.codecs.ByteCodec
1486:             1             16  org.bson.codecs.CharacterCodec
1487:             1             16  org.bson.codecs.CodeCodec
1488:             1             16  org.bson.codecs.DateCodec
1489:             1             16  org.bson.codecs.DecoderContext
1490:             1             16  org.bson.codecs.DecoderContext$Builder
1491:             1             16  org.bson.codecs.EncoderContext$Builder
1492:             1             16  org.bson.codecs.FloatCodec
1493:             1             16  org.bson.codecs.MaxKeyCodec
1494:             1             16  org.bson.codecs.MinKeyCodec
1495:             1             16  org.bson.codecs.ObjectIdCodec
1496:             1             16  org.bson.codecs.PatternCodec
1497:             1             16  org.bson.codecs.ShortCodec
1498:             1             16  org.bson.codecs.SymbolCodec
1499:             1             16  org.bson.codecs.ValueCodecProvider
1500:             1             16  org.bson.codecs.configuration.Optional$1
1501:             1             16  sun.management.ClassLoadingImpl
1502:             1             16  sun.management.HotSpotDiagnostic
1503:             1             16  sun.management.ManagementFactoryHelper$PlatformLoggingImpl
1504:             1             16  sun.management.jmxremote.ConnectorBootstrap$PermanentExporter
1505:             1             16  sun.management.jmxremote.LocalRMIServerSocketFactory
1506:             1             16  sun.misc.ASCIICaseInsensitiveComparator
1507:             1             16  sun.misc.FloatingDecimal$1
1508:             1             16  sun.misc.Launcher
1509:             1             16  sun.misc.Launcher$Factory
1510:             1             16  sun.misc.Perf
1511:             1             16  sun.misc.Unsafe
1512:             1             16  sun.net.ExtendedOptionsImpl$$Lambda$18/2022908125
1513:             1             16  sun.net.dns.OptionsImpl
1514:             1             16  sun.net.www.protocol.file.Handler
1515:             1             16  sun.net.www.protocol.jar.JarFileFactory
1516:             1             16  sun.nio.ch.DatagramDispatcher
1517:             1             16  sun.nio.ch.EPollPort$EventHandlerTask
1518:             1             16  sun.nio.ch.EPollSelectorProvider
1519:             1             16  sun.nio.ch.ExtendedSocketOption$1
1520:             1             16  sun.nio.ch.FileChannelImpl$1
1521:             1             16  sun.nio.ch.Invoker$1
1522:             1             16  sun.nio.ch.LinuxAsynchronousChannelProvider
1523:             1             16  sun.nio.ch.Net$1
1524:             1             16  sun.nio.ch.ThreadPool$$Lambda$17/2048160680
1525:             1             16  sun.nio.ch.UnixAsynchronousSocketChannelImpl$1
1526:             1             16  sun.nio.ch.UnixAsynchronousSocketChannelImpl$2
1527:             1             16  sun.nio.ch.Util$1
1528:             1             16  sun.nio.fs.LinuxFileSystemProvider
1529:             1             16  sun.reflect.GeneratedMethodAccessor10
1530:             1             16  sun.reflect.GeneratedMethodAccessor11
1531:             1             16  sun.reflect.GeneratedMethodAccessor12
1532:             1             16  sun.reflect.GeneratedMethodAccessor13
1533:             1             16  sun.reflect.GeneratedMethodAccessor14
1534:             1             16  sun.reflect.GeneratedMethodAccessor15
1535:             1             16  sun.reflect.GeneratedMethodAccessor16
1536:             1             16  sun.reflect.GeneratedMethodAccessor17
1537:             1             16  sun.reflect.GeneratedMethodAccessor18
1538:             1             16  sun.reflect.GeneratedMethodAccessor19
1539:             1             16  sun.reflect.GeneratedMethodAccessor2
1540:             1             16  sun.reflect.GeneratedMethodAccessor20
1541:             1             16  sun.reflect.GeneratedMethodAccessor21
1542:             1             16  sun.reflect.GeneratedMethodAccessor22
1543:             1             16  sun.reflect.GeneratedMethodAccessor23
1544:             1             16  sun.reflect.GeneratedMethodAccessor24
1545:             1             16  sun.reflect.GeneratedMethodAccessor25
1546:             1             16  sun.reflect.GeneratedMethodAccessor26
1547:             1             16  sun.reflect.GeneratedMethodAccessor27
1548:             1             16  sun.reflect.GeneratedMethodAccessor28
1549:             1             16  sun.reflect.GeneratedMethodAccessor3
1550:             1             16  sun.reflect.GeneratedMethodAccessor30
1551:             1             16  sun.reflect.GeneratedMethodAccessor31
1552:             1             16  sun.reflect.GeneratedMethodAccessor32
1553:             1             16  sun.reflect.GeneratedMethodAccessor33
1554:             1             16  sun.reflect.GeneratedMethodAccessor34
1555:             1             16  sun.reflect.GeneratedMethodAccessor35
1556:             1             16  sun.reflect.GeneratedMethodAccessor36
1557:             1             16  sun.reflect.GeneratedMethodAccessor37
1558:             1             16  sun.reflect.GeneratedMethodAccessor38
1559:             1             16  sun.reflect.GeneratedMethodAccessor39
1560:             1             16  sun.reflect.GeneratedMethodAccessor4
1561:             1             16  sun.reflect.GeneratedMethodAccessor40
1562:             1             16  sun.reflect.GeneratedMethodAccessor41
1563:             1             16  sun.reflect.GeneratedMethodAccessor42
1564:             1             16  sun.reflect.GeneratedMethodAccessor43
1565:             1             16  sun.reflect.GeneratedMethodAccessor44
1566:             1             16  sun.reflect.GeneratedMethodAccessor45
1567:             1             16  sun.reflect.GeneratedMethodAccessor46
1568:             1             16  sun.reflect.GeneratedMethodAccessor47
1569:             1             16  sun.reflect.GeneratedMethodAccessor48
1570:             1             16  sun.reflect.GeneratedMethodAccessor49
1571:             1             16  sun.reflect.GeneratedMethodAccessor5
1572:             1             16  sun.reflect.GeneratedMethodAccessor50
1573:             1             16  sun.reflect.GeneratedMethodAccessor51
1574:             1             16  sun.reflect.GeneratedMethodAccessor52
1575:             1             16  sun.reflect.GeneratedMethodAccessor53
1576:             1             16  sun.reflect.GeneratedMethodAccessor54
1577:             1             16  sun.reflect.GeneratedMethodAccessor55
1578:             1             16  sun.reflect.GeneratedMethodAccessor56
1579:             1             16  sun.reflect.GeneratedMethodAccessor57
1580:             1             16  sun.reflect.GeneratedMethodAccessor58
1581:             1             16  sun.reflect.GeneratedMethodAccessor59
1582:             1             16  sun.reflect.GeneratedMethodAccessor6
1583:             1             16  sun.reflect.GeneratedMethodAccessor60
1584:             1             16  sun.reflect.GeneratedMethodAccessor61
1585:             1             16  sun.reflect.GeneratedMethodAccessor62
1586:             1             16  sun.reflect.GeneratedMethodAccessor63
1587:             1             16  sun.reflect.GeneratedMethodAccessor64
1588:             1             16  sun.reflect.GeneratedMethodAccessor65
1589:             1             16  sun.reflect.GeneratedMethodAccessor66
1590:             1             16  sun.reflect.GeneratedMethodAccessor67
1591:             1             16  sun.reflect.GeneratedMethodAccessor68
1592:             1             16  sun.reflect.GeneratedMethodAccessor69
1593:             1             16  sun.reflect.GeneratedMethodAccessor7
1594:             1             16  sun.reflect.GeneratedMethodAccessor70
1595:             1             16  sun.reflect.GeneratedMethodAccessor71
1596:             1             16  sun.reflect.GeneratedMethodAccessor72
1597:             1             16  sun.reflect.GeneratedMethodAccessor73
1598:             1             16  sun.reflect.GeneratedMethodAccessor74
1599:             1             16  sun.reflect.GeneratedMethodAccessor75
1600:             1             16  sun.reflect.GeneratedMethodAccessor76
1601:             1             16  sun.reflect.GeneratedMethodAccessor8
1602:             1             16  sun.reflect.GeneratedMethodAccessor9
1603:             1             16  sun.reflect.GeneratedSerializationConstructorAccessor11
1604:             1             16  sun.reflect.GeneratedSerializationConstructorAccessor12
1605:             1             16  sun.reflect.GeneratedSerializationConstructorAccessor16
1606:             1             16  sun.reflect.GeneratedSerializationConstructorAccessor17
1607:             1             16  sun.reflect.GeneratedSerializationConstructorAccessor18
1608:             1             16  sun.reflect.GeneratedSerializationConstructorAccessor22
1609:             1             16  sun.reflect.GeneratedSerializationConstructorAccessor23
1610:             1             16  sun.reflect.GeneratedSerializationConstructorAccessor24
1611:             1             16  sun.reflect.GeneratedSerializationConstructorAccessor26
1612:             1             16  sun.reflect.GeneratedSerializationConstructorAccessor27
1613:             1             16  sun.reflect.GeneratedSerializationConstructorAccessor28
1614:             1             16  sun.reflect.GeneratedSerializationConstructorAccessor29
1615:             1             16  sun.reflect.GeneratedSerializationConstructorAccessor32
1616:             1             16  sun.reflect.GeneratedSerializationConstructorAccessor33
1617:             1             16  sun.reflect.GeneratedSerializationConstructorAccessor39
1618:             1             16  sun.reflect.GeneratedSerializationConstructorAccessor40
1619:             1             16  sun.reflect.GeneratedSerializationConstructorAccessor41
1620:             1             16  sun.reflect.GeneratedSerializationConstructorAccessor6
1621:             1             16  sun.reflect.GeneratedSerializationConstructorAccessor7
1622:             1             16  sun.reflect.GeneratedSerializationConstructorAccessor8
1623:             1             16  sun.reflect.ReflectionFactory
1624:             1             16  sun.reflect.generics.tree.BottomSignature
1625:             1             16  sun.reflect.generics.tree.VoidDescriptor
1626:             1             16  sun.rmi.runtime.Log$LoggerLogFactory
1627:             1             16  sun.rmi.runtime.RuntimeUtil
1628:             1             16  sun.rmi.server.UnicastRef
1629:             1             16  sun.rmi.server.UnicastServerRef$HashToMethod_Maps
1630:             1             16  sun.rmi.transport.DGCImpl$1
1631:             1             16  sun.rmi.transport.DGCImpl_Skel
1632:             1             16  sun.rmi.transport.DGCImpl_Stub
1633:             1             16  sun.rmi.transport.proxy.RMIDirectSocketFactory
1634:             1             16  sun.rmi.transport.tcp.TCPTransport$1
1635:             1             16  sun.security.rsa.RSAKeyFactory
1636:             1             16  sun.security.ssl.DummyX509KeyManager
1637:             1             16  sun.security.ssl.SessionId
1638:             1             16  sun.security.util.AlgorithmDecomposer
1639:             1             16  sun.security.util.ByteArrayLexOrder
1640:             1             16  sun.security.util.ByteArrayTagOrder
1641:             1             16  sun.util.calendar.Gregorian
1642:             1             16  sun.util.locale.provider.AuxLocaleProviderAdapter$NullProvider
1643:             1             16  sun.util.locale.provider.CalendarDataUtility$CalendarWeekParameterGetter
1644:             1             16  sun.util.locale.provider.SPILocaleProviderAdapter
1645:             1             16  sun.util.locale.provider.TimeZoneNameUtility$TimeZoneNameGetter
1646:             1             16  sun.util.resources.LocaleData
1647:             1             16  sun.util.resources.LocaleData$LocaleDataResourceBundleControl
Total       5652423      197083688
