
 num     #instances         #bytes  class name
----------------------------------------------
   1:       2068245       66183840  java.util.HashMap$Node
   2:        561168       27101104  [C
   3:        194046       26059576  [Ljava.util.HashMap$Node;
   4:        337650       16230144  [Ljava.lang.Object;
   5:        129007       11352616  io.vertx.core.eventbus.impl.HandlerRegistration
   6:        448279       10758696  java.lang.String
   7:        129015        9289080  io.netty.channel.DefaultChannelHandlerContext
   8:        455386        7286176  java.lang.Object
   9:         64503        7224336  sun.nio.ch.SocketChannelImpl
  10:         64503        6708312  io.netty.channel.socket.nio.NioSocketChannel
  11:         81750        6541640  [I
  12:        198028        6336896  java.util.concurrent.ConcurrentHashMap$Node
  13:        130062        6242976  java.util.HashMap
  14:        134202        6209272  [B
  15:        258021        6192504  java.net.InetSocketAddress$InetSocketAddressHolder
  16:         64503        6192288  io.vertx.core.net.impl.NetSocketImpl
  17:         64503        5160240  io.netty.handler.timeout.IdleStateHandler
  18:         64508        4644576  io.netty.channel.DefaultChannelPipeline$HeadContext
  19:         64508        4644576  io.netty.channel.DefaultChannelPipeline$TailContext
  20:        129125        4132000  java.util.concurrent.locks.ReentrantLock$NonfairSync
  21:        129049        4129568  java.net.InetAddress$InetAddressHolder
  22:         64508        4128512  io.netty.channel.ChannelOutboundBuffer
  23:        258021        4128336  java.net.InetSocketAddress
  24:        129010        4128320  io.vertx.core.impl.FutureImpl
  25:        129007        4128224  io.vertx.core.eventbus.impl.HandlerHolder
  26:         64503        4128192  io.netty.channel.socket.nio.NioSocketChannel$NioSocketChannelConfig
  27:         64650        3620400  java.util.LinkedHashMap
  28:         64504        3612224  io.netty.util.concurrent.ScheduledFutureTask
  29:         64503        3612168  io.github.giovibal.mqtt.MQTTNetSocket
  30:         64528        3317952  [Ljava.nio.channels.SelectionKey;
  31:        132619        3182856  io.vertx.core.eventbus.impl.EventBusImpl$HandlerEntry
  32:        129107        3098568  java.util.concurrent.CopyOnWriteArrayList
  33:        129031        3096744  java.net.Inet4Address
  34:         64515        3096720  java.nio.HeapByteBuffer
  35:        129025        3096600  java.util.ArrayDeque
  36:         64508        3096384  io.netty.channel.DefaultChannelPipeline
  37:        129016        3096384  io.netty.channel.VoidChannelPromise
  38:        129007        3096168  io.vertx.core.eventbus.impl.Handlers
  39:         64503        3096144  io.github.giovibal.mqtt.MQTTPacketTokenizer
  40:         66581        2663240  java.util.LinkedHashMap$Entry
  41:         64508        2580320  io.netty.channel.AbstractChannel$CloseFuture
  42:         64508        2580320  sun.nio.ch.SelectionKeyImpl
  43:         64503        2580120  io.netty.channel.socket.nio.NioSocketChannel$NioSocketChannelUnsafe
  44:         64503        2580120  sun.nio.ch.SocketAdaptor
  45:         21664        2426368  java.util.GregorianCalendar
  46:         21664        2079744  sun.util.calendar.Gregorian$Date
  47:        129125        2066000  java.util.concurrent.locks.ReentrantLock
  48:        129095        2065520  java.util.concurrent.atomic.AtomicInteger
  49:         64523        2064736  java.io.FileDescriptor
  50:         64508        2064256  io.netty.channel.DefaultChannelId
  51:         64507        2064224  io.netty.channel.AdaptiveRecvByteBufAllocator
  52:         64503        2064096  io.vertx.core.net.impl.NetServerImpl$ServerHandler
  53:         29729        1902656  io.netty.channel.AdaptiveRecvByteBufAllocator$HandleImpl
  54:            72        1617952  [Ljava.util.concurrent.ConcurrentHashMap$Node;
  55:         39710        1588400  java.util.Formatter$FormatSpecifier
  56:         64508        1548192  io.netty.channel.SucceededChannelFuture
  57:         64503        1548072  io.netty.handler.timeout.IdleStateHandler$AllIdleTimeoutTask
  58:         64503        1548072  io.netty.util.concurrent.PromiseTask$RunnableAdapter
  59:         36100        1444000  [Ljava.util.Formatter$Flags;
  60:         21668        1213408  sun.util.calendar.ZoneInfo
  61:         21660        1212960  java.util.Calendar$Builder
  62:         47324        1135776  java.lang.StringBuilder
  63:         68001        1088016  java.lang.Integer
  64:         64558        1032928  java.util.LinkedHashSet
  65:         64508        1032128  io.netty.channel.nio.AbstractNioChannel$1
  66:         64504        1032064  io.github.giovibal.mqtt.parser.ConnAckEncoder
  67:         64504        1032064  io.github.giovibal.mqtt.parser.ConnectEncoder
  68:         64504        1032064  io.github.giovibal.mqtt.parser.DisconnectEncoder
  69:         64504        1032064  io.github.giovibal.mqtt.parser.MQTTEncoder
  70:         64504        1032064  io.github.giovibal.mqtt.parser.PingReqEncoder
  71:         64504        1032064  io.github.giovibal.mqtt.parser.PingRespEncoder
  72:         64504        1032064  io.github.giovibal.mqtt.parser.PubAckEncoder
  73:         64504        1032064  io.github.giovibal.mqtt.parser.PubCompEncoder
  74:         64504        1032064  io.github.giovibal.mqtt.parser.PubRecEncoder
  75:         64504        1032064  io.github.giovibal.mqtt.parser.PubRelEncoder
  76:         64504        1032064  io.github.giovibal.mqtt.parser.PublishEncoder
  77:         64504        1032064  io.github.giovibal.mqtt.parser.SubAckEncoder
  78:         64504        1032064  io.github.giovibal.mqtt.parser.SubscribeEncoder
  79:         64504        1032064  io.github.giovibal.mqtt.parser.UnsubAckEncoder
  80:         64504        1032064  io.github.giovibal.mqtt.parser.UnsubscribeEncoder
  81:         64503        1032048  io.github.giovibal.mqtt.MQTTNetSocket$$Lambda$49/1697981574
  82:         64503        1032048  io.github.giovibal.mqtt.MQTTNetSocket$$Lambda$50/1689785694
  83:         64503        1032048  io.github.giovibal.mqtt.MQTTNetSocket$$Lambda$51/757622678
  84:         64503        1032048  io.github.giovibal.mqtt.parser.ConnAckDecoder
  85:         64503        1032048  io.github.giovibal.mqtt.parser.ConnectDecoder
  86:         64503        1032048  io.github.giovibal.mqtt.parser.DisconnectDecoder
  87:         64503        1032048  io.github.giovibal.mqtt.parser.MQTTDecoder
  88:         64503        1032048  io.github.giovibal.mqtt.parser.PingReqDecoder
  89:         64503        1032048  io.github.giovibal.mqtt.parser.PingRespDecoder
  90:         64503        1032048  io.github.giovibal.mqtt.parser.PubAckDecoder
  91:         64503        1032048  io.github.giovibal.mqtt.parser.PubCompDecoder
  92:         64503        1032048  io.github.giovibal.mqtt.parser.PubRecDecoder
  93:         64503        1032048  io.github.giovibal.mqtt.parser.PubRelDecoder
  94:         64503        1032048  io.github.giovibal.mqtt.parser.PublishDecoder
  95:         64503        1032048  io.github.giovibal.mqtt.parser.SubAckDecoder
  96:         64503        1032048  io.github.giovibal.mqtt.parser.SubscribeDecoder
  97:         64503        1032048  io.github.giovibal.mqtt.parser.UnsubAckDecoder
  98:         64503        1032048  io.github.giovibal.mqtt.parser.UnsubscribeDecoder
  99:         64503        1032048  io.netty.handler.timeout.IdleStateHandler$1
 100:         64503        1032048  io.vertx.core.net.impl.NetSocketImpl$$Lambda$47/1230589605
 101:         21840         873008  [Z
 102:         28880         693120  java.util.Formatter$FixedString
 103:         39720         635520  java.util.Formatter$Flags
 104:         29729         475664  java.nio.channels.spi.AbstractInterruptibleChannel$1
 105:          4140         462496  java.lang.Class
 106:         15427         370248  io.netty.channel.AbstractChannel$AbstractUnsafe$7
 107:          3610         346560  [Ljava.util.Formatter$FormatString;
 108:          3610         231040  java.util.regex.Matcher
 109:          2119         186472  java.lang.reflect.Method
 110:          3611         173328  java.nio.HeapCharBuffer
 111:          3610         115520  java.util.Formatter
 112:          1543          98752  java.nio.DirectByteBuffer
 113:          3612          86680  [Ljava.util.logging.Handler;
 114:          1014          73008  java.lang.reflect.Field
 115:          1730          69200  java.util.TreeMap$Entry
 116:          2745          64968  [Ljava.lang.Class;
 117:           865          55360  io.netty.buffer.PoolSubpage
 118:            78          51168  io.netty.util.internal.shaded.org.jctools.queues.MpscArrayQueue
 119:          1418          45376  sun.security.util.DerInputBuffer
 120:          1418          45376  sun.security.util.DerValue
 121:           560          44800  java.lang.reflect.Constructor
 122:           975          39000  java.math.BigInteger
 123:           828          34832  [Ljava.lang.String;
 124:          1418          34032  sun.security.util.DerInputStream
 125:          1406          33744  [Lsun.security.x509.AVA;
 126:          1406          33744  sun.security.x509.AVA
 127:          1406          33744  sun.security.x509.RDN
 128:          1051          33632  java.io.ObjectStreamClass$WeakClassKey
 129:          1315          31560  java.lang.Long
 130:          1805          28880  io.vertx.core.net.impl.VertxHandler$$Lambda$56/1831286083
 131:           722          28880  java.lang.ref.SoftReference
 132:           850          27200  java.util.Hashtable$Entry
 133:             7          24688  [Ljava.nio.ByteBuffer;
 134:          1527          24432  io.vertx.core.net.impl.VertxHandler$$Lambda$55/1830044585
 135:           433          24248  java.lang.Class$ReflectionData
 136:           226          23504  java.io.ObjectStreamClass
 137:           485          23280  java.util.TreeMap
 138:           699          22368  sun.security.util.ObjectIdentifier
 139:           243          22072  [Ljava.util.Hashtable$Entry;
 140:           355          19880  java.lang.invoke.MemberName
 141:           288          18432  java.util.concurrent.ConcurrentHashMap
 142:           369          17712  sun.security.x509.X500Name
 143:           523          16736  sun.security.x509.AlgorithmId
 144:           446          14272  java.util.Vector
 145:           174          13920  sun.security.x509.X509CertImpl
 146:           106          13136  [J
 147:           532          12768  java.util.ArrayList
 148:           195          12504  [Ljava.lang.reflect.Method;
 149:           369          12448  [Lsun.security.x509.RDN;
 150:            49          12432  [Lio.netty.buffer.PoolSubpage;
 151:           213          11928  sun.security.ssl.CipherSuite
 152:           298          11920  java.lang.invoke.MethodType
 153:           196          10976  java.security.Provider$Service
 154:            19          10944  io.netty.util.internal.shaded.org.jctools.queues.MpscChunkedArrayQueue
 155:           341          10912  sun.misc.FDBigInteger
 156:           227          10896  java.util.Hashtable
 157:           320          10240  java.lang.invoke.MethodType$ConcurrentWeakInternSet$WeakEntry
 158:           411           9864  java.security.Provider$ServiceKey
 159:           174           9744  sun.security.util.MemoryCache$SoftCacheEntry
 160:           174           9744  sun.security.x509.X509CertInfo
 161:           287           9184  java.lang.invoke.LambdaForm$Name
 162:           126           9072  sun.reflect.DelegatingClassLoader
 163:           225           9000  java.security.ProtectionDomain
 164:           183           8784  java.util.logging.LogManager$LoggerWeakRef
 165:           144           8640  [Ljava.lang.ref.SoftReference;
 166:           357           8568  java.util.Date
 167:            21           7896  java.lang.Thread
 168:            99           7856  [S
 169:           196           7840  java.io.ObjectStreamField
 170:           184           7360  java.util.WeakHashMap$Entry
 171:           220           7040  java.security.CodeSource
 172:           122           6832  java.lang.Package
 173:           284           6816  javax.management.openmbean.CompositeDataSupport
 174:            90           6480  java.util.logging.Logger
 175:           162           6480  sun.security.rsa.RSAPublicKeyImpl
 176:           260           6224  [Ljava.lang.reflect.Constructor;
 177:           192           6144  java.lang.ref.WeakReference
 178:           196           6088  [Ljavax.management.ObjectName$Property;
 179:           144           5760  io.netty.buffer.PoolChunkList
 180:           121           5712  [Ljava.lang.reflect.Field;
 181:           172           5504  java.util.Collections$SynchronizedMap
 182:            59           5440  [Ljava.util.WeakHashMap$Entry;
 183:           165           5280  sun.security.x509.BasicConstraintsExtension
 184:           158           5056  sun.security.x509.SubjectKeyIdentifierExtension
 185:           104           4992  java.lang.invoke.LambdaForm
 186:           109           4944  [Ljava.lang.invoke.LambdaForm$Name;
 187:           154           4928  sun.security.x509.KeyUsageExtension
 188:           291           4656  java.util.HashSet
 189:           291           4656  java.util.TreeMap$KeySet
 190:           145           4640  java.util.TreeMap$KeyIterator
 191:           193           4632  javax.management.ImmutableDescriptor
 192:           143           4576  java.lang.invoke.DirectMethodHandle
 193:           114           4560  java.io.ObjectStreamClass$FieldReflectorKey
 194:            80           4480  java.lang.invoke.MethodTypeForm
 195:           137           4384  java.util.logging.LogManager$LogNode
 196:           174           4176  java.util.Collections$UnmodifiableRandomAccessList
 197:           174           4176  sun.security.util.BitArray
 198:           174           4176  sun.security.util.Cache$EqualByteArray
 199:           174           4176  sun.security.x509.CertificateValidity
 200:           130           4160  com.sun.jmx.mbeanserver.ConvertingMethod
 201:           171           4104  javax.management.Attribute
 202:           256           4096  java.lang.Byte
 203:           256           4096  java.lang.Short
 204:           170           4080  sun.reflect.NativeConstructorAccessorImpl
 205:           165           3960  sun.security.x509.CertificateExtensions
 206:           120           3840  io.netty.util.internal.chmv8.LongAdderV8
 207:           156           3744  java.util.Arrays$ArrayList
 208:           225           3600  [Ljava.security.Principal;
 209:            90           3600  java.io.ObjectOutputStream$HandleTable
 210:           150           3600  java.io.SerialCallbackContext
 211:           225           3600  java.security.ProtectionDomain$Key
 212:            44           3520  java.net.URI
 213:           211           3376  sun.security.x509.KeyIdentifier
 214:           139           3336  com.mongodb.internal.connection.ConcurrentLinkedDeque$Node
 215:            81           3240  java.util.HashMap$KeyIterator
 216:            45           3240  sun.rmi.transport.ConnectionInputStream
 217:            45           3240  sun.rmi.transport.ConnectionOutputStream
 218:            51           3144  [Ljava.io.ObjectInputStream$HandleTable$HandleList;
 219:            97           3104  java.rmi.server.UID
 220:           129           3096  java.lang.invoke.LambdaForm$NamedFunction
 221:            77           3080  javax.management.ObjectName
 222:           190           3040  sun.security.x509.SerialNumber
 223:            31           3008  [Ljava.lang.invoke.MethodHandle;
 224:           125           3000  javax.management.ObjectName$Property
 225:            45           2880  javax.management.openmbean.OpenMBeanAttributeInfoSupport
 226:           178           2848  sun.reflect.DelegatingConstructorAccessorImpl
 227:           174           2784  sun.security.x509.CertificateAlgorithmId
 228:           174           2784  sun.security.x509.CertificateSerialNumber
 229:           174           2784  sun.security.x509.CertificateVersion
 230:           174           2784  sun.security.x509.CertificateX509Key
 231:            51           2664  [Ljavax.management.MBeanAttributeInfo;
 232:           110           2640  java.util.Collections$UnmodifiableCollection$1
 233:            54           2592  java.util.WeakHashMap
 234:           137           2568  [Lcom.sun.jmx.mbeanserver.MXBeanMapping;
 235:            45           2520  java.io.ObjectInputStream$BlockDataInputStream
 236:            63           2520  java.lang.ref.Finalizer
 237:            78           2496  java.lang.ref.ReferenceQueue
 238:            39           2496  java.net.URL
 239:           103           2472  [[C
 240:            50           2400  javax.management.MBeanInfo
 241:            98           2352  java.security.Provider$UString
 242:            84           2336  [Ljava.io.ObjectStreamField;
 243:            72           2304  io.netty.buffer.PoolThreadCache$SubPageMemoryRegionCache
 244:            69           2208  javax.management.MBeanAttributeInfo
 245:            53           2120  sun.security.ec.NamedCurve
 246:            53           2120  sun.security.x509.AuthorityKeyIdentifierExtension
 247:            88           2112  java.io.ObjectStreamClass$ClassDataSlot
 248:            88           2112  java.util.jar.Attributes$Name
 249:             2           2080  [Lio.netty.util.Recycler$DefaultHandle;
 250:           128           2048  java.lang.Character
 251:            63           2016  java.io.DataOutputStream
 252:            28           2016  javax.management.remote.rmi.RMIConnectionImpl$CombinedClassLoader
 253:            28           2016  javax.management.remote.rmi.RMIConnectionImpl$CombinedClassLoader$ClassLoaderWrapper
 254:            27           1944  com.sun.jmx.remote.util.OrderClassLoaders
 255:            39           1872  sun.util.locale.LocaleObjectCache$CacheEntry
 256:            45           1800  java.io.ObjectOutputStream$BlockDataOutputStream
 257:            75           1800  sun.reflect.generics.tree.SimpleClassTypeSignature
 258:            36           1728  java.lang.management.MemoryUsage
 259:            70           1696  [Ljava.io.ObjectStreamClass$ClassDataSlot;
 260:            53           1696  java.security.spec.EllipticCurve
 261:             4           1672  [[B
 262:           103           1648  sun.reflect.DelegatingMethodAccessorImpl
 263:            51           1632  com.mongodb.internal.connection.ConcurrentPool
 264:            12           1632  io.netty.buffer.PoolArena$DirectArena
 265:            12           1632  io.netty.buffer.PoolArena$HeapArena
 266:             4           1632  io.vertx.core.impl.VertxThread
 267:            51           1632  java.io.DataInputStream
 268:            51           1632  java.util.concurrent.Semaphore$FairSync
 269:            67           1608  java.lang.Class$AnnotationData
 270:            40           1600  sun.reflect.UnsafeQualifiedStaticLongFieldAccessorImpl
 271:            66           1584  java.security.spec.ECPoint
 272:            47           1504  sun.rmi.transport.StreamRemoteCall
 273:            47           1504  sun.rmi.transport.Transport$1
 274:            26           1456  sun.nio.cs.UTF_8$Encoder
 275:            45           1440  java.io.ObjectInputStream$HandleTable
 276:            36           1440  sun.management.DiagnosticCommandArgumentInfo
 277:            90           1440  sun.rmi.transport.Transport$$Lambda$54/1508417226
 278:            89           1424  sun.security.x509.GeneralName
 279:            44           1408  sun.security.x509.URIName
 280:            75           1384  [Lsun.reflect.generics.tree.TypeArgument;
 281:             1           1376  [Lsun.misc.FDBigInteger;
 282:            42           1344  javax.management.AttributeList
 283:             9           1296  io.netty.channel.nio.NioEventLoop
 284:            55           1288  [Ljava.lang.reflect.Type;
 285:            39           1280  [Ljava.math.BigInteger;
 286:            80           1280  java.lang.ref.ReferenceQueue$Lock
 287:            52           1248  com.mongodb.internal.connection.ConcurrentLinkedDeque
 288:            26           1248  sun.management.DiagnosticCommandInfo
 289:            31           1240  java.security.AccessControlContext
 290:            51           1224  java.util.regex.Pattern$Slice
 291:            50           1200  com.mongodb.internal.connection.PowerOfTwoBufferPool$1
 292:            30           1200  java.io.ObjectStreamClass$FieldReflector
 293:            30           1200  java.math.BigDecimal
 294:            30           1200  sun.reflect.UnsafeQualifiedStaticObjectFieldAccessorImpl
 295:            75           1200  sun.reflect.generics.tree.ClassTypeSignature
 296:            49           1176  java.rmi.server.ObjID
 297:            36           1152  java.security.cert.PolicyQualifierInfo
 298:            36           1152  java.util.concurrent.locks.AbstractQueuedSynchronizer$Node
 299:            48           1152  sun.rmi.transport.ObjectEndpoint
 300:             2           1144  [Lorg.bson.BsonType;
 301:             4           1128  [Ljava.lang.Integer;
 302:            14           1120  [Ljava.lang.ThreadLocal$ThreadLocalMap$Entry;
 303:            35           1120  sun.security.x509.DistributionPoint
 304:            46           1104  [Lcom.fasterxml.jackson.databind.JavaType;
 305:            45           1080  java.io.ObjectInputStream$PeekInputStream
 306:            45           1080  java.io.ObjectOutputStream$ReplaceTable
 307:            22           1056  com.fasterxml.jackson.databind.type.SimpleType
 308:            66           1056  sun.security.x509.GeneralNames
 309:             1           1040  [Ljava.lang.Byte;
 310:             1           1040  [Ljava.lang.Long;
 311:             1           1040  [Ljava.lang.Short;
 312:            40           1024  [Ljavax.management.MBeanOperationInfo;
 313:            32           1024  java.lang.ThreadLocal$ThreadLocalMap$Entry
 314:            30            960  java.security.Provider$EngineDescription
 315:            60            960  java.util.Collections$UnmodifiableSet
 316:            60            960  java.util.concurrent.Semaphore
 317:            38            912  io.netty.util.internal.logging.JdkLogger
 318:            57            912  java.util.HashMap$Values
 319:            28            896  io.netty.channel.ChannelOption
 320:             8            896  java.net.SocksSocketImpl
 321:            12            864  com.fasterxml.jackson.databind.introspect.AnnotatedClass
 322:            27            864  com.fasterxml.jackson.databind.type.TypeBindings
 323:            27            864  java.lang.invoke.DirectMethodHandle$Special
 324:            27            864  sun.security.x509.CRLDistributionPointsExtension
 325:            27            864  sun.security.x509.CertificatePoliciesExtension
 326:            15            840  javax.management.openmbean.ArrayType
 327:            21            840  sun.nio.cs.UTF_8$Decoder
 328:            26            832  java.util.AbstractList$Itr
 329:            13            832  java.util.jar.JarFile
 330:            26            832  sun.management.DiagnosticCommandImpl$Wrapper
 331:            20            800  com.sun.jmx.mbeanserver.MXBeanSupport
 332:            20            800  javax.management.MBeanOperationInfo
 333:            50            800  sun.reflect.BootstrapConstructorAccessorImpl
 334:            50            800  sun.security.x509.DNSName
 335:            11            792  java.util.regex.Pattern
 336:            14            784  com.fasterxml.jackson.databind.type.MapType
 337:            24            768  com.fasterxml.jackson.databind.DeserializationFeature
 338:            16            768  com.fasterxml.jackson.databind.util.ClassUtil$ClassMetadata
 339:             8            768  com.mongodb.connection.ServerDescription
 340:            32            768  com.sun.jmx.mbeanserver.DefaultMXBeanMappingFactory$IdentityMapping
 341:            16            768  sun.misc.URLClassPath$JarLoader
 342:            24            768  sun.security.x509.OIDMap$OIDInfo
 343:            19            760  sun.util.locale.BaseLocale$Key
 344:            34            744  [Lsun.reflect.generics.tree.FieldTypeSignature;
 345:            23            736  com.fasterxml.jackson.databind.SerializationFeature
 346:            46            736  com.fasterxml.jackson.databind.introspect.AnnotationMap
 347:            23            736  sun.management.MappedMXBeanType$BasicMXBeanType
 348:            13            728  javax.management.openmbean.CompositeType
 349:            30            720  java.io.ExpiringCache$Entry
 350:            45            720  java.io.ObjectInputStream$ValidationList
 351:            15            720  java.lang.management.PlatformComponent
 352:             5            720  java.text.DecimalFormat
 353:            45            720  sun.rmi.server.MarshalOutputStream$1
 354:            21            672  com.fasterxml.jackson.databind.MapperFeature
 355:            21            672  com.sun.jmx.mbeanserver.WeakIdentityHashMap$IdentityWeakReference
 356:            21            672  java.util.LinkedList
 357:            12            672  java.util.ResourceBundle$CacheKey
 358:            14            672  java.util.WeakHashMap$KeyIterator
 359:             7            672  java.util.jar.JarFile$JarFileEntry
 360:            28            672  sun.reflect.NativeMethodAccessorImpl
 361:            12            672  sun.security.ssl.CipherSuite$BulkCipher
 362:            41            656  java.util.jar.Attributes
 363:             9            648  sun.nio.ch.EPollArrayWrapper
 364:             9            648  sun.nio.ch.EPollSelectorImpl
 365:            27            648  sun.security.x509.PolicyInformation
 366:            40            640  java.util.TreeMap$EntrySet
 367:            20            640  java.util.concurrent.CountDownLatch$Sync
 368:            20            640  java.util.regex.Pattern$Curly
 369:             3            624  [Ljava.lang.invoke.LambdaForm;
 370:            13            624  com.fasterxml.jackson.core.JsonToken
 371:            26            624  java.security.spec.ECFieldF2m
 372:            19            608  java.util.Locale
 373:            19            608  javax.management.MBeanParameterInfo
 374:            19            608  sun.reflect.generics.reflectiveObjects.TypeVariableImpl
 375:            19            608  sun.util.locale.BaseLocale
 376:            25            600  org.bson.codecs.configuration.ChildCodecRegistry
 377:            26            592  [Lsun.management.DiagnosticCommandArgumentInfo;
 378:            12            576  java.util.ResourceBundle$BundleReference
 379:            24            576  sun.reflect.generics.factory.CoreReflectionFactory
 380:            24            576  sun.reflect.generics.reflectiveObjects.ParameterizedTypeImpl
 381:            24            560  [Ljava.lang.reflect.TypeVariable;
 382:            10            560  com.fasterxml.jackson.databind.type.CollectionType
 383:            14            560  java.util.IdentityHashMap
 384:             2            560  java.util.concurrent.ConcurrentHashMap$CounterCell
 385:            14            560  javax.management.openmbean.SimpleType
 386:            10            560  sun.invoke.util.Wrapper
 387:             4            552  [D
 388:            23            552  com.sun.jmx.mbeanserver.NamedObject
 389:            23            552  com.sun.jmx.mbeanserver.PerInterface$MethodAndSig
 390:            23            552  java.util.concurrent.atomic.AtomicLong
 391:             7            544  [Ljava.lang.Thread;
 392:            17            544  java.net.Inet6Address
 393:            17            544  java.net.Inet6Address$Inet6AddressHolder
 394:            17            544  java.util.concurrent.SynchronousQueue$TransferStack$SNode
 395:            17            544  sun.reflect.generics.repository.ClassRepository
 396:             1            528  [Ljava.lang.Character;
 397:             1            528  [Ljava.util.TimerTask;
 398:            33            528  sun.security.x509.CertificatePolicyId
 399:            10            520  [Ljava.util.regex.Pattern$Node;
 400:            13            520  com.sun.jmx.mbeanserver.PerInterface
 401:            13            520  java.lang.invoke.MethodHandleImpl$IntrinsicMethodHandle
 402:            25            512  [Lsun.reflect.generics.tree.FormalTypeParameter;
 403:            16            512  io.netty.util.concurrent.DefaultPromise
 404:            16            512  java.lang.invoke.BoundMethodHandle$Species_L
 405:            16            512  sun.security.ssl.CipherSuite$KeyExchange
 406:            21            504  org.bson.BsonType
 407:            21            504  sun.security.x509.Extension
 408:            20            480  [Ljavax.management.MBeanParameterInfo;
 409:            12            480  java.lang.reflect.InvocationTargetException
 410:            30            480  java.util.HashMap$KeySet
 411:            15            480  java.util.zip.ZipCoder
 412:            10            480  javax.management.Notification
 413:            20            480  javax.management.openmbean.TabularDataSupport
 414:            12            480  sun.security.ec.ECPublicKeyImpl
 415:            29            464  java.util.concurrent.atomic.AtomicBoolean
 416:             6            456  [Lsun.invoke.util.Wrapper;
 417:            19            456  java.util.Locale$LocaleKey
 418:            19            456  sun.reflect.generics.tree.FormalTypeParameter
 419:             8            448  javax.management.openmbean.OpenMBeanParameterInfoSupport
 420:            14            448  sun.security.ssl.SignatureAndHashAlgorithm
 421:             1            432  [[[C
 422:             9            432  com.fasterxml.jackson.databind.introspect.BasicBeanDescription
 423:            27            432  java.security.spec.ECFieldFp
 424:            18            432  java.text.DateFormat$Field
 425:             9            432  java.util.concurrent.ThreadPoolExecutor$Worker
 426:             9            432  java.util.zip.Inflater
 427:            18            432  org.bson.BsonElement
 428:            18            432  sun.reflect.generics.scope.ClassScope
 429:             6            416  [Lio.netty.buffer.PoolThreadCache$MemoryRegionCache;
 430:            13            416  com.fasterxml.jackson.databind.introspect.AnnotatedConstructor
 431:            13            416  java.lang.invoke.SimpleMethodHandle
 432:            13            416  java.util.ArrayList$Itr
 433:            26            416  java.util.concurrent.atomic.AtomicReference
 434:             3            408  io.netty.util.internal.InternalThreadLocalMap
 435:            17            408  java.io.ObjectStreamClass$ExceptionInfo
 436:            17            408  java.util.concurrent.locks.AbstractQueuedSynchronizer$ConditionObject
 437:            17            408  sun.reflect.generics.tree.ClassSignature
 438:            10            400  java.lang.invoke.DirectMethodHandle$Accessor
 439:             7            392  java.lang.invoke.LambdaFormEditor$Transform
 440:            16            384  com.mongodb.connection.ByteBufferBsonOutput$BufferPositionPair
 441:             1            384  io.netty.util.concurrent.FastThreadLocalThread
 442:             1            384  java.lang.ref.Finalizer$FinalizerThread
 443:            12            384  java.security.AlgorithmParameters
 444:            12            384  java.util.ResourceBundle$LoaderReference
 445:             1            384  java.util.TimerThread
 446:             1            384  java.util.logging.LogManager$Cleaner
 447:            16            384  sun.nio.ch.OptionKey
 448:            16            384  sun.nio.ch.SocketOptionRegistry$RegistryKey
 449:            12            384  sun.security.x509.NetscapeCertTypeExtension
 450:            12            384  sun.security.x509.SubjectAlternativeNameExtension
 451:            17            376  [Lsun.reflect.generics.tree.ClassTypeSignature;
 452:             1            376  java.lang.ref.Reference$ReferenceHandler
 453:            17            368  [Ljavax.management.MBeanNotificationInfo;
 454:             5            360  io.vertx.core.impl.EventLoopContext
 455:            15            360  java.lang.invoke.Invokers
 456:            15            360  java.util.BitSet
 457:            15            360  java.util.regex.Pattern$Ctype
 458:            15            360  javax.management.StandardMBean
 459:            15            360  sun.reflect.annotation.AnnotationInvocationHandler
 460:            14            352  [Lcom.fasterxml.jackson.databind.introspect.AnnotationMap;
 461:            11            352  com.fasterxml.jackson.core.JsonParser$Feature
 462:            22            352  io.vertx.core.logging.JULLogDelegate
 463:            22            352  io.vertx.core.logging.Logger
 464:             7            336  com.sun.jmx.mbeanserver.DefaultMXBeanMappingFactory$CompositeMapping
 465:            14            336  com.sun.jmx.remote.util.ClassLogger
 466:            14            336  java.lang.RuntimePermission
 467:            14            336  java.lang.ThreadLocal$ThreadLocalMap
 468:            14            336  java.lang.invoke.LambdaFormEditor$Transform$Kind
 469:            14            336  java.lang.management.ManagementPermission
 470:             6            336  java.nio.DirectLongBufferU
 471:            14            336  java.util.regex.Pattern$GroupTail
 472:             6            336  sun.management.MemoryPoolImpl
 473:            16            328  [Ljava.lang.management.PlatformComponent;
 474:            10            320  com.fasterxml.jackson.core.JsonGenerator$Feature
 475:            10            320  io.vertx.core.impl.OrderedExecutorFactory$OrderedExecutor
 476:             5            320  io.vertx.core.net.impl.SSLHelper
 477:            10            320  java.io.File
 478:            10            320  java.lang.OutOfMemoryError
 479:             5            320  java.text.DateFormatSymbols
 480:             5            320  java.text.DecimalFormatSymbols
 481:            20            320  java.util.concurrent.CountDownLatch
 482:            10            320  java.util.regex.Pattern$Branch
 483:            20            320  sun.reflect.generics.tree.TypeVariableSignature
 484:             8            320  sun.rmi.transport.tcp.TCPEndpoint
 485:             8            320  sun.security.ssl.SignatureAndHashAlgorithm$HashAlgorithm
 486:             3            312  io.netty.channel.socket.nio.NioServerSocketChannel
 487:            13            312  java.util.regex.Pattern$GroupHead
 488:            13            312  sun.nio.ch.Invoker$GroupAndInvokeCount
 489:            19            304  java.util.LinkedHashMap$LinkedEntrySet
 490:             2            288  [Lcom.fasterxml.jackson.core.sym.CharsToNameCanonicalizer$Bucket;
 491:             9            288  com.mongodb.WriteConcern
 492:             9            288  io.netty.channel.nio.SelectedSelectionKeySet
 493:             9            288  java.security.Permissions
 494:            12            288  java.util.Collections$SingletonList
 495:             9            288  java.util.concurrent.Semaphore$NonfairSync
 496:             4            288  java.util.concurrent.ThreadPoolExecutor
 497:             9            288  java.util.logging.Level
 498:             9            288  jdk.internal.org.objectweb.asm.Type
 499:            18            288  org.bson.BsonInt32
 500:            12            288  sun.management.MemoryUsageCompositeData
 501:             9            288  sun.nio.ch.AllocatedNativeObject
 502:             3            288  sun.nio.ch.ServerSocketChannelImpl
 503:             9            288  sun.security.jca.ProviderConfig
 504:             6            288  sun.util.locale.provider.LocaleResources$ResourceReference
 505:             7            280  sun.misc.Cleaner
 506:            11            264  java.net.StandardSocketOptions$StdSocketOption
 507:             8            256  com.fasterxml.jackson.databind.util.ClassUtil$Ctor
 508:             2            256  io.vertx.core.http.HttpServerOptions
 509:            16            256  java.lang.ThreadLocal
 510:             4            256  java.security.SecureRandom
 511:             4            256  java.text.SimpleDateFormat
 512:             8            256  java.util.ArrayList$ListItr
 513:            16            256  java.util.LinkedHashMap$LinkedKeySet
 514:             8            256  java.util.Stack
 515:             8            256  javax.management.MBeanNotificationInfo
 516:             8            256  sun.misc.ProxyGenerator$PrimitiveTypeInfo
 517:             2            256  sun.nio.ch.DatagramChannelImpl
 518:             8            256  sun.nio.ch.Invoker$2
 519:             8            256  sun.reflect.generics.tree.MethodTypeSignature
 520:             8            256  sun.security.x509.GeneralSubtree
 521:             8            248  [Ljava.lang.invoke.LambdaForm$BasicType;
 522:             6            240  [Ljava.lang.invoke.BoundMethodHandle$SpeciesData;
 523:            14            240  [Ljavax.management.MBeanConstructorInfo;
 524:             3            240  com.fasterxml.jackson.databind.deser.std.StdValueInstantiator
 525:            10            240  com.sun.jmx.remote.internal.ArrayNotificationBuffer$NamedNotification
 526:            10            240  java.security.CryptoPrimitive
 527:             6            240  java.util.EnumMap
 528:             5            240  java.util.Properties
 529:            10            240  java.util.regex.Pattern$Start
 530:             6            240  sun.management.MemoryPoolImpl$CollectionSensor
 531:             6            240  sun.management.MemoryPoolImpl$PoolSensor
 532:             6            240  sun.reflect.generics.repository.MethodRepository
 533:            10            240  sun.rmi.runtime.Log$LoggerLog
 534:            15            240  sun.security.x509.RFC822Name
 535:            11            232  [Ljava.lang.StackTraceElement;
 536:            10            232  [Ljava.security.ProtectionDomain;
 537:             2            224  [Lcom.fasterxml.jackson.databind.DeserializationFeature;
 538:             2            224  [Lcom.fasterxml.jackson.databind.SerializationFeature;
 539:             7            224  java.io.FileInputStream
 540:             7            224  java.lang.StackTraceElement
 541:             7            224  java.lang.UnsupportedOperationException
 542:             7            224  java.lang.reflect.Proxy$Key1
 543:             7            224  java.lang.reflect.WeakCache$CacheValue
 544:             7            224  java.nio.DirectByteBuffer$Deallocator
 545:             7            224  java.util.Collections$UnmodifiableMap
 546:             9            216  com.fasterxml.jackson.annotation.JsonFormat$Shape
 547:             9            216  java.util.logging.Level$KnownLevel
 548:             9            216  java.util.regex.Pattern$BitClass
 549:             9            216  java.util.zip.ZStreamRef
 550:             9            216  org.bson.AbstractBsonReader$State
 551:             9            216  sun.nio.ch.AsynchronousChannelGroupImpl$1
 552:             9            216  sun.util.logging.PlatformLogger$Level
 553:             2            208  [Lcom.fasterxml.jackson.databind.MapperFeature;
 554:            13            208  [Ljava.lang.annotation.Annotation;
 555:             7            208  [Ljava.lang.invoke.LambdaForm$NamedFunction;
 556:             2            208  io.netty.channel.socket.nio.NioDatagramChannel
 557:             2            208  io.netty.util.internal.ThreadLocalRandom
 558:             2            208  io.vertx.core.http.impl.HttpServerImpl
 559:             2            208  io.vertx.core.net.NetClientOptions
 560:            13            208  org.bson.codecs.configuration.Optional$Some
 561:             2            200  [Ljava.text.DateFormat$Field;
 562:             7            200  [Lorg.bson.AbstractBsonWriter$State;
 563:             5            200  io.netty.channel.nio.AbstractNioMessageChannel$NioMessageUnsafe
 564:             5            200  java.lang.ClassLoader$NativeLibrary
 565:             5            200  java.lang.invoke.BoundMethodHandle$SpeciesData
 566:             5            200  java.text.DigitList
 567:             5            200  java.util.stream.StreamOpFlag
 568:             8            192  com.fasterxml.jackson.databind.util.LRUMap
 569:             8            192  com.mongodb.connection.RequestMessage$OpCode
 570:             2            192  com.mongodb.connection.ServerDescription$Builder
 571:             8            192  com.sun.jmx.interceptor.DefaultMBeanServerInterceptor$ListenerWrapper
 572:             6            192  io.netty.buffer.PoolThreadCache$NormalMemoryRegionCache
 573:             3            192  io.netty.channel.socket.nio.NioServerSocketChannel$NioServerSocketChannelConfig
 574:             6            192  java.lang.invoke.LambdaForm$BasicType
 575:             8            192  java.lang.invoke.MethodHandleImpl$Intrinsic
 576:             8            192  java.math.RoundingMode
 577:            12            192  java.util.Collections$UnmodifiableMap$UnmodifiableEntrySet$UnmodifiableEntry
 578:             6            192  java.util.RegularEnumSet
 579:             8            192  java.util.regex.Pattern$Single
 580:             8            192  jdk.net.SocketFlow$Status
 581:             6            192  sun.management.NotificationEmitterSupport$ListenerInfo
 582:             4            192  sun.nio.cs.StreamEncoder
 583:             6            192  sun.reflect.annotation.AnnotationType
 584:            12            192  sun.security.ec.ECParameters
 585:             2            192  sun.security.jgss.SunProvider
 586:             3            192  sun.security.provider.NativePRNG$RandomIO
 587:            11            176  java.lang.Boolean
 588:            11            176  java.util.Collections$SingletonSet
 589:             2            176  javax.management.remote.rmi.NoCallStackClassLoader
 590:             7            168  [Ljava.net.InetAddress;
 591:             1            168  [[Ljava.math.BigInteger;
 592:             3            168  com.fasterxml.jackson.core.sym.CharsToNameCanonicalizer
 593:             3            168  com.fasterxml.jackson.databind.cfg.BaseSettings
 594:             3            168  com.fasterxml.jackson.databind.deser.std.MapDeserializer
 595:             3            168  io.vertx.core.DeploymentOptions
 596:             7            168  java.net.NetPermission
 597:             7            168  java.util.regex.Pattern$1
 598:             3            168  javax.management.openmbean.OpenMBeanOperationInfoSupport
 599:             7            168  org.bson.BsonBinarySubType
 600:             7            168  sun.management.counter.Units
 601:             3            168  sun.rmi.transport.Target
 602:             3            168  sun.rmi.transport.tcp.TCPChannel
 603:             3            168  sun.rmi.transport.tcp.TCPConnection
 604:             7            168  sun.security.x509.AccessDescription
 605:             7            168  sun.security.x509.NetscapeCertTypeExtension$MapEntry
 606:             4            160  [Lio.netty.buffer.PoolArena;
 607:             2            160  [Ljava.util.concurrent.RunnableScheduledFuture;
 608:             4            160  com.fasterxml.jackson.core.Base64Variant
 609:             2            160  com.fasterxml.jackson.databind.SerializationConfig
 610:            10            160  com.mongodb.TagSet
 611:             2            160  io.netty.resolver.dns.DnsNameResolver
 612:            10            160  io.vertx.core.impl.OrderedExecutorFactory$OrderedExecutor$$Lambda$16/173099767
 613:             4            160  io.vertx.core.impl.VertxThreadFactory
 614:            10            160  io.vertx.core.json.JsonObject
 615:             4            160  java.io.BufferedInputStream
 616:             5            160  java.lang.StringCoding$StringEncoder
 617:             5            160  java.nio.channels.ClosedChannelException
 618:             2            160  java.util.concurrent.ScheduledThreadPoolExecutor
 619:            10            160  java.util.regex.Pattern$BranchConn
 620:             5            160  javax.management.StandardEmitterMBean
 621:             4            160  org.bson.BsonBinaryReader$Context
 622:             2            160  sun.net.www.protocol.jar.URLJarFile
 623:             5            160  sun.security.ssl.CipherSuite$MacAlg
 624:             5            160  sun.security.ssl.SignatureAndHashAlgorithm$SignatureAlgorithm
 625:             5            160  sun.security.x509.AuthorityInfoAccessExtension
 626:             5            160  sun.util.locale.provider.LocaleProviderAdapter$Type
 627:             6            152  [[Ljava.lang.annotation.Annotation;
 628:             1            152  sun.nio.ch.UnixAsynchronousSocketChannelImpl
 629:             2            144  [Ljava.math.BigDecimal;
 630:             6            144  [Ljava.util.Map$Entry;
 631:             8            144  [Lsun.reflect.generics.tree.TypeSignature;
 632:             6            144  com.fasterxml.jackson.annotation.JsonAutoDetect$Visibility
 633:             6            144  com.fasterxml.jackson.annotation.JsonInclude$Include
 634:             6            144  com.fasterxml.jackson.core.JsonParser$NumberType
 635:             2            144  com.fasterxml.jackson.databind.DeserializationConfig
 636:             2            144  com.fasterxml.jackson.databind.deser.DefaultDeserializationContext$Impl
 637:             2            144  com.fasterxml.jackson.databind.ser.DefaultSerializerProvider$Impl
 638:             6            144  com.mongodb.connection.AsynchronousSocketChannelStream$BasicCompletionHandler
 639:             6            144  com.mongodb.connection.ClusterDescription
 640:             6            144  com.mongodb.connection.FutureAsyncCompletionHandler
 641:             6            144  com.mongodb.internal.connection.PowerOfTwoBufferPool$PooledByteBufNIO
 642:             9            144  io.netty.channel.nio.NioEventLoop$1
 643:             9            144  io.netty.channel.nio.NioEventLoop$2
 644:             6            144  io.vertx.core.impl.CloseHooks
 645:             3            144  io.vertx.core.impl.DeploymentManager$DeploymentImpl
 646:             6            144  java.lang.Thread$State
 647:             3            144  java.lang.ThreadGroup
 648:             6            144  java.net.InetAddress$CacheEntry
 649:             3            144  java.net.SocketInputStream
 650:             3            144  java.net.SocketOutputStream
 651:             9            144  java.rmi.server.Operation
 652:             6            144  java.util.LinkedList$Node
 653:             3            144  java.util.concurrent.LinkedBlockingQueue
 654:             3            144  javax.management.openmbean.TabularType
 655:             6            144  org.bson.AbstractBsonWriter$State
 656:             6            144  org.bson.codecs.configuration.ProvidersCodecRegistry
 657:             6            144  sun.misc.PerfCounter
 658:             3            144  sun.misc.URLClassPath
 659:             6            144  sun.nio.ch.Util$BufferCache
 660:             6            144  sun.reflect.generics.scope.MethodScope
 661:             6            144  sun.security.ssl.ProtocolVersion
 662:             6            144  sun.security.util.DisabledAlgorithmConstraints$KeySizeConstraint$Operator
 663:             2            128  com.fasterxml.jackson.core.sym.ByteQuadsCanonicalizer
 664:             2            128  com.fasterxml.jackson.databind.ObjectMapper
 665:             4            128  com.sun.jmx.mbeanserver.DefaultMXBeanMappingFactory$ArrayMapping
 666:             4            128  io.netty.buffer.EmptyByteBuf
 667:             2            128  io.netty.channel.socket.nio.NioDatagramChannelConfig
 668:             2            128  io.netty.util.Recycler$Stack
 669:             2            128  java.io.ExpiringCache$1
 670:             4            128  java.net.Socket
 671:             4            128  java.util.LinkedHashMap$LinkedEntryIterator
 672:             4            128  java.util.PropertyPermission
 673:             8            128  java.util.TreeSet
 674:             4            128  sun.security.ssl.CipherSuite$PRF
 675:             1            120  [[Ljava.lang.String;
 676:             3            120  com.fasterxml.jackson.databind.introspect.AnnotatedMethod
 677:             5            120  com.mongodb.AuthenticationMechanism
 678:             5            120  com.mongodb.connection.AsynchronousSocketChannelStream$AsyncWritableByteChannelAdapter$WriteCompletionHandler
 679:             3            120  io.netty.channel.group.DefaultChannelGroup
 680:             5            120  io.netty.util.internal.UnsafeAtomicIntegerFieldUpdater
 681:             1            120  io.vertx.core.impl.VertxImpl
 682:             5            120  io.vertx.core.net.impl.HandlerManager
 683:             3            120  io.vertx.core.net.impl.VertxEventLoopGroup
 684:             5            120  java.io.BufferedOutputStream
 685:             3            120  java.lang.invoke.BoundMethodHandle$Species_LL
 686:             5            120  java.util.Collections$SetFromMap
 687:             5            120  java.util.stream.StreamOpFlag$Type
 688:             3            120  javax.net.ssl.SSLParameters
 689:             5            120  org.bson.BsonContextType
 690:             3            120  sun.misc.FloatingDecimal$BinaryToASCIIBuffer
 691:             5            120  sun.misc.FloatingDecimal$PreparedASCIIToBinaryBuffer
 692:             5            120  sun.misc.MetaIndex
 693:             3            120  sun.rmi.transport.WeakRef
 694:             3            120  sun.rmi.transport.tcp.TCPTransport$ConnectionHandler
 695:             5            120  sun.security.jca.ServiceId
 696:             2            112  [Ljava.lang.invoke.MethodType;
 697:             2            112  [Ljava.security.CryptoPrimitive;
 698:             2            112  [Ljavax.management.openmbean.OpenType;
 699:             2            112  com.fasterxml.jackson.databind.MappingJsonFactory
 700:             2            112  io.netty.buffer.PooledByteBufAllocator
 701:             2            112  io.netty.util.ResourceLeakDetector$DefaultResourceLeak
 702:             2            112  java.net.SocketPermission
 703:             2            112  java.util.concurrent.ConcurrentHashMap$KeyIterator
 704:             2            112  org.bson.BsonBinaryWriter
 705:             2            112  sun.nio.ch.DatagramSocketAdaptor
 706:             1            104  sun.security.ssl.SSLSessionImpl
 707:             1             96  [[J
 708:             4             96  com.fasterxml.jackson.annotation.JsonCreator$Mode
 709:             4             96  com.fasterxml.jackson.core.JsonFactory$Feature
 710:             6             96  com.mongodb.connection.ClusterDescription$1
 711:             4             96  com.mongodb.connection.ClusterType
 712:             2             96  com.mongodb.connection.ReplyHeader
 713:             6             96  com.mongodb.diagnostics.logging.JULLogger
 714:             1             96  com.sun.crypto.provider.SunJCE
 715:             3             96  com.sun.jmx.mbeanserver.DefaultMXBeanMappingFactory$EnumMapping
 716:             2             96  com.sun.jmx.mbeanserver.MBeanIntrospector$MBeanInfoMap
 717:             2             96  com.sun.jmx.mbeanserver.MBeanIntrospector$PerInterfaceMap
 718:             1             96  com.sun.net.ssl.internal.ssl.Provider
 719:             6             96  com.sun.proxy.$Proxy2
 720:             1             96  com.sun.security.sasl.Provider
 721:             2             96  io.netty.bootstrap.AbstractBootstrap$PendingRegistrationPromise
 722:             3             96  io.netty.bootstrap.ServerBootstrap$ServerBootstrapAcceptor
 723:             4             96  io.netty.util.ResourceLeakDetector$Level
 724:             4             96  io.netty.util.internal.UnsafeAtomicReferenceFieldUpdater
 725:             2             96  io.vertx.core.http.Http2Settings
 726:             2             96  io.vertx.core.net.impl.NetClientImpl
 727:             4             96  io.vertx.core.net.impl.ServerID
 728:             2             96  io.vertx.redis.impl.RedisConnection
 729:             4             96  io.vertx.redis.impl.RedisConnection$State
 730:             3             96  java.io.FilePermission
 731:             4             96  java.io.OutputStreamWriter
 732:             3             96  java.lang.StringCoding$StringDecoder
 733:             2             96  java.nio.HeapByteBufferR
 734:             3             96  java.security.BasicPermissionCollection
 735:             4             96  java.util.Collections$UnmodifiableList$1
 736:             6             96  java.util.LinkedHashMap$LinkedValues
 737:             4             96  java.util.concurrent.ConcurrentHashMap$KeySetView
 738:             2             96  java.util.concurrent.locks.ReentrantReadWriteLock$NonfairSync
 739:             4             96  java.util.jar.Manifest
 740:             4             96  java.util.regex.Pattern$5
 741:             4             96  java.util.stream.StreamShape
 742:             6             96  org.bson.BsonArray
 743:             6             96  org.bson.BsonDocument
 744:             4             96  org.bson.ByteBufNIO
 745:             4             96  org.bson.UuidRepresentation
 746:             6             96  org.bson.codecs.configuration.CodecCache
 747:             4             96  org.bson.io.ByteBufferBsonInput
 748:             1             96  org.jcp.xml.dsig.internal.dom.XMLDSigRI
 749:             2             96  sun.management.GarbageCollectorImpl
 750:             1             96  sun.misc.Launcher$AppClassLoader
 751:             3             96  sun.nio.ch.ServerSocketAdaptor
 752:             3             96  sun.reflect.UnsafeQualifiedObjectFieldAccessorImpl
 753:             3             96  sun.reflect.UnsafeStaticObjectFieldAccessorImpl
 754:             3             96  sun.reflect.generics.reflectiveObjects.WildcardTypeImpl
 755:             3             96  sun.rmi.transport.LiveRef
 756:             1             96  sun.security.ec.SunEC
 757:             1             96  sun.security.jca.ProviderList$1
 758:             1             96  sun.security.provider.Sun
 759:             1             96  sun.security.rsa.SunRsaSign
 760:             1             96  sun.security.smartcardio.SunPCSC
 761:             3             96  sun.security.x509.ExtendedKeyUsageExtension
 762:             3             96  sun.security.x509.IssuerAlternativeNameExtension
 763:             3             96  sun.security.x509.OtherName
 764:             3             96  sun.security.x509.PolicyMappingsExtension
 765:             3             96  sun.util.locale.provider.LocaleServiceProviderPool
 766:             3             88  [Lcom.fasterxml.jackson.databind.util.ClassUtil$Ctor;
 767:             3             88  [Lio.vertx.core.http.HttpVersion;
 768:             3             88  [Ljava.rmi.server.Operation;
 769:             1             88  io.netty.buffer.PooledUnsafeDirectByteBuf
 770:             1             88  io.vertx.core.net.NetServerOptions
 771:             1             88  sun.misc.Launcher$ExtClassLoader
 772:             1             88  sun.nio.ch.EPollPort
 773:             2             80  [F
 774:             2             80  [Lcom.fasterxml.jackson.annotation.JsonAutoDetect$Visibility;
 775:             1             80  [Lio.vertx.core.eventbus.MessageCodec;
 776:             2             80  [Ljava.lang.management.MemoryUsage;
 777:             2             80  [Ljava.util.stream.StreamOpFlag$Type;
 778:             1             80  [Lsun.security.ssl.CipherSuite$KeyExchange;
 779:             2             80  com.fasterxml.jackson.core.sym.ByteQuadsCanonicalizer$TableInfo
 780:             2             80  com.fasterxml.jackson.databind.deser.std.UntypedObjectDeserializer
 781:             5             80  com.mongodb.connection.AsynchronousSocketChannelStream$AsyncWritableByteChannelAdapter
 782:             2             80  com.mongodb.connection.CommandMessage
 783:             1             80  com.mongodb.connection.InternalStreamConnection
 784:             2             80  com.mongodb.connection.SocketSettings
 785:             2             80  com.sun.jmx.mbeanserver.DefaultMXBeanMappingFactory$TabularMapping
 786:             1             80  com.sun.jmx.remote.util.ClassLoaderWithRepository
 787:             5             80  com.sun.proxy.$Proxy3
 788:             2             80  io.github.giovibal.mqtt.ConfigParser
 789:             1             80  io.netty.buffer.PoolChunk
 790:             2             80  io.netty.util.Signal
 791:             1             80  io.vertx.core.net.impl.NetServerImpl
 792:             2             80  java.io.BufferedWriter
 793:             2             80  java.io.ExpiringCache
 794:             2             80  java.lang.invoke.MethodHandleImpl$AsVarargsCollector
 795:             2             80  java.util.Collections$SynchronizedSortedMap
 796:             2             80  java.util.HashMap$EntryIterator
 797:             5             80  java.util.HashMap$EntrySet
 798:             2             80  java.util.Locale$Category
 799:             2             80  javax.management.remote.rmi.RMIConnectionImpl$4
 800:             2             80  org.bson.BsonBinaryReader
 801:             2             80  org.bson.BsonBinaryWriter$Context
 802:             2             80  sun.management.MemoryManagerImpl
 803:             1             80  sun.reflect.misc.MethodUtil
 804:             1             72  [Lcom.fasterxml.jackson.core.JsonToken;
 805:             2             72  [Lio.netty.util.concurrent.EventExecutor;
 806:             1             72  [Ljava.lang.invoke.LambdaFormEditor$Transform$Kind;
 807:             1             72  [Ljavax.management.openmbean.SimpleType;
 808:             2             72  [Lsun.security.jca.ProviderConfig;
 809:             1             72  com.fasterxml.jackson.core.util.InternCache
 810:             3             72  com.fasterxml.jackson.databind.PropertyName
 811:             3             72  com.fasterxml.jackson.databind.cfg.SerializerFactoryConfig
 812:             1             72  com.fasterxml.jackson.databind.introspect.POJOPropertiesCollector
 813:             3             72  com.fasterxml.jackson.databind.ser.std.NumberSerializer
 814:             3             72  io.github.giovibal.mqtt.MQTTPacketTokenizer$MqttTokenizerState
 815:             3             72  io.netty.buffer.PoolArena$SizeClass
 816:             1             72  io.netty.buffer.PoolThreadCache
 817:             3             72  io.netty.channel.ChannelMetadata
 818:             1             72  io.netty.util.ResourceLeakDetector
 819:             3             72  io.vertx.core.http.ClientAuth
 820:             3             72  io.vertx.core.http.HttpVersion
 821:             3             72  io.vertx.core.impl.DeploymentManager$VerticleHolder
 822:             3             72  io.vertx.core.net.impl.AsyncResolveConnectHelper
 823:             3             72  io.vertx.core.net.impl.HandlerHolder
 824:             3             72  io.vertx.core.net.impl.HandlerManager$Handlers
 825:             3             72  io.vertx.core.net.impl.VertxEventLoopGroup$EventLoopHolder
 826:             3             72  java.io.FilePermissionCollection
 827:             3             72  java.lang.annotation.RetentionPolicy
 828:             3             72  java.security.SecurityPermission
 829:             3             72  java.util.Collections$SynchronizedSet
 830:             1             72  java.util.ResourceBundle$RBClassLoader
 831:             3             72  java.util.concurrent.LinkedBlockingQueue$Node
 832:             1             72  java.util.concurrent.ScheduledThreadPoolExecutor$ScheduledFutureTask
 833:             3             72  java.util.concurrent.atomic.AtomicMarkableReference$Pair
 834:             3             72  java.util.concurrent.locks.ReentrantReadWriteLock
 835:             1             72  java.util.logging.LogManager$RootLogger
 836:             3             72  java.util.regex.Pattern$Dollar
 837:             3             72  java.util.regex.Pattern$Ques
 838:             3             72  java.util.stream.Collector$Characteristics
 839:             3             72  sun.misc.FloatingDecimal$ExceptionalBinaryToASCIIBuffer
 840:             3             72  sun.misc.Signal
 841:             3             72  sun.nio.ch.EPollPort$Event
 842:             3             72  sun.reflect.generics.tree.Wildcard
 843:             3             72  sun.security.action.GetPropertyAction
 844:             3             72  sun.security.provider.NativePRNG$Variant
 845:             3             72  sun.security.ssl.CipherSuite$CipherType
 846:             3             72  sun.security.util.DisabledAlgorithmConstraints
 847:             3             72  sun.security.util.DisabledAlgorithmConstraints$KeySizeConstraint
 848:             3             72  sun.security.x509.CertificatePolicyMap
 849:             1             72  sun.util.locale.provider.JRELocaleProviderAdapter
 850:             3             72  sun.util.resources.ParallelListResourceBundle$KeySet
 851:             1             64  [Lcom.fasterxml.jackson.core.JsonParser$Feature;
 852:             3             64  [Lcom.fasterxml.jackson.databind.ser.Serializers;
 853:             2             64  [Lio.netty.util.ResourceLeakDetector$Level;
 854:             2             64  [Ljava.lang.annotation.RetentionPolicy;
 855:             2             64  [Ljava.util.stream.Collector$Characteristics;
 856:             2             64  com.fasterxml.jackson.core.util.DefaultPrettyPrinter
 857:             1             64  com.mongodb.async.client.MongoClientSettings
 858:             2             64  com.mongodb.connection.AsynchronousSocketChannelStream$1
 859:             2             64  com.mongodb.connection.AsynchronousSocketChannelStream$2
 860:             2             64  com.mongodb.connection.ByteBufferBsonOutput
 861:             1             64  com.mongodb.connection.ConnectionPoolSettings
 862:             1             64  com.mongodb.connection.SingleServerCluster
 863:             2             64  com.mongodb.event.ConnectionMessageReceivedEvent
 864:             2             64  com.mongodb.event.ConnectionMessagesSentEvent
 865:             2             64  com.sun.jmx.mbeanserver.DefaultMXBeanMappingFactory$CollectionMapping
 866:             1             64  com.sun.jmx.remote.internal.ArrayNotificationBuffer
 867:             2             64  io.netty.channel.nio.NioEventLoopGroup
 868:             2             64  io.netty.resolver.dns.DefaultDnsCache
 869:             2             64  io.netty.util.Recycler$DefaultHandle
 870:             2             64  io.netty.util.Signal$SignalConstant
 871:             2             64  io.netty.util.concurrent.DefaultThreadFactory
 872:             4             64  io.netty.util.concurrent.SingleThreadEventExecutor$5
 873:             4             64  io.netty.util.internal.TypeParameterMatcher$ReflectiveMatcher
 874:             1             64  io.vertx.core.dns.AddressResolverOptions
 875:             2             64  io.vertx.core.http.impl.HttpServerImpl$HttpServerRequestStreamImpl
 876:             2             64  io.vertx.core.http.impl.HttpServerImpl$ServerWebSocketStreamImpl
 877:             2             64  io.vertx.core.impl.AddressResolver$1$1
 878:             2             64  io.vertx.redis.impl.ReplyParser
 879:             2             64  java.io.FileOutputStream
 880:             2             64  java.io.PrintStream
 881:             2             64  java.lang.ClassValue$Entry
 882:             2             64  java.lang.VirtualMachineError
 883:             2             64  java.lang.ref.ReferenceQueue$Null
 884:             4             64  java.nio.channels.spi.AbstractSelector$1
 885:             2             64  java.util.PriorityQueue
 886:             2             64  java.util.concurrent.ScheduledThreadPoolExecutor$DelayedWorkQueue
 887:             2             64  java.util.concurrent.SynchronousQueue
 888:             2             64  java.util.concurrent.atomic.AtomicReferenceFieldUpdater$AtomicReferenceFieldUpdaterImpl
 889:             2             64  javax.management.MBeanConstructorInfo
 890:             1             64  javax.management.remote.rmi.RMIConnectionImpl
 891:             1             64  javax.management.remote.rmi.RMIConnectorServer
 892:             4             64  org.bson.codecs.BsonDocumentCodec
 893:             2             64  sun.management.GcInfoCompositeData
 894:             2             64  sun.reflect.UnsafeObjectFieldAccessorImpl
 895:             2             64  sun.reflect.generics.repository.ConstructorRepository
 896:             2             64  sun.rmi.server.UnicastServerRef2
 897:             2             64  sun.rmi.transport.tcp.TCPTransport
 898:             4             64  sun.security.provider.NativePRNG
 899:             2             64  sun.security.util.MemoryCache
 900:             2             64  sun.security.x509.PrivateKeyUsageExtension
 901:             1             56  [Lcom.fasterxml.jackson.annotation.JsonFormat$Shape;
 902:             1             56  [Lcom.fasterxml.jackson.core.JsonGenerator$Feature;
 903:             1             56  [Ljava.lang.Runnable;
 904:             1             56  [Lorg.bson.AbstractBsonReader$State;
 905:             1             56  [Lsun.util.logging.PlatformLogger$Level;
 906:             1             56  [[I
 907:             1             56  com.mongodb.connection.DefaultClusterableServerFactory
 908:             1             56  com.mongodb.connection.DefaultConnectionPool
 909:             1             56  com.mongodb.connection.DefaultServer
 910:             1             56  com.mongodb.connection.DefaultServerMonitor
 911:             1             56  com.sun.jmx.remote.internal.ServerNotifForwarder
 912:             1             56  com.sun.management.GcInfo
 913:             1             56  io.netty.util.concurrent.GlobalEventExecutor
 914:             1             56  java.util.logging.ConsoleHandler
 915:             1             56  java.util.logging.LogManager
 916:             1             56  javax.management.remote.rmi.RMIJRMPServerImpl
 917:             1             56  sun.rmi.runtime.Log$InternalStreamHandler
 918:             1             56  sun.security.provider.SHA
 919:             1             48  [Lcom.mongodb.connection.RequestMessage$OpCode;
 920:             2             48  [Lcom.mongodb.connection.ServerDescription;
 921:             1             48  [Lcom.mongodb.connection.ServerType;
 922:             2             48  [Lio.netty.channel.socket.InternetProtocolFamily;
 923:             2             48  [Lio.netty.util.concurrent.GenericFutureListener;
 924:             1             48  [Ljava.lang.invoke.MethodHandleImpl$Intrinsic;
 925:             1             48  [Ljava.math.RoundingMode;
 926:             1             48  [Ljava.util.concurrent.TimeUnit;
 927:             1             48  [Ljdk.net.SocketFlow$Status;
 928:             1             48  [Lorg.bson.BsonBinarySubType;
 929:             1             48  [Lsun.management.counter.Units;
 930:             1             48  [Lsun.security.ssl.SignatureAndHashAlgorithm$HashAlgorithm;
 931:             1             48  [Lsun.security.x509.NetscapeCertTypeExtension$MapEntry;
 932:             1             48  [[Ljava.lang.Object;
 933:             2             48  com.fasterxml.jackson.databind.deser.DeserializerCache
 934:             2             48  com.fasterxml.jackson.databind.deser.std.StdKeyDeserializer$StringKD
 935:             3             48  com.fasterxml.jackson.databind.introspect.BasicClassIntrospector
 936:             2             48  com.fasterxml.jackson.databind.introspect.SimpleMixInResolver
 937:             3             48  com.fasterxml.jackson.databind.ser.BeanSerializerFactory
 938:             2             48  com.fasterxml.jackson.databind.ser.SerializerCache
 939:             2             48  com.fasterxml.jackson.databind.ser.std.BooleanSerializer
 940:             2             48  com.fasterxml.jackson.databind.type.ClassKey
 941:             1             48  com.fasterxml.jackson.databind.util.StdDateFormat
 942:             2             48  com.mongodb.MongoNamespace
 943:             3             48  com.mongodb.ReadConcern
 944:             2             48  com.mongodb.ReadConcernLevel
 945:             2             48  com.mongodb.connection.AsynchronousSocketChannelStreamFactory
 946:             2             48  com.mongodb.connection.ChangeEvent
 947:             2             48  com.mongodb.connection.ClusterConnectionMode
 948:             1             48  com.mongodb.connection.ClusterSettings
 949:             2             48  com.mongodb.connection.InternalStreamConnectionFactory
 950:             2             48  com.mongodb.connection.MessageSettings
 951:             2             48  com.mongodb.connection.MessageSettings$Builder
 952:             2             48  com.mongodb.connection.ReplyMessage
 953:             2             48  com.mongodb.connection.RequestMessage$EncodingMetadata
 954:             2             48  com.mongodb.connection.ResponseBuffers
 955:             2             48  com.mongodb.connection.ServerConnectionState
 956:             2             48  com.mongodb.connection.ServerId
 957:             3             48  com.mongodb.connection.ServerVersion
 958:             2             48  com.mongodb.event.ClusterDescriptionChangedEvent
 959:             2             48  com.sun.jmx.mbeanserver.ClassLoaderRepositorySupport$LoaderEntry
 960:             1             48  com.sun.jmx.mbeanserver.DefaultMXBeanMappingFactory$Mappings
 961:             2             48  com.sun.jmx.mbeanserver.WeakIdentityHashMap
 962:             2             48  com.sun.jmx.remote.internal.ServerNotifForwarder$IdAndFilter
 963:             3             48  com.sun.proxy.$Proxy5
 964:             2             48  io.netty.buffer.PooledByteBufAllocator$PoolThreadLocalCache
 965:             2             48  io.netty.buffer.UnpooledByteBufAllocator
 966:             2             48  io.netty.channel.FixedRecvByteBufAllocator
 967:             3             48  io.netty.channel.group.DefaultChannelGroup$1
 968:             3             48  io.netty.channel.group.VoidChannelGroupFuture
 969:             2             48  io.netty.channel.socket.InternetProtocolFamily
 970:             2             48  io.netty.resolver.AddressResolverGroup$1
 971:             2             48  io.netty.resolver.dns.DnsNameResolver$1
 972:             2             48  io.netty.resolver.dns.DnsNameResolver$3
 973:             2             48  io.netty.resolver.dns.DnsNameResolver$DnsResponseHandler
 974:             2             48  io.netty.util.Recycler$2
 975:             2             48  io.netty.util.concurrent.DefaultEventExecutorChooserFactory$PowerOfTowEventExecutorChooser
 976:             2             48  io.netty.util.concurrent.DefaultFutureListeners
 977:             2             48  io.vertx.core.http.impl.HttpServerImpl$$Lambda$42/1426570791
 978:             2             48  io.vertx.core.http.impl.HttpServerImpl$$Lambda$43/392010501
 979:             2             48  io.vertx.core.http.impl.HttpServerImpl$1
 980:             2             48  io.vertx.core.impl.AddressResolver$ResolverRegistration
 981:             1             48  io.vertx.core.impl.BlockedThreadChecker$1
 982:             3             48  io.vertx.core.impl.ConcurrentHashSet
 983:             2             48  io.vertx.core.impl.WorkerPool
 984:             3             48  io.vertx.core.net.impl.VertxEventLoopGroup$2
 985:             1             48  io.vertx.redis.impl.RedisClientImpl
 986:             2             48  java.io.File$PathStatus
 987:             1             48  java.lang.invoke.BoundMethodHandle$Species_L4
 988:             2             48  java.lang.invoke.MethodHandles$Lookup
 989:             2             48  java.lang.management.MemoryType
 990:             2             48  java.lang.reflect.ReflectPermission
 991:             2             48  java.net.InetAddress$Cache
 992:             2             48  java.net.InetAddress$Cache$Type
 993:             2             48  java.net.InterfaceAddress
 994:             1             48  java.net.NetworkInterface
 995:             2             48  java.net.StandardProtocolFamily
 996:             2             48  java.nio.charset.CoderResult
 997:             3             48  java.nio.charset.CodingErrorAction
 998:             2             48  java.rmi.dgc.VMID
 999:             2             48  java.security.AllPermissionCollection
1000:             3             48  java.text.AttributedCharacterIterator$Attribute
1001:             2             48  java.util.Collections$UnmodifiableMap$UnmodifiableEntrySet$1
1002:             3             48  java.util.IdentityHashMap$KeySet
1003:             1             48  java.util.concurrent.ArrayBlockingQueue
1004:             2             48  java.util.concurrent.Executors$RunnableAdapter
1005:             3             48  java.util.concurrent.atomic.AtomicMarkableReference
1006:             1             48  java.util.concurrent.locks.ReentrantReadWriteLock$FairSync
1007:             3             48  java.util.concurrent.locks.ReentrantReadWriteLock$ReadLock
1008:             3             48  java.util.concurrent.locks.ReentrantReadWriteLock$Sync$ThreadLocalHoldCounter
1009:             3             48  java.util.concurrent.locks.ReentrantReadWriteLock$WriteLock
1010:             2             48  java.util.logging.Logger$LoggerBundle
1011:             1             48  java.util.regex.Pattern$GroupCurly
1012:             2             48  java.util.regex.Pattern$SliceI
1013:             2             48  javax.crypto.CryptoPermissions
1014:             2             48  javax.management.NotificationBroadcasterSupport$ListenerInfo
1015:             1             48  javax.management.remote.rmi.RMIConnectionImpl$RMIServerCommunicatorAdmin
1016:             2             48  org.bson.BsonDateTime
1017:             2             48  org.bson.BsonDouble
1018:             3             48  org.bson.codecs.BsonBinaryCodec
1019:             3             48  org.bson.codecs.BsonBooleanCodec
1020:             3             48  org.bson.codecs.BsonDBPointerCodec
1021:             3             48  org.bson.codecs.BsonDateTimeCodec
1022:             3             48  org.bson.codecs.BsonDoubleCodec
1023:             3             48  org.bson.codecs.BsonInt32Codec
1024:             3             48  org.bson.codecs.BsonInt64Codec
1025:             3             48  org.bson.codecs.BsonJavaScriptCodec
1026:             3             48  org.bson.codecs.BsonMaxKeyCodec
1027:             3             48  org.bson.codecs.BsonMinKeyCodec
1028:             3             48  org.bson.codecs.BsonNullCodec
1029:             3             48  org.bson.codecs.BsonObjectIdCodec
1030:             3             48  org.bson.codecs.BsonRegularExpressionCodec
1031:             3             48  org.bson.codecs.BsonStringCodec
1032:             3             48  org.bson.codecs.BsonSymbolCodec
1033:             3             48  org.bson.codecs.BsonTimestampCodec
1034:             3             48  org.bson.codecs.BsonUndefinedCodec
1035:             3             48  org.bson.codecs.BsonValueCodecProvider
1036:             3             48  org.bson.codecs.EncoderContext
1037:             2             48  sun.management.GarbageCollectionNotifInfoCompositeData
1038:             1             48  sun.management.GcInfoBuilder
1039:             2             48  sun.management.ManagementFactoryHelper$1
1040:             2             48  sun.misc.NativeSignalHandler
1041:             3             48  sun.net.www.protocol.jar.Handler
1042:             3             48  sun.nio.ch.SocketDispatcher
1043:             2             48  sun.reflect.generics.scope.ConstructorScope
1044:             3             48  sun.rmi.transport.tcp.TCPTransport$ConnectionHandler$$Lambda$52/1872108041
1045:             2             48  sun.security.jca.ProviderList
1046:             2             48  sun.security.jca.ProviderList$3
1047:             1             48  sun.security.ssl.CipherBox
1048:             2             48  sun.security.ssl.SSLAlgorithmConstraints
1049:             3             48  sun.security.util.DisabledAlgorithmConstraints$KeySizeConstraints
1050:             1             48  sun.text.resources.FormatData
1051:             1             48  sun.text.resources.en.FormatData_en
1052:             1             48  sun.text.resources.en.FormatData_en_US
1053:             1             48  sun.util.resources.CalendarData
1054:             1             48  sun.util.resources.CurrencyNames
1055:             1             48  sun.util.resources.TimeZoneNames
1056:             1             48  sun.util.resources.en.CalendarData_en
1057:             1             48  sun.util.resources.en.CurrencyNames_en_US
1058:             1             48  sun.util.resources.en.TimeZoneNames_en
1059:             1             40  [Lcom.fasterxml.jackson.annotation.JsonInclude$Include;
1060:             1             40  [Lcom.fasterxml.jackson.core.JsonParser$NumberType;
1061:             1             40  [Lcom.mongodb.AuthenticationMechanism;
1062:             2             40  [Lcom.sun.jmx.mbeanserver.ClassLoaderRepositorySupport$LoaderEntry;
1063:             1             40  [Ljava.lang.Thread$State;
1064:             1             40  [Ljava.lang.management.MemoryPoolMXBean;
1065:             1             40  [Ljava.nio.charset.Charset;
1066:             1             40  [Ljava.util.stream.StreamOpFlag;
1067:             1             40  [Lorg.bson.BsonContextType;
1068:             1             40  [Lsun.security.jca.ServiceId;
1069:             1             40  [Lsun.security.ssl.SignatureAndHashAlgorithm$SignatureAlgorithm;
1070:             1             40  [Lsun.security.util.DisabledAlgorithmConstraints$KeySizeConstraint$Operator;
1071:             1             40  [Lsun.util.locale.provider.LocaleProviderAdapter$Type;
1072:             1             40  [[Ljava.lang.invoke.LambdaForm$Name;
1073:             1             40  com.fasterxml.jackson.annotation.JsonFormat$Value
1074:             1             40  com.fasterxml.jackson.core.Version
1075:             1             40  com.fasterxml.jackson.databind.deser.std.CollectionDeserializer
1076:             1             40  com.mongodb.async.client.MongoDatabaseImpl
1077:             1             40  com.mongodb.connection.ConnectionDescription
1078:             1             40  com.sun.jmx.interceptor.DefaultMBeanServerInterceptor
1079:             1             40  com.sun.jmx.mbeanserver.JmxMBeanServer
1080:             1             40  com.sun.jmx.mbeanserver.MBeanServerDelegateImpl
1081:             1             40  io.github.giovibal.mqtt.pushservice.PushServer
1082:             1             40  io.netty.channel.DefaultChannelPromise
1083:             1             40  io.vertx.core.eventbus.impl.EventBusImpl
1084:             1             40  io.vertx.core.impl.AddressResolver$1
1085:             1             40  java.lang.invoke.DirectMethodHandle$Constructor
1086:             1             40  java.util.ResourceBundle$1
1087:             1             40  java.util.regex.Pattern$Loop
1088:             1             40  javax.crypto.CryptoAllPermission
1089:             1             40  sun.management.DiagnosticCommandImpl
1090:             1             40  sun.management.MappedMXBeanType$CompositeDataMXBeanType
1091:             1             40  sun.management.MappedMXBeanType$MapMXBeanType
1092:             1             40  sun.nio.cs.StandardCharsets$Aliases
1093:             1             40  sun.nio.cs.StandardCharsets$Cache
1094:             1             40  sun.nio.cs.StandardCharsets$Classes
1095:             1             40  sun.security.x509.NameConstraintsExtension
1096:             1             40  sun.util.logging.resources.logging
1097:             1             32  [Lcom.fasterxml.jackson.annotation.JsonCreator$Mode;
1098:             1             32  [Lcom.fasterxml.jackson.core.JsonFactory$Feature;
1099:             2             32  [Lcom.fasterxml.jackson.databind.deser.Deserializers;
1100:             1             32  [Lcom.mongodb.connection.ClusterType;
1101:             1             32  [Lio.github.giovibal.mqtt.MQTTPacketTokenizer$MqttTokenizerState;
1102:             1             32  [Lio.netty.buffer.PoolArena$SizeClass;
1103:             1             32  [Lio.vertx.core.http.ClientAuth;
1104:             1             32  [Lio.vertx.redis.impl.RedisConnection$State;
1105:             2             32  [Ljava.lang.Enum;
1106:             1             32  [Ljava.lang.OutOfMemoryError;
1107:             1             32  [Ljava.lang.ThreadGroup;
1108:             1             32  [Ljava.lang.invoke.LambdaFormEditor$Transform;
1109:             1             32  [Ljava.lang.management.MemoryManagerMXBean;
1110:             2             32  [Ljava.security.cert.Certificate;
1111:             1             32  [Ljava.util.stream.StreamShape;
1112:             1             32  [Lorg.bson.UuidRepresentation;
1113:             1             32  [Lsun.security.provider.NativePRNG$Variant;
1114:             1             32  [Lsun.security.ssl.CipherSuite$CipherType;
1115:             1             32  [Lsun.security.ssl.CipherSuite$PRF;
1116:             1             32  com.fasterxml.jackson.core.io.SerializedString
1117:             1             32  com.fasterxml.jackson.databind.cfg.DeserializerFactoryConfig
1118:             1             32  com.fasterxml.jackson.databind.introspect.VisibilityChecker$Std
1119:             2             32  com.fasterxml.jackson.databind.jsontype.impl.StdSubtypeResolver
1120:             2             32  com.fasterxml.jackson.databind.node.JsonNodeFactory
1121:             1             32  com.fasterxml.jackson.databind.ser.std.NumberSerializers$DoubleSerializer
1122:             1             32  com.fasterxml.jackson.databind.ser.std.NumberSerializers$FloatSerializer
1123:             1             32  com.fasterxml.jackson.databind.ser.std.NumberSerializers$IntLikeSerializer
1124:             1             32  com.fasterxml.jackson.databind.ser.std.NumberSerializers$IntegerSerializer
1125:             1             32  com.fasterxml.jackson.databind.ser.std.NumberSerializers$LongSerializer
1126:             1             32  com.fasterxml.jackson.databind.ser.std.NumberSerializers$ShortSerializer
1127:             1             32  com.fasterxml.jackson.databind.type.TypeFactory
1128:             2             32  com.fasterxml.jackson.databind.util.RootNameLookup
1129:             1             32  com.mongodb.MongoCredential
1130:             1             32  com.mongodb.connection.AsynchronousSocketChannelStream
1131:             1             32  com.mongodb.connection.ConnectionId
1132:             2             32  com.mongodb.connection.DefaultAuthenticator
1133:             1             32  com.mongodb.connection.ExponentiallyWeightedMovingAverage
1134:             1             32  com.mongodb.connection.ServerSettings
1135:             2             32  com.mongodb.internal.connection.PowerOfTwoBufferPool
1136:             2             32  com.mongodb.internal.validator.NoOpFieldNameValidator
1137:             1             32  com.mongodb.management.ConnectionPoolStatistics
1138:             2             32  com.sun.jmx.mbeanserver.GetPropertyAction
1139:             1             32  com.sun.jmx.mbeanserver.Repository
1140:             1             32  com.sun.jmx.remote.internal.ArrayQueue
1141:             1             32  com.sun.management.GarbageCollectionNotificationInfo
1142:             1             32  io.github.giovibal.mqtt.persistence.StoreVerticle
1143:             1             32  io.netty.buffer.PoolThreadCache$MemoryRegionCache$1
1144:             1             32  io.netty.buffer.PoolThreadCache$MemoryRegionCache$Entry
1145:             1             32  io.netty.buffer.PooledUnsafeDirectByteBuf$1
1146:             2             32  io.netty.resolver.dns.DnsQueryContextManager
1147:             2             32  io.netty.util.concurrent.MultithreadEventExecutorGroup$1
1148:             2             32  io.netty.util.concurrent.ThreadPerTaskExecutor
1149:             2             32  io.vertx.core.impl.AddressResolver$1$$Lambda$35/1857648786
1150:             1             32  io.vertx.core.impl.DeploymentManager
1151:             1             32  io.vertx.core.impl.FileResolver
1152:             2             32  io.vertx.core.impl.OrderedExecutorFactory
1153:             2             32  io.vertx.core.net.impl.NetClientImpl$$Lambda$19/898694235
1154:             1             32  io.vertx.core.net.impl.NetServerImpl$NetSocketStreamImpl
1155:             1             32  io.vertx.core.shareddata.impl.SharedDataImpl
1156:             1             32  io.vertx.ext.mongo.FindOptions
1157:             1             32  io.vertx.ext.mongo.impl.MongoClientImpl
1158:             1             32  io.vertx.ext.mongo.impl.MongoClientImpl$MongoHolder
1159:             1             32  java.io.SerializablePermission
1160:             1             32  java.io.UnixFileSystem
1161:             1             32  java.lang.ArithmeticException
1162:             1             32  java.lang.ArrayIndexOutOfBoundsException
1163:             1             32  java.lang.Exception
1164:             2             32  java.lang.InheritableThreadLocal
1165:             1             32  java.lang.NullPointerException
1166:             2             32  java.lang.Shutdown$Lock
1167:             1             32  java.lang.reflect.WeakCache
1168:             1             32  java.lang.reflect.WeakCache$CacheKey
1169:             2             32  java.nio.ByteOrder
1170:             1             32  java.nio.channels.NotYetConnectedException
1171:             1             32  java.security.MessageDigest$Delegate
1172:             2             32  java.util.Collections$UnmodifiableMap$UnmodifiableEntrySet
1173:             1             32  java.util.LinkedHashMap$LinkedKeyIterator
1174:             1             32  java.util.LinkedList$ListItr
1175:             1             32  java.util.Random
1176:             2             32  java.util.WeakHashMap$KeySet
1177:             1             32  java.util.concurrent.CancellationException
1178:             2             32  java.util.concurrent.SynchronousQueue$TransferStack
1179:             1             32  java.util.concurrent.ThreadLocalRandom
1180:             2             32  java.util.logging.ErrorManager
1181:             1             32  java.util.logging.LogManager$SystemLoggerContext
1182:             2             32  java.util.logging.SimpleFormatter
1183:             2             32  javax.management.NotificationFilterSupport
1184:             1             32  javax.management.remote.JMXServiceURL
1185:             2             32  org.bson.BsonBinaryWriterSettings
1186:             2             32  org.bson.BsonBoolean
1187:             2             32  org.bson.BsonWriterSettings
1188:             2             32  org.bson.codecs.BooleanCodec
1189:             2             32  org.bson.codecs.DecoderContext
1190:             2             32  org.bson.codecs.DecoderContext$Builder
1191:             2             32  org.bson.codecs.DoubleCodec
1192:             2             32  org.bson.codecs.EncoderContext$Builder
1193:             2             32  org.bson.codecs.IntegerCodec
1194:             2             32  org.bson.codecs.LongCodec
1195:             2             32  org.bson.codecs.StringCodec
1196:             2             32  org.bson.codecs.configuration.MapOfCodecsProvider
1197:             1             32  sun.management.MappedMXBeanType$InProgress
1198:             1             32  sun.management.jmxremote.LocalRMIServerSocketFactory$1
1199:             1             32  sun.nio.cs.StandardCharsets
1200:             1             32  sun.nio.fs.LinuxFileSystem
1201:             1             32  sun.nio.fs.UnixPath
1202:             1             32  sun.reflect.UnsafeLongFieldAccessorImpl
1203:             2             32  sun.rmi.server.UnicastRef2
1204:             1             32  sun.rmi.server.UnicastServerRef
1205:             2             32  sun.rmi.server.WeakClassHashMap$ValueCell
1206:             1             32  sun.rmi.transport.DGCImpl$LeaseInfo
1207:             1             32  sun.rmi.transport.proxy.RMIMasterSocketFactory
1208:             1             32  sun.rmi.transport.tcp.TCPTransport$AcceptLoop
1209:             1             32  sun.security.provider.SecureRandom
1210:             2             32  sun.security.ssl.SSLAlgorithmDecomposer
1211:             1             32  sun.util.locale.provider.LocaleResources
1212:             1             24  [Lcom.fasterxml.jackson.databind.deser.KeyDeserializers;
1213:             1             24  [Lcom.mongodb.ReadConcernLevel;
1214:             1             24  [Lcom.mongodb.connection.ClusterConnectionMode;
1215:             1             24  [Lcom.mongodb.connection.ServerConnectionState;
1216:             1             24  [Ljava.io.File$PathStatus;
1217:             1             24  [Ljava.lang.ClassValue$Entry;
1218:             1             24  [Ljava.lang.management.MemoryType;
1219:             1             24  [Ljava.net.InetAddress$Cache$Type;
1220:             1             24  [Ljava.net.InetSocketAddress;
1221:             1             24  [Ljava.net.InterfaceAddress;
1222:             1             24  [Ljava.net.StandardProtocolFamily;
1223:             1             24  [Ljava.util.Locale$Category;
1224:             1             24  [Ljava.util.concurrent.ConcurrentHashMap$CounterCell;
1225:             1             24  [Lsun.launcher.LauncherHelper;
1226:             1             24  com.fasterxml.jackson.annotation.JsonFormat$Features
1227:             1             24  com.fasterxml.jackson.annotation.JsonInclude$Value
1228:             1             24  com.fasterxml.jackson.core.util.DefaultIndenter
1229:             1             24  com.fasterxml.jackson.databind.cfg.ContextAttributes$Impl
1230:             1             24  com.fasterxml.jackson.databind.introspect.JacksonAnnotationIntrospector
1231:             1             24  com.fasterxml.jackson.databind.module.SimpleSerializers
1232:             1             24  com.fasterxml.jackson.databind.ser.impl.FailingSerializer
1233:             1             24  com.fasterxml.jackson.databind.ser.std.CalendarSerializer
1234:             1             24  com.fasterxml.jackson.databind.ser.std.DateSerializer
1235:             1             24  com.mongodb.ServerAddress
1236:             1             24  com.mongodb.async.client.MongoClientImpl
1237:             1             24  com.mongodb.connection.AsynchronousSocketChannelStream$OpenCompletionHandler
1238:             1             24  com.mongodb.connection.ClusterId
1239:             1             24  com.mongodb.connection.DefaultConnectionPool$UsageTrackingInternalConnectionItemFactory
1240:             1             24  com.mongodb.connection.DefaultServerMonitor$ServerMonitorRunnable
1241:             1             24  com.mongodb.connection.ServerType$1
1242:             1             24  com.mongodb.connection.ServerType$2
1243:             1             24  com.mongodb.connection.ServerType$3
1244:             1             24  com.mongodb.connection.ServerType$4
1245:             1             24  com.mongodb.connection.ServerType$5
1246:             1             24  com.mongodb.connection.ServerType$6
1247:             1             24  com.mongodb.connection.ServerType$7
1248:             1             24  com.mongodb.connection.ServerType$8
1249:             1             24  com.mongodb.internal.thread.DaemonThreadFactory
1250:             1             24  com.sun.jmx.mbeanserver.ClassLoaderRepositorySupport
1251:             1             24  com.sun.jmx.mbeanserver.MXBeanLookup
1252:             1             24  com.sun.jmx.mbeanserver.StandardMBeanSupport
1253:             1             24  com.sun.jmx.remote.internal.ArrayNotificationBuffer$ShareBuffer
1254:             1             24  io.github.giovibal.mqtt.MQTTBroker
1255:             1             24  io.github.giovibal.mqtt.MQTTBroker$$Lambda$30/265623023
1256:             1             24  io.github.giovibal.mqtt.MQTTBroker$$Lambda$44/832370086
1257:             1             24  io.netty.channel.ChannelOption$1
1258:             1             24  io.netty.channel.WriteBufferWaterMark
1259:             1             24  io.netty.handler.codec.dns.DatagramDnsQueryEncoder
1260:             1             24  io.netty.handler.codec.dns.DatagramDnsResponseDecoder
1261:             1             24  io.netty.resolver.dns.SingletonDnsServerAddresses
1262:             1             24  io.netty.util.Signal$1
1263:             1             24  io.netty.util.ThreadDeathWatcher$Entry
1264:             1             24  io.netty.util.concurrent.FailedFuture
1265:             1             24  io.netty.util.internal.UnsafeAtomicLongFieldUpdater
1266:             1             24  io.vertx.core.eventbus.impl.CodecManager
1267:             1             24  io.vertx.core.http.impl.HttpServerImpl$HttpHandler
1268:             1             24  io.vertx.core.impl.AddressResolver
1269:             1             24  io.vertx.core.impl.BlockedThreadChecker
1270:             1             24  io.vertx.core.net.impl.NetServerImpl$$Lambda$40/421928476
1271:             1             24  io.vertx.core.net.impl.NetServerImpl$$Lambda$41/1948642995
1272:             1             24  io.vertx.core.net.impl.NetServerImpl$1
1273:             1             24  io.vertx.core.shareddata.impl.LocalMapImpl
1274:             1             24  io.vertx.ext.mongo.UpdateOptions
1275:             1             24  io.vertx.ext.mongo.impl.MongoClientImpl$$Lambda$15/225290371
1276:             1             24  io.vertx.redis.impl.RedisConnection$$Lambda$21/1735507635
1277:             1             24  io.vertx.redis.impl.RedisSubscriptions
1278:             1             24  java.lang.ClassValue$Version
1279:             1             24  java.lang.Double
1280:             1             24  java.lang.invoke.MethodHandleImpl$4
1281:             1             24  java.lang.invoke.MethodType$ConcurrentWeakInternSet
1282:             1             24  java.net.Inet6AddressImpl
1283:             1             24  java.net.InetAddress
1284:             1             24  java.net.SocketPermissionCollection
1285:             1             24  java.util.Collections$EmptyMap
1286:             1             24  java.util.Collections$SynchronizedRandomAccessList
1287:             1             24  java.util.Currency
1288:             1             24  java.util.Locale$Cache
1289:             1             24  java.util.ResourceBundle$Control$CandidateListCache
1290:             1             24  java.util.TaskQueue
1291:             1             24  java.util.Timer
1292:             1             24  java.util.concurrent.TimeUnit$1
1293:             1             24  java.util.concurrent.TimeUnit$2
1294:             1             24  java.util.concurrent.TimeUnit$3
1295:             1             24  java.util.concurrent.TimeUnit$4
1296:             1             24  java.util.concurrent.TimeUnit$5
1297:             1             24  java.util.concurrent.TimeUnit$6
1298:             1             24  java.util.concurrent.TimeUnit$7
1299:             1             24  java.util.concurrent.locks.ReentrantReadWriteLock$Sync$HoldCounter
1300:             1             24  java.util.logging.LogManager$LoggerContext
1301:             1             24  java.util.logging.LoggingPermission
1302:             1             24  java.util.regex.Pattern$CharProperty$1
1303:             1             24  java.util.regex.Pattern$Pos
1304:             1             24  java.util.regex.Pattern$Prolog
1305:             1             24  javax.crypto.CryptoAllPermissionCollection
1306:             1             24  javax.management.NotificationBroadcasterSupport
1307:             1             24  javax.management.remote.rmi.RMIJRMPServerImpl$ExportedWrapper
1308:             1             24  org.bson.codecs.DocumentCodecProvider
1309:             1             24  org.bson.codecs.UuidCodec
1310:             1             24  sun.launcher.LauncherHelper
1311:             1             24  sun.management.CompilationImpl
1312:             1             24  sun.management.MemoryImpl
1313:             1             24  sun.management.OperatingSystemImpl
1314:             1             24  sun.management.RuntimeImpl
1315:             1             24  sun.management.ThreadImpl
1316:             1             24  sun.management.VMManagementImpl
1317:             1             24  sun.net.dns.ResolverConfigurationImpl
1318:             1             24  sun.net.sdp.SdpProvider
1319:             1             24  sun.net.www.protocol.http.Handler
1320:             1             24  sun.nio.ch.DatagramSocketAdaptor$1
1321:             1             24  sun.nio.ch.ThreadPool
1322:             1             24  sun.nio.cs.ISO_8859_1
1323:             1             24  sun.nio.cs.ThreadLocalCoders$1
1324:             1             24  sun.nio.cs.ThreadLocalCoders$2
1325:             1             24  sun.nio.cs.US_ASCII
1326:             1             24  sun.nio.cs.UTF_16
1327:             1             24  sun.nio.cs.UTF_16BE
1328:             1             24  sun.nio.cs.UTF_16LE
1329:             1             24  sun.nio.cs.UTF_8
1330:             1             24  sun.rmi.runtime.RuntimeUtil$1
1331:             1             24  sun.rmi.transport.DGCImpl
1332:             1             24  sun.rmi.transport.SequenceEntry
1333:             1             24  sun.security.ssl.MAC
1334:             1             24  sun.util.locale.BaseLocale$Cache
1335:             1             24  sun.util.locale.provider.CalendarDataProviderImpl
1336:             1             24  sun.util.locale.provider.CalendarProviderImpl
1337:             1             24  sun.util.locale.provider.CurrencyNameProviderImpl
1338:             1             24  sun.util.locale.provider.DateFormatSymbolsProviderImpl
1339:             1             24  sun.util.locale.provider.DecimalFormatSymbolsProviderImpl
1340:             1             24  sun.util.locale.provider.NumberFormatProviderImpl
1341:             1             24  sun.util.locale.provider.TimeZoneNameProviderImpl
1342:             1             16  [Lcom.fasterxml.jackson.databind.AbstractTypeResolver;
1343:             1             16  [Lcom.fasterxml.jackson.databind.deser.BeanDeserializerModifier;
1344:             1             16  [Lcom.fasterxml.jackson.databind.deser.ValueInstantiators;
1345:             1             16  [Lcom.fasterxml.jackson.databind.ser.BeanSerializerModifier;
1346:             1             16  [Ljava.io.File;
1347:             1             16  [Ljava.lang.Throwable;
1348:             1             16  [Ljava.lang.management.LockInfo;
1349:             1             16  [Ljava.lang.management.MonitorInfo;
1350:             1             16  [Ljava.net.NetworkInterface;
1351:             1             16  [Ljava.net.URL;
1352:             1             16  [Ljava.nio.file.attribute.FileAttribute;
1353:             1             16  [Ljava.security.Provider;
1354:             1             16  [Ljava.security.cert.X509Certificate;
1355:             1             16  [Ljava.text.FieldPosition;
1356:             1             16  [Ljavax.security.cert.X509Certificate;
1357:             1             16  com.fasterxml.jackson.core.util.DefaultPrettyPrinter$FixedSpaceIndenter
1358:             1             16  com.fasterxml.jackson.core.util.DefaultPrettyPrinter$NopIndenter
1359:             1             16  com.fasterxml.jackson.databind.deser.BeanDeserializerFactory
1360:             1             16  com.fasterxml.jackson.databind.deser.std.NumberDeserializers$NumberDeserializer
1361:             1             16  com.fasterxml.jackson.databind.deser.std.StdKeyDeserializers
1362:             1             16  com.fasterxml.jackson.databind.deser.std.StringDeserializer
1363:             1             16  com.fasterxml.jackson.databind.deser.std.UntypedObjectDeserializer$Vanilla
1364:             1             16  com.fasterxml.jackson.databind.introspect.JacksonAnnotationIntrospector$Java7Support
1365:             1             16  com.fasterxml.jackson.databind.ser.impl.UnknownSerializer
1366:             1             16  com.fasterxml.jackson.databind.ser.std.NullSerializer
1367:             1             16  com.fasterxml.jackson.databind.ser.std.StringSerializer
1368:             1             16  com.fasterxml.jackson.databind.ser.std.ToStringSerializer
1369:             1             16  com.fasterxml.jackson.databind.ser.std.UUIDSerializer
1370:             1             16  com.fasterxml.jackson.databind.type.TypeParser
1371:             1             16  com.fasterxml.jackson.databind.util.ClassUtil$EmptyIterator
1372:             1             16  com.mongodb.ReadPreference$PrimaryReadPreference
1373:             1             16  com.mongodb.TaggableReadPreference$NearestReadPreference
1374:             1             16  com.mongodb.TaggableReadPreference$PrimaryPreferredReadPreference
1375:             1             16  com.mongodb.TaggableReadPreference$SecondaryPreferredReadPreference
1376:             1             16  com.mongodb.TaggableReadPreference$SecondaryReadPreference
1377:             1             16  com.mongodb.async.client.MongoClientImpl$2
1378:             1             16  com.mongodb.client.model.geojson.codecs.GeoJsonCodecProvider
1379:             1             16  com.mongodb.connection.AsynchronousSocketChannelStreamFactoryFactory
1380:             1             16  com.mongodb.connection.DefaultConnectionFactory
1381:             1             16  com.mongodb.connection.DefaultServer$DefaultServerStateListener
1382:             1             16  com.mongodb.connection.InternalStreamConnection$ErrorHandlingConnectionListener
1383:             1             16  com.mongodb.connection.InternalStreamConnectionInitializer
1384:             1             16  com.mongodb.connection.NoOpClusterListener
1385:             1             16  com.mongodb.connection.NoOpConnectionListener
1386:             1             16  com.mongodb.connection.SingleServerCluster$1
1387:             1             16  com.mongodb.connection.SslSettings
1388:             1             16  com.mongodb.internal.management.jmx.JMXMBeanServer
1389:             1             16  com.mongodb.management.JMXConnectionPoolListener
1390:             1             16  com.sun.jmx.interceptor.DefaultMBeanServerInterceptor$ResourceContext$1
1391:             1             16  com.sun.jmx.mbeanserver.DefaultMXBeanMappingFactory
1392:             1             16  com.sun.jmx.mbeanserver.DescriptorCache
1393:             1             16  com.sun.jmx.mbeanserver.MBeanAnalyzer$MethodOrder
1394:             1             16  com.sun.jmx.mbeanserver.MBeanInstantiator
1395:             1             16  com.sun.jmx.mbeanserver.MXBeanIntrospector
1396:             1             16  com.sun.jmx.mbeanserver.SecureClassLoaderRepository
1397:             1             16  com.sun.jmx.mbeanserver.StandardMBeanIntrospector
1398:             1             16  com.sun.jmx.remote.internal.ArrayNotificationBuffer$5
1399:             1             16  com.sun.jmx.remote.internal.ArrayNotificationBuffer$BroadcasterQuery
1400:             1             16  com.sun.jmx.remote.internal.ArrayNotificationBuffer$BufferListener
1401:             1             16  com.sun.jmx.remote.internal.ServerCommunicatorAdmin$Timeout
1402:             1             16  com.sun.jmx.remote.internal.ServerNotifForwarder$NotifForwarderBufferFilter
1403:             1             16  com.sun.jmx.remote.protocol.iiop.IIOPProxyImpl
1404:             1             16  com.sun.jmx.remote.security.SubjectDelegator
1405:             1             16  com.sun.proxy.$Proxy1
1406:             1             16  com.sun.proxy.$Proxy6
1407:             1             16  io.github.giovibal.mqtt.MQTTTopicsManagerOptimized
1408:             1             16  io.github.giovibal.mqtt.QOSUtils
1409:             1             16  io.github.giovibal.mqtt.persistence.StoreVerticle$$Lambda$26/1998035884
1410:             1             16  io.github.giovibal.mqtt.pushservice.PushServer$$Lambda$31/1762606713
1411:             1             16  io.github.giovibal.mqtt.pushservice.PushServer$$Lambda$32/1386760736
1412:             1             16  io.netty.buffer.ByteBufUtil$1
1413:             1             16  io.netty.buffer.ByteBufUtil$2
1414:             1             16  io.netty.buffer.PoolThreadCache$1
1415:             1             16  io.netty.channel.ChannelFutureListener$1
1416:             1             16  io.netty.channel.ChannelFutureListener$2
1417:             1             16  io.netty.channel.ChannelFutureListener$3
1418:             1             16  io.netty.channel.ChannelOutboundBuffer$1
1419:             1             16  io.netty.channel.DefaultChannelPipeline$1
1420:             1             16  io.netty.channel.DefaultMessageSizeEstimator
1421:             1             16  io.netty.channel.DefaultMessageSizeEstimator$HandleImpl
1422:             1             16  io.netty.channel.DefaultSelectStrategy
1423:             1             16  io.netty.channel.DefaultSelectStrategyFactory
1424:             1             16  io.netty.handler.codec.dns.DefaultDnsRecordDecoder
1425:             1             16  io.netty.handler.codec.dns.DefaultDnsRecordEncoder
1426:             1             16  io.netty.resolver.DefaultAddressResolverGroup
1427:             1             16  io.netty.resolver.DefaultHostsFileEntriesResolver
1428:             1             16  io.netty.resolver.dns.SingletonDnsServerAddresses$1
1429:             1             16  io.netty.util.Recycler$1
1430:             1             16  io.netty.util.Recycler$3
1431:             1             16  io.netty.util.ResourceLeakDetectorFactory$DefaultResourceLeakDetectorFactory
1432:             1             16  io.netty.util.ThreadDeathWatcher$Watcher
1433:             1             16  io.netty.util.concurrent.DefaultEventExecutorChooserFactory
1434:             1             16  io.netty.util.concurrent.DefaultPromise$CauseHolder
1435:             1             16  io.netty.util.concurrent.DefaultThreadFactory$DefaultRunnableDecorator
1436:             1             16  io.netty.util.concurrent.GlobalEventExecutor$1
1437:             1             16  io.netty.util.concurrent.GlobalEventExecutor$TaskRunner
1438:             1             16  io.netty.util.concurrent.RejectedExecutionHandlers$1
1439:             1             16  io.netty.util.concurrent.SingleThreadEventExecutor$1
1440:             1             16  io.netty.util.concurrent.SingleThreadEventExecutor$2
1441:             1             16  io.netty.util.internal.NoOpTypeParameterMatcher
1442:             1             16  io.netty.util.internal.logging.JdkLoggerFactory
1443:             1             16  io.netty.util.internal.logging.Log4JLoggerFactory
1444:             1             16  io.netty.util.internal.logging.Slf4JLoggerFactory
1445:             1             16  io.vertx.core.cli.impl.DefaultCommandLine$$Lambda$10/1128032093
1446:             1             16  io.vertx.core.cli.impl.DefaultParser$$Lambda$1/1880587981
1447:             1             16  io.vertx.core.cli.impl.DefaultParser$$Lambda$2/1867750575
1448:             1             16  io.vertx.core.cli.impl.DefaultParser$$Lambda$3/2046562095
1449:             1             16  io.vertx.core.cli.impl.DefaultParser$$Lambda$4/1587487668
1450:             1             16  io.vertx.core.eventbus.impl.codecs.BooleanMessageCodec
1451:             1             16  io.vertx.core.eventbus.impl.codecs.BufferMessageCodec
1452:             1             16  io.vertx.core.eventbus.impl.codecs.ByteArrayMessageCodec
1453:             1             16  io.vertx.core.eventbus.impl.codecs.ByteMessageCodec
1454:             1             16  io.vertx.core.eventbus.impl.codecs.CharMessageCodec
1455:             1             16  io.vertx.core.eventbus.impl.codecs.DoubleMessageCodec
1456:             1             16  io.vertx.core.eventbus.impl.codecs.FloatMessageCodec
1457:             1             16  io.vertx.core.eventbus.impl.codecs.IntMessageCodec
1458:             1             16  io.vertx.core.eventbus.impl.codecs.JsonArrayMessageCodec
1459:             1             16  io.vertx.core.eventbus.impl.codecs.JsonObjectMessageCodec
1460:             1             16  io.vertx.core.eventbus.impl.codecs.LongMessageCodec
1461:             1             16  io.vertx.core.eventbus.impl.codecs.NullMessageCodec
1462:             1             16  io.vertx.core.eventbus.impl.codecs.PingMessageCodec
1463:             1             16  io.vertx.core.eventbus.impl.codecs.ReplyExceptionMessageCodec
1464:             1             16  io.vertx.core.eventbus.impl.codecs.ShortMessageCodec
1465:             1             16  io.vertx.core.eventbus.impl.codecs.StringMessageCodec
1466:             1             16  io.vertx.core.file.impl.FileSystemImpl
1467:             1             16  io.vertx.core.impl.FileResolver$$Lambda$12/1160003871
1468:             1             16  io.vertx.core.impl.FutureFactoryImpl
1469:             1             16  io.vertx.core.impl.JavaVerticleFactory
1470:             1             16  io.vertx.core.impl.VertxFactoryImpl
1471:             1             16  io.vertx.core.json.Json$JsonArraySerializer
1472:             1             16  io.vertx.core.json.Json$JsonObjectSerializer
1473:             1             16  io.vertx.core.json.JsonArray
1474:             1             16  io.vertx.core.logging.JULLogDelegateFactory
1475:             1             16  io.vertx.core.metrics.impl.DummyVertxMetrics
1476:             1             16  io.vertx.core.metrics.impl.DummyVertxMetrics$DummyEventBusMetrics
1477:             1             16  io.vertx.core.metrics.impl.DummyVertxMetrics$DummyHttpServerMetrics
1478:             1             16  io.vertx.core.metrics.impl.DummyVertxMetrics$DummyTCPMetrics
1479:             1             16  io.vertx.core.net.impl.PartialPooledByteBufAllocator
1480:             1             16  io.vertx.ext.mongo.impl.codec.json.JsonObjectCodec
1481:             1             16  io.vertx.redis.RedisOptions
1482:             1             16  io.vertx.redis.impl.RedisClientImpl$RedisTransactionImpl
1483:             1             16  io.vertx.redis.impl.RedisConnection$$Lambda$20/817978763
1484:             1             16  java.io.FileDescriptor$1
1485:             1             16  java.io.ObjectInputStream$$Lambda$53/945312452
1486:             1             16  java.lang.ApplicationShutdownHooks$1
1487:             1             16  java.lang.CharacterData00
1488:             1             16  java.lang.CharacterDataLatin1
1489:             1             16  java.lang.ClassValue$Identity
1490:             1             16  java.lang.Float
1491:             1             16  java.lang.Runtime
1492:             1             16  java.lang.String$CaseInsensitiveComparator
1493:             1             16  java.lang.System$2
1494:             1             16  java.lang.Terminator$1
1495:             1             16  java.lang.invoke.MemberName$Factory
1496:             1             16  java.lang.invoke.MethodHandleImpl$2
1497:             1             16  java.lang.invoke.MethodHandleImpl$3
1498:             1             16  java.lang.management.PlatformComponent$1
1499:             1             16  java.lang.management.PlatformComponent$10
1500:             1             16  java.lang.management.PlatformComponent$11
1501:             1             16  java.lang.management.PlatformComponent$12
1502:             1             16  java.lang.management.PlatformComponent$13
1503:             1             16  java.lang.management.PlatformComponent$14
1504:             1             16  java.lang.management.PlatformComponent$15
1505:             1             16  java.lang.management.PlatformComponent$2
1506:             1             16  java.lang.management.PlatformComponent$3
1507:             1             16  java.lang.management.PlatformComponent$4
1508:             1             16  java.lang.management.PlatformComponent$5
1509:             1             16  java.lang.management.PlatformComponent$6
1510:             1             16  java.lang.management.PlatformComponent$7
1511:             1             16  java.lang.management.PlatformComponent$8
1512:             1             16  java.lang.management.PlatformComponent$9
1513:             1             16  java.lang.ref.Reference$1
1514:             1             16  java.lang.ref.Reference$Lock
1515:             1             16  java.lang.reflect.Proxy$KeyFactory
1516:             1             16  java.lang.reflect.Proxy$ProxyClassFactory
1517:             1             16  java.lang.reflect.ReflectAccess
1518:             1             16  java.math.BigDecimal$1
1519:             1             16  java.net.InetAddress$2
1520:             1             16  java.net.URLClassLoader$7
1521:             1             16  java.nio.Bits$1
1522:             1             16  java.nio.Bits$1$1
1523:             1             16  java.nio.charset.CoderResult$1
1524:             1             16  java.nio.charset.CoderResult$2
1525:             1             16  java.rmi.server.RMIClassLoader$2
1526:             1             16  java.rmi.server.RemoteObjectInvocationHandler
1527:             1             16  java.rmi.server.RemoteObjectInvocationHandler$MethodToHash_Maps
1528:             1             16  java.security.AllPermission
1529:             1             16  java.security.ProtectionDomain$2
1530:             1             16  java.security.ProtectionDomain$JavaSecurityAccessImpl
1531:             1             16  java.util.Collections$EmptyIterator
1532:             1             16  java.util.Collections$EmptyList
1533:             1             16  java.util.Collections$EmptySet
1534:             1             16  java.util.Collections$UnmodifiableCollection
1535:             1             16  java.util.Currency$CurrencyNameGetter
1536:             1             16  java.util.EnumMap$1
1537:             1             16  java.util.Hashtable$EntrySet
1538:             1             16  java.util.ResourceBundle$Control
1539:             1             16  java.util.Timer$1
1540:             1             16  java.util.concurrent.ThreadPoolExecutor$AbortPolicy
1541:             1             16  java.util.jar.JavaUtilJarAccessImpl
1542:             1             16  java.util.logging.LoggingProxyImpl
1543:             1             16  java.util.regex.Pattern$4
1544:             1             16  java.util.regex.Pattern$Begin
1545:             1             16  java.util.regex.Pattern$Caret
1546:             1             16  java.util.regex.Pattern$LastNode
1547:             1             16  java.util.regex.Pattern$Node
1548:             1             16  java.util.stream.Collectors$$Lambda$5/933699219
1549:             1             16  java.util.stream.Collectors$$Lambda$6/1896277646
1550:             1             16  java.util.stream.Collectors$$Lambda$7/1996181658
1551:             1             16  java.util.stream.Collectors$$Lambda$8/521645586
1552:             1             16  java.util.zip.ZipFile$1
1553:             1             16  javax.crypto.JceSecurityManager
1554:             1             16  javax.management.JMX
1555:             1             16  javax.management.MBeanServerBuilder
1556:             1             16  javax.management.NotificationBroadcasterSupport$1
1557:             1             16  javax.management.remote.rmi.RMIConnectionImpl_Stub
1558:             1             16  org.bson.BsonNull
1559:             1             16  org.bson.codecs.AtomicBooleanCodec
1560:             1             16  org.bson.codecs.AtomicIntegerCodec
1561:             1             16  org.bson.codecs.AtomicLongCodec
1562:             1             16  org.bson.codecs.BinaryCodec
1563:             1             16  org.bson.codecs.BsonArrayCodec
1564:             1             16  org.bson.codecs.BsonTypeClassMap
1565:             1             16  org.bson.codecs.ByteArrayCodec
1566:             1             16  org.bson.codecs.ByteCodec
1567:             1             16  org.bson.codecs.CharacterCodec
1568:             1             16  org.bson.codecs.CodeCodec
1569:             1             16  org.bson.codecs.DateCodec
1570:             1             16  org.bson.codecs.FloatCodec
1571:             1             16  org.bson.codecs.MaxKeyCodec
1572:             1             16  org.bson.codecs.MinKeyCodec
1573:             1             16  org.bson.codecs.ObjectIdCodec
1574:             1             16  org.bson.codecs.PatternCodec
1575:             1             16  org.bson.codecs.ShortCodec
1576:             1             16  org.bson.codecs.SymbolCodec
1577:             1             16  org.bson.codecs.ValueCodecProvider
1578:             1             16  org.bson.codecs.configuration.Optional$1
1579:             1             16  sun.management.ClassLoadingImpl
1580:             1             16  sun.management.GarbageCollectionNotifInfoCompositeData$1
1581:             1             16  sun.management.GcInfoCompositeData$1
1582:             1             16  sun.management.GcInfoCompositeData$2
1583:             1             16  sun.management.HotSpotDiagnostic
1584:             1             16  sun.management.ManagementFactoryHelper$PlatformLoggingImpl
1585:             1             16  sun.management.jmxremote.ConnectorBootstrap$PermanentExporter
1586:             1             16  sun.management.jmxremote.LocalRMIServerSocketFactory
1587:             1             16  sun.misc.ASCIICaseInsensitiveComparator
1588:             1             16  sun.misc.FloatingDecimal$1
1589:             1             16  sun.misc.Launcher
1590:             1             16  sun.misc.Launcher$Factory
1591:             1             16  sun.misc.Perf
1592:             1             16  sun.misc.Unsafe
1593:             1             16  sun.net.ExtendedOptionsImpl$$Lambda$18/2022908125
1594:             1             16  sun.net.dns.OptionsImpl
1595:             1             16  sun.net.www.protocol.file.Handler
1596:             1             16  sun.net.www.protocol.jar.JarFileFactory
1597:             1             16  sun.nio.ch.DatagramDispatcher
1598:             1             16  sun.nio.ch.EPollPort$EventHandlerTask
1599:             1             16  sun.nio.ch.EPollSelectorProvider
1600:             1             16  sun.nio.ch.ExtendedSocketOption$1
1601:             1             16  sun.nio.ch.FileChannelImpl$1
1602:             1             16  sun.nio.ch.Invoker$1
1603:             1             16  sun.nio.ch.LinuxAsynchronousChannelProvider
1604:             1             16  sun.nio.ch.Net$1
1605:             1             16  sun.nio.ch.ThreadPool$$Lambda$17/2048160680
1606:             1             16  sun.nio.ch.UnixAsynchronousSocketChannelImpl$1
1607:             1             16  sun.nio.ch.UnixAsynchronousSocketChannelImpl$2
1608:             1             16  sun.nio.ch.Util$1
1609:             1             16  sun.nio.fs.LinuxFileSystemProvider
1610:             1             16  sun.reflect.GeneratedConstructorAccessor1
1611:             1             16  sun.reflect.GeneratedConstructorAccessor2
1612:             1             16  sun.reflect.GeneratedConstructorAccessor3
1613:             1             16  sun.reflect.GeneratedConstructorAccessor4
1614:             1             16  sun.reflect.GeneratedConstructorAccessor5
1615:             1             16  sun.reflect.GeneratedConstructorAccessor6
1616:             1             16  sun.reflect.GeneratedConstructorAccessor7
1617:             1             16  sun.reflect.GeneratedConstructorAccessor8
1618:             1             16  sun.reflect.GeneratedConstructorAccessor9
1619:             1             16  sun.reflect.GeneratedMethodAccessor1
1620:             1             16  sun.reflect.GeneratedMethodAccessor10
1621:             1             16  sun.reflect.GeneratedMethodAccessor11
1622:             1             16  sun.reflect.GeneratedMethodAccessor12
1623:             1             16  sun.reflect.GeneratedMethodAccessor13
1624:             1             16  sun.reflect.GeneratedMethodAccessor14
1625:             1             16  sun.reflect.GeneratedMethodAccessor15
1626:             1             16  sun.reflect.GeneratedMethodAccessor16
1627:             1             16  sun.reflect.GeneratedMethodAccessor17
1628:             1             16  sun.reflect.GeneratedMethodAccessor18
1629:             1             16  sun.reflect.GeneratedMethodAccessor19
1630:             1             16  sun.reflect.GeneratedMethodAccessor2
1631:             1             16  sun.reflect.GeneratedMethodAccessor20
1632:             1             16  sun.reflect.GeneratedMethodAccessor21
1633:             1             16  sun.reflect.GeneratedMethodAccessor22
1634:             1             16  sun.reflect.GeneratedMethodAccessor23
1635:             1             16  sun.reflect.GeneratedMethodAccessor24
1636:             1             16  sun.reflect.GeneratedMethodAccessor25
1637:             1             16  sun.reflect.GeneratedMethodAccessor26
1638:             1             16  sun.reflect.GeneratedMethodAccessor27
1639:             1             16  sun.reflect.GeneratedMethodAccessor28
1640:             1             16  sun.reflect.GeneratedMethodAccessor29
1641:             1             16  sun.reflect.GeneratedMethodAccessor3
1642:             1             16  sun.reflect.GeneratedMethodAccessor30
1643:             1             16  sun.reflect.GeneratedMethodAccessor31
1644:             1             16  sun.reflect.GeneratedMethodAccessor32
1645:             1             16  sun.reflect.GeneratedMethodAccessor33
1646:             1             16  sun.reflect.GeneratedMethodAccessor34
1647:             1             16  sun.reflect.GeneratedMethodAccessor35
1648:             1             16  sun.reflect.GeneratedMethodAccessor36
1649:             1             16  sun.reflect.GeneratedMethodAccessor37
1650:             1             16  sun.reflect.GeneratedMethodAccessor38
1651:             1             16  sun.reflect.GeneratedMethodAccessor39
1652:             1             16  sun.reflect.GeneratedMethodAccessor4
1653:             1             16  sun.reflect.GeneratedMethodAccessor40
1654:             1             16  sun.reflect.GeneratedMethodAccessor41
1655:             1             16  sun.reflect.GeneratedMethodAccessor42
1656:             1             16  sun.reflect.GeneratedMethodAccessor43
1657:             1             16  sun.reflect.GeneratedMethodAccessor44
1658:             1             16  sun.reflect.GeneratedMethodAccessor45
1659:             1             16  sun.reflect.GeneratedMethodAccessor46
1660:             1             16  sun.reflect.GeneratedMethodAccessor47
1661:             1             16  sun.reflect.GeneratedMethodAccessor48
1662:             1             16  sun.reflect.GeneratedMethodAccessor49
1663:             1             16  sun.reflect.GeneratedMethodAccessor5
1664:             1             16  sun.reflect.GeneratedMethodAccessor50
1665:             1             16  sun.reflect.GeneratedMethodAccessor51
1666:             1             16  sun.reflect.GeneratedMethodAccessor52
1667:             1             16  sun.reflect.GeneratedMethodAccessor53
1668:             1             16  sun.reflect.GeneratedMethodAccessor54
1669:             1             16  sun.reflect.GeneratedMethodAccessor55
1670:             1             16  sun.reflect.GeneratedMethodAccessor56
1671:             1             16  sun.reflect.GeneratedMethodAccessor57
1672:             1             16  sun.reflect.GeneratedMethodAccessor58
1673:             1             16  sun.reflect.GeneratedMethodAccessor59
1674:             1             16  sun.reflect.GeneratedMethodAccessor6
1675:             1             16  sun.reflect.GeneratedMethodAccessor60
1676:             1             16  sun.reflect.GeneratedMethodAccessor61
1677:             1             16  sun.reflect.GeneratedMethodAccessor62
1678:             1             16  sun.reflect.GeneratedMethodAccessor63
1679:             1             16  sun.reflect.GeneratedMethodAccessor64
1680:             1             16  sun.reflect.GeneratedMethodAccessor65
1681:             1             16  sun.reflect.GeneratedMethodAccessor66
1682:             1             16  sun.reflect.GeneratedMethodAccessor67
1683:             1             16  sun.reflect.GeneratedMethodAccessor68
1684:             1             16  sun.reflect.GeneratedMethodAccessor69
1685:             1             16  sun.reflect.GeneratedMethodAccessor7
1686:             1             16  sun.reflect.GeneratedMethodAccessor70
1687:             1             16  sun.reflect.GeneratedMethodAccessor71
1688:             1             16  sun.reflect.GeneratedMethodAccessor72
1689:             1             16  sun.reflect.GeneratedMethodAccessor73
1690:             1             16  sun.reflect.GeneratedMethodAccessor74
1691:             1             16  sun.reflect.GeneratedMethodAccessor75
1692:             1             16  sun.reflect.GeneratedMethodAccessor76
1693:             1             16  sun.reflect.GeneratedMethodAccessor8
1694:             1             16  sun.reflect.GeneratedMethodAccessor9
1695:             1             16  sun.reflect.GeneratedSerializationConstructorAccessor1
1696:             1             16  sun.reflect.GeneratedSerializationConstructorAccessor10
1697:             1             16  sun.reflect.GeneratedSerializationConstructorAccessor11
1698:             1             16  sun.reflect.GeneratedSerializationConstructorAccessor12
1699:             1             16  sun.reflect.GeneratedSerializationConstructorAccessor13
1700:             1             16  sun.reflect.GeneratedSerializationConstructorAccessor14
1701:             1             16  sun.reflect.GeneratedSerializationConstructorAccessor15
1702:             1             16  sun.reflect.GeneratedSerializationConstructorAccessor16
1703:             1             16  sun.reflect.GeneratedSerializationConstructorAccessor17
1704:             1             16  sun.reflect.GeneratedSerializationConstructorAccessor18
1705:             1             16  sun.reflect.GeneratedSerializationConstructorAccessor19
1706:             1             16  sun.reflect.GeneratedSerializationConstructorAccessor2
1707:             1             16  sun.reflect.GeneratedSerializationConstructorAccessor20
1708:             1             16  sun.reflect.GeneratedSerializationConstructorAccessor21
1709:             1             16  sun.reflect.GeneratedSerializationConstructorAccessor22
1710:             1             16  sun.reflect.GeneratedSerializationConstructorAccessor23
1711:             1             16  sun.reflect.GeneratedSerializationConstructorAccessor24
1712:             1             16  sun.reflect.GeneratedSerializationConstructorAccessor25
1713:             1             16  sun.reflect.GeneratedSerializationConstructorAccessor26
1714:             1             16  sun.reflect.GeneratedSerializationConstructorAccessor27
1715:             1             16  sun.reflect.GeneratedSerializationConstructorAccessor28
1716:             1             16  sun.reflect.GeneratedSerializationConstructorAccessor29
1717:             1             16  sun.reflect.GeneratedSerializationConstructorAccessor3
1718:             1             16  sun.reflect.GeneratedSerializationConstructorAccessor30
1719:             1             16  sun.reflect.GeneratedSerializationConstructorAccessor31
1720:             1             16  sun.reflect.GeneratedSerializationConstructorAccessor32
1721:             1             16  sun.reflect.GeneratedSerializationConstructorAccessor33
1722:             1             16  sun.reflect.GeneratedSerializationConstructorAccessor34
1723:             1             16  sun.reflect.GeneratedSerializationConstructorAccessor35
1724:             1             16  sun.reflect.GeneratedSerializationConstructorAccessor36
1725:             1             16  sun.reflect.GeneratedSerializationConstructorAccessor37
1726:             1             16  sun.reflect.GeneratedSerializationConstructorAccessor38
1727:             1             16  sun.reflect.GeneratedSerializationConstructorAccessor39
1728:             1             16  sun.reflect.GeneratedSerializationConstructorAccessor4
1729:             1             16  sun.reflect.GeneratedSerializationConstructorAccessor40
1730:             1             16  sun.reflect.GeneratedSerializationConstructorAccessor41
1731:             1             16  sun.reflect.GeneratedSerializationConstructorAccessor5
1732:             1             16  sun.reflect.GeneratedSerializationConstructorAccessor6
1733:             1             16  sun.reflect.GeneratedSerializationConstructorAccessor7
1734:             1             16  sun.reflect.GeneratedSerializationConstructorAccessor8
1735:             1             16  sun.reflect.GeneratedSerializationConstructorAccessor9
1736:             1             16  sun.reflect.ReflectionFactory
1737:             1             16  sun.reflect.generics.tree.BottomSignature
1738:             1             16  sun.reflect.generics.tree.VoidDescriptor
1739:             1             16  sun.rmi.runtime.Log$LoggerLogFactory
1740:             1             16  sun.rmi.runtime.RuntimeUtil
1741:             1             16  sun.rmi.server.UnicastRef
1742:             1             16  sun.rmi.server.UnicastServerRef$HashToMethod_Maps
1743:             1             16  sun.rmi.transport.DGCImpl$1
1744:             1             16  sun.rmi.transport.DGCImpl_Skel
1745:             1             16  sun.rmi.transport.DGCImpl_Stub
1746:             1             16  sun.rmi.transport.proxy.RMIDirectSocketFactory
1747:             1             16  sun.rmi.transport.tcp.TCPTransport$1
1748:             1             16  sun.security.rsa.RSAKeyFactory
1749:             1             16  sun.security.ssl.DummyX509KeyManager
1750:             1             16  sun.security.ssl.SessionId
1751:             1             16  sun.security.util.AlgorithmDecomposer
1752:             1             16  sun.security.util.ByteArrayLexOrder
1753:             1             16  sun.security.util.ByteArrayTagOrder
1754:             1             16  sun.security.x509.GeneralSubtrees
1755:             1             16  sun.util.calendar.Gregorian
1756:             1             16  sun.util.locale.provider.AuxLocaleProviderAdapter$NullProvider
1757:             1             16  sun.util.locale.provider.CalendarDataUtility$CalendarWeekParameterGetter
1758:             1             16  sun.util.locale.provider.SPILocaleProviderAdapter
1759:             1             16  sun.util.locale.provider.TimeZoneNameUtility$TimeZoneNameGetter
1760:             1             16  sun.util.resources.LocaleData
1761:             1             16  sun.util.resources.LocaleData$LocaleDataResourceBundleControl
Total      11587905      401938008
